*** Using Compiler 'V5.06 update 7 (build 960)', folder: 'D:\software1\Keil_v5\ARM\ARMCC\Bin'
Rebuild target 'temperature_control_blender_hal'
assembling startup_stm32f103xe.s...
compiling spi.c...
compiling stm32f1xx_hal_timebase_tim.c...
compiling can.c...
compiling tim.c...
compiling stm32f1xx_it.c...
compiling i2c.c...
compiling usart.c...
compiling stm32f1xx_hal_can.c...
compiling gpio.c...
compiling stm32f1xx_hal_msp.c...
compiling stm32f1xx_hal_gpio_ex.c...
compiling adc.c...
compiling stm32f1xx_hal_tim_ex.c...
compiling stm32f1xx_hal_tim.c...
compiling main.c...
compiling stm32f1xx_hal.c...
compiling stm32f1xx_hal_adc.c...
compiling App_buzzer.c...
compiling stm32f1xx_hal_adc_ex.c...
compiling stm32f1xx_hal_rcc_ex.c...
compiling stm32f1xx_hal_rcc.c...
compiling stm32f1xx_hal_cortex.c...
compiling stm32f1xx_hal_gpio.c...
compiling stm32f1xx_hal_flash.c...
compiling stm32f1xx_hal_exti.c...
compiling stm32f1xx_hal_pwr.c...
compiling stm32f1xx_hal_dma.c...
compiling stm32f1xx_hal_uart.c...
compiling stm32f1xx_hal_flash_ex.c...
compiling stm32f1xx_hal_i2c.c...
compiling stm32f1xx_hal_spi.c...
compiling system_stm32f1xx.c...
compiling App_main.c...
linking...
temperature_control_blender_hal\temperature_control_blender_hal.axf: Error: L6218E: Undefined symbol vTaskDelay (referred from app_main.o).
Not enough information to list image symbols.
Not enough information to list load addresses in the image map.
Finished: 2 information, 0 warning and 1 error messages.
"temperature_control_blender_hal\temperature_control_blender_hal.axf" - 1 Error(s), 0 Warning(s).
Target not created.
Build Time Elapsed:  00:00:15
