*** Using Compiler 'V5.06 update 7 (build 960)', folder: 'D:\software1\Keil_v5\ARM\ARMCC\Bin'
Build target 'temperature_control_blender_hal'
compiling porttimer.c...
compiling portserial.c...
compiling mbutils.c...
compiling mbfuncdisc.c...
compiling mbcrc.c...
compiling mbfuncholding.c...
compiling mbfuncinput.c...
compiling mbfunccoils.c...
compiling mbrtu.c...
compiling mbfuncfile.c...
compiling mbfuncother.c...
compiling mb.c...
compiling App_modbus.c...
compiling portevent.c...
linking...
Program Size: Code=63520 RO-data=7096 RW-data=628 ZI-data=28684  
FromELF: creating hex file...
"temperature_control_blender_hal\temperature_control_blender_hal.axf" - 0 Error(s), 0 Warning(s).
Build Time Elapsed:  00:00:12
