*** Using Compiler 'V5.06 update 7 (build 960)', folder: 'D:\software1\Keil_v5\ARM\ARMCC\Bin'
Rebuild target 'temperature_control_blender_hal'
assembling startup_stm32f103xe.s...
compiling tim.c...
compiling can.c...
compiling spi.c...
compiling adc.c...
compiling usart.c...
compiling stm32f1xx_hal_gpio_ex.c...
compiling stm32f1xx_hal_timebase_tim.c...
compiling gpio.c...
compiling stm32f1xx_hal_can.c...
compiling i2c.c...
compiling stm32f1xx_hal_msp.c...
compiling stm32f1xx_it.c...
compiling main.c...
compiling stm32f1xx_hal_tim_ex.c...
compiling stm32f1xx_hal_tim.c...
compiling stm32f1xx_hal.c...
compiling stm32f1xx_hal_exti.c...
compiling stm32f1xx_hal_cortex.c...
compiling stm32f1xx_hal_flash_ex.c...
compiling stm32f1xx_hal_rcc_ex.c...
compiling App_m24c02.c...
compiling stm32f1xx_hal_gpio.c...
compiling stm32f1xx_hal_flash.c...
compiling stm32f1xx_hal_pwr.c...
compiling stm32f1xx_hal_adc.c...
compiling stm32f1xx_hal_adc_ex.c...
compiling stm32f1xx_hal_rcc.c...
compiling stm32f1xx_hal_i2c.c...
compiling stm32f1xx_hal_dma.c...
compiling stm32f1xx_hal_spi.c...
compiling stm32f1xx_hal_uart.c...
compiling system_stm32f1xx.c...
compiling App_storage.c...
compiling App_main.c...
User\App\App_main.c(65): warning:  #223-D: function "App_StorageInit" declared implicitly
      switch (App_StorageInit())
User\App\App_main.c(67): error:  #20: identifier "APP_STORAGE_INIT_LOADED" is undefined
          case APP_STORAGE_INIT_LOADED:
User\App\App_main.c(70): error:  #20: identifier "APP_STORAGE_INIT_DEFAULT" is undefined
          case APP_STORAGE_INIT_DEFAULT:
User\App\App_main.c(106): error:  #20: identifier "App_StorageTask" is undefined
      if (xTaskCreate(App_StorageTask, "Storage", APP_STORAGE_TASK_STACK_SIZE, NULL, APP_TASK_PRIORITY_STORAGE, NULL) != pdPASS)
User\App\App_main.c: 1 warning, 3 errors
compiling Int_I2C2.c...
compiling Com_debug.c...
compiling event_groups.c...
compiling App_buzzer.c...
compiling drv_m24c02.c...
compiling App_system.c...
compiling list.c...
compiling croutine.c...
compiling tasks.c...
compiling queue.c...
compiling timers.c...
compiling stream_buffer.c...
compiling heap_4.c...
compiling port.c...
"temperature_control_blender_hal\temperature_control_blender_hal.axf" - 3 Error(s), 1 Warning(s).
Target not created.
Build Time Elapsed:  00:00:18
