Component: ARM Compiler 5.06 update 7 (build 960) Tool: armlink [4d3601]

==============================================================================

Section Cross References

    startup_stm32f103xe.o(RESET) refers to startup_stm32f103xe.o(STACK) for __initial_sp
    startup_stm32f103xe.o(RESET) refers to startup_stm32f103xe.o(.text) for Reset_Handler
    startup_stm32f103xe.o(RESET) refers to stm32f1xx_it.o(i.NMI_Handler) for NMI_Handler
    startup_stm32f103xe.o(RESET) refers to stm32f1xx_it.o(i.HardFault_Handler) for HardFault_Handler
    startup_stm32f103xe.o(RESET) refers to stm32f1xx_it.o(i.MemManage_Handler) for MemManage_Handler
    startup_stm32f103xe.o(RESET) refers to stm32f1xx_it.o(i.BusFault_Handler) for BusFault_Handler
    startup_stm32f103xe.o(RESET) refers to stm32f1xx_it.o(i.UsageFault_Handler) for UsageFault_Handler
    startup_stm32f103xe.o(RESET) refers to port.o(.emb_text) for SVC_Handler
    startup_stm32f103xe.o(RESET) refers to stm32f1xx_it.o(i.DebugMon_Handler) for DebugMon_Handler
    startup_stm32f103xe.o(RESET) refers to port.o(i.SysTick_Handler) for SysTick_Handler
    startup_stm32f103xe.o(RESET) refers to stm32f1xx_it.o(i.EXTI3_IRQHandler) for EXTI3_IRQHandler
    startup_stm32f103xe.o(RESET) refers to stm32f1xx_it.o(i.EXTI4_IRQHandler) for EXTI4_IRQHandler
    startup_stm32f103xe.o(RESET) refers to stm32f1xx_it.o(i.DMA1_Channel1_IRQHandler) for DMA1_Channel1_IRQHandler
    startup_stm32f103xe.o(RESET) refers to stm32f1xx_it.o(i.USB_LP_CAN1_RX0_IRQHandler) for USB_LP_CAN1_RX0_IRQHandler
    startup_stm32f103xe.o(RESET) refers to stm32f1xx_it.o(i.EXTI9_5_IRQHandler) for EXTI9_5_IRQHandler
    startup_stm32f103xe.o(RESET) refers to stm32f1xx_it.o(i.USART2_IRQHandler) for USART2_IRQHandler
    startup_stm32f103xe.o(RESET) refers to stm32f1xx_it.o(i.EXTI15_10_IRQHandler) for EXTI15_10_IRQHandler
    startup_stm32f103xe.o(RESET) refers to stm32f1xx_it.o(i.UART4_IRQHandler) for UART4_IRQHandler
    startup_stm32f103xe.o(RESET) refers to stm32f1xx_it.o(i.TIM6_IRQHandler) for TIM6_IRQHandler
    startup_stm32f103xe.o(.text) refers to system_stm32f1xx.o(i.SystemInit) for SystemInit
    startup_stm32f103xe.o(.text) refers to entry.o(.ARM.Collect$$$$00000000) for __main
    can.o(i.HAL_CAN_MspInit) refers to stm32f1xx_hal_gpio.o(i.HAL_GPIO_Init) for HAL_GPIO_Init
    can.o(i.HAL_CAN_MspInit) refers to stm32f1xx_hal_cortex.o(i.HAL_NVIC_SetPriority) for HAL_NVIC_SetPriority
    can.o(i.HAL_CAN_MspInit) refers to stm32f1xx_hal_cortex.o(i.HAL_NVIC_EnableIRQ) for HAL_NVIC_EnableIRQ
    can.o(i.MX_CAN1_Init) refers to stm32f1xx_hal_can.o(i.HAL_CAN_Init) for HAL_CAN_Init
    can.o(i.MX_CAN1_Init) refers to main.o(i.Error_Handler) for Error_Handler
    can.o(i.MX_CAN1_Init) refers to can.o(.bss) for hcan1
    main.o(i.App_DebugLog) refers to strlen.o(.text) for strlen
    main.o(i.App_DebugLog) refers to stm32f1xx_hal_uart.o(i.HAL_UART_Transmit) for HAL_UART_Transmit
    main.o(i.App_DebugLog) refers to usart.o(.bss) for huart1
    main.o(i.HAL_TIM_PeriodElapsedCallback) refers to stm32f1xx_hal.o(i.HAL_IncTick) for HAL_IncTick
    main.o(i.SystemClock_Config) refers to memseta.o(.text) for __aeabi_memclr4
    main.o(i.SystemClock_Config) refers to stm32f1xx_hal_rcc.o(i.HAL_RCC_OscConfig) for HAL_RCC_OscConfig
    main.o(i.SystemClock_Config) refers to main.o(i.Error_Handler) for Error_Handler
    main.o(i.SystemClock_Config) refers to stm32f1xx_hal_rcc.o(i.HAL_RCC_ClockConfig) for HAL_RCC_ClockConfig
    main.o(i.SystemClock_Config) refers to stm32f1xx_hal_rcc_ex.o(i.HAL_RCCEx_PeriphCLKConfig) for HAL_RCCEx_PeriphCLKConfig
    main.o(i.main) refers to stm32f1xx_hal.o(i.HAL_Init) for HAL_Init
    main.o(i.main) refers to main.o(i.SystemClock_Config) for SystemClock_Config
    main.o(i.main) refers to gpio.o(i.MX_GPIO_Init) for MX_GPIO_Init
    main.o(i.main) refers to adc.o(i.MX_ADC1_Init) for MX_ADC1_Init
    main.o(i.main) refers to i2c.o(i.MX_I2C1_Init) for MX_I2C1_Init
    main.o(i.main) refers to i2c.o(i.MX_I2C2_Init) for MX_I2C2_Init
    main.o(i.main) refers to spi.o(i.MX_SPI2_Init) for MX_SPI2_Init
    main.o(i.main) refers to tim.o(i.MX_TIM1_Init) for MX_TIM1_Init
    main.o(i.main) refers to tim.o(i.MX_TIM2_Init) for MX_TIM2_Init
    main.o(i.main) refers to tim.o(i.MX_TIM3_Init) for MX_TIM3_Init
    main.o(i.main) refers to tim.o(i.MX_TIM4_Init) for MX_TIM4_Init
    main.o(i.main) refers to usart.o(i.MX_UART4_Init) for MX_UART4_Init
    main.o(i.main) refers to usart.o(i.MX_USART1_UART_Init) for MX_USART1_UART_Init
    main.o(i.main) refers to usart.o(i.MX_USART2_UART_Init) for MX_USART2_UART_Init
    main.o(i.main) refers to can.o(i.MX_CAN1_Init) for MX_CAN1_Init
    main.o(i.main) refers to app_main.o(i.App_main) for App_main
    main.o(i.vApplicationMallocFailedHook) refers to main.o(i.App_DebugLog) for App_DebugLog
    main.o(i.vApplicationStackOverflowHook) refers to main.o(i.App_DebugLog) for App_DebugLog
[...]
    __mathlib_logf                           0x0800c979   Thumb Code     0  logf.o(i.logf)
    logf                                     0x0800c979   Thumb Code   362  logf.o(i.logf)
    main                                     0x0800cb09   Thumb Code    68  main.o(i.main)
    prveMBError2Exception                    0x0800d6ad   Thumb Code    34  mbutils.o(i.prveMBError2Exception)
    pvPortMalloc                             0x0800d6d1   Thumb Code   484  heap_4.o(i.pvPortMalloc)
    pvTaskIncrementMutexHeldCount            0x0800d8d1   Thumb Code    14  tasks.o(i.pvTaskIncrementMutexHeldCount)
    pxPortInitialiseStack                    0x0800d8e5   Thumb Code    30  port.o(i.pxPortInitialiseStack)
    ssd1315_clear                            0x0800d909   Thumb Code   166  driver_ssd1315.o(i.ssd1315_clear)
    ssd1315_gram_update                      0x0800d9f1   Thumb Code   162  driver_ssd1315.o(i.ssd1315_gram_update)
    ssd1315_gram_write_string                0x0800dad5   Thumb Code   164  driver_ssd1315.o(i.ssd1315_gram_write_string)
    ssd1315_init                             0x0800db99   Thumb Code   384  driver_ssd1315.o(i.ssd1315_init)
    ssd1315_set_addr_pin                     0x0800dfb1   Thumb Code    16  driver_ssd1315.o(i.ssd1315_set_addr_pin)
    ssd1315_set_charge_pump                  0x0800dfc1   Thumb Code    70  driver_ssd1315.o(i.ssd1315_set_charge_pump)
    ssd1315_set_com_pins_hardware_conf       0x0800e007   Thumb Code    60  driver_ssd1315.o(i.ssd1315_set_com_pins_hardware_conf)
    ssd1315_set_contrast                     0x0800e043   Thumb Code    48  driver_ssd1315.o(i.ssd1315_set_contrast)
    ssd1315_set_deselect_level               0x0800e073   Thumb Code    52  driver_ssd1315.o(i.ssd1315_set_deselect_level)
    ssd1315_set_display                      0x0800e0a7   Thumb Code    50  driver_ssd1315.o(i.ssd1315_set_display)
    ssd1315_set_display_clock                0x0800e0d9   Thumb Code    84  driver_ssd1315.o(i.ssd1315_set_display_clock)
    ssd1315_set_display_mode                 0x0800e17d   Thumb Code    50  driver_ssd1315.o(i.ssd1315_set_display_mode)
    ssd1315_set_display_offset               0x0800e1b1   Thumb Code    62  driver_ssd1315.o(i.ssd1315_set_display_offset)
    ssd1315_set_display_start_line           0x0800e211   Thumb Code    56  driver_ssd1315.o(i.ssd1315_set_display_start_line)
    ssd1315_set_entire_display               0x0800e265   Thumb Code    50  driver_ssd1315.o(i.ssd1315_set_entire_display)
    ssd1315_set_interface                    0x0800e297   Thumb Code    16  driver_ssd1315.o(i.ssd1315_set_interface)
    ssd1315_set_memory_addressing_mode       0x0800e2a7   Thumb Code    48  driver_ssd1315.o(i.ssd1315_set_memory_addressing_mode)
    ssd1315_set_multiplex_ratio              0x0800e2d9   Thumb Code    76  driver_ssd1315.o(i.ssd1315_set_multiplex_ratio)
    ssd1315_set_precharge_period             0x0800e36d   Thumb Code    84  driver_ssd1315.o(i.ssd1315_set_precharge_period)
    ssd1315_set_scan_direction               0x0800e409   Thumb Code    50  driver_ssd1315.o(i.ssd1315_set_scan_direction)
    ssd1315_set_segment_remap                0x0800e43b   Thumb Code    50  driver_ssd1315.o(i.ssd1315_set_segment_remap)
    ulTaskGenericNotifyTake                  0x0800e46d   Thumb Code   196  tasks.o(i.ulTaskGenericNotifyTake)
    usMBCRC16                                0x0800e539   Thumb Code    48  mbcrc.o(i.usMBCRC16)
    uxListRemove                             0x0800e571   Thumb Code    40  list.o(i.uxListRemove)
    uxTaskGetNumberOfTasks                   0x0800e599   Thumb Code     6  tasks.o(i.uxTaskGetNumberOfTasks)
    vApplicationMallocFailedHook             0x0800e5a5   Thumb Code    28  main.o(i.vApplicationMallocFailedHook)
    vApplicationStackOverflowHook            0x0800e5d9   Thumb Code    52  main.o(i.vApplicationStackOverflowHook)
    vListInitialise                          0x0800e649   Thumb Code    26  list.o(i.vListInitialise)
    vListInitialiseItem                      0x0800e663   Thumb Code     6  list.o(i.vListInitialiseItem)
    vListInsert                              0x0800e669   Thumb Code    52  list.o(i.vListInsert)
    vMBPortSerialEnable                      0x0800e69d   Thumb Code    64  portserial.o(i.vMBPortSerialEnable)
    vMBPortTimersDisable                     0x0800e6f1   Thumb Code    92  porttimer.o(i.vMBPortTimersDisable)
    vMBPortTimersEnable                      0x0800e755   Thumb Code   106  porttimer.o(i.vMBPortTimersEnable)
    vPortEnterCritical                       0x0800e7c9   Thumb Code    76  port.o(i.vPortEnterCritical)
    vPortExitCritical                        0x0800e81d   Thumb Code    56  port.o(i.vPortExitCritical)
    vPortFree                                0x0800e859   Thumb Code   174  heap_4.o(i.vPortFree)
    vPortSetupTimerInterrupt                 0x0800e919   Thumb Code    36  port.o(i.vPortSetupTimerInterrupt)
    vPortValidateInterruptPriority           0x0800e941   Thumb Code   106  port.o(i.vPortValidateInterruptPriority)
    vQueueAddToRegistry                      0x0800e9b9   Thumb Code    90  queue.o(i.vQueueAddToRegistry)
    vQueueWaitForMessageRestricted           0x0800ea19   Thumb Code    74  queue.o(i.vQueueWaitForMessageRestricted)
    vTaskDelay                               0x0800ea65   Thumb Code    82  tasks.o(i.vTaskDelay)
    vTaskGenericNotifyGiveFromISR            0x0800eac1   Thumb Code   384  tasks.o(i.vTaskGenericNotifyGiveFromISR)
    vTaskInternalSetTimeOutState             0x0800ec59   Thumb Code    14  tasks.o(i.vTaskInternalSetTimeOutState)
    vTaskMissedYield                         0x0800ec71   Thumb Code     8  tasks.o(i.vTaskMissedYield)
    vTaskPlaceOnEventList                    0x0800ec7d   Thumb Code    52  tasks.o(i.vTaskPlaceOnEventList)
    vTaskPlaceOnEventListRestricted          0x0800ecb5   Thumb Code    98  tasks.o(i.vTaskPlaceOnEventListRestricted)
    vTaskPriorityDisinheritAfterTimeout      0x0800ed1d   Thumb Code   274  tasks.o(i.vTaskPriorityDisinheritAfterTimeout)
    vTaskStartScheduler                      0x0800ee3d   Thumb Code   106  tasks.o(i.vTaskStartScheduler)
    vTaskSuspendAll                          0x0800eeb9   Thumb Code    12  tasks.o(i.vTaskSuspendAll)
    vTaskSwitchContext                       0x0800eec9   Thumb Code   194  tasks.o(i.vTaskSwitchContext)
    xMBPortEventGet                          0x0800efa1   Thumb Code    52  portevent.o(i.xMBPortEventGet)
    xMBPortEventInit                         0x0800efdd   Thumb Code    36  portevent.o(i.xMBPortEventInit)
    xMBPortEventPost                         0x0800f005   Thumb Code   116  portevent.o(i.xMBPortEventPost)
    xMBPortSerialGetByte                     0x0800f085   Thumb Code    20  portserial.o(i.xMBPortSerialGetByte)
    xMBPortSerialInit                        0x0800f09d   Thumb Code    10  portserial.o(i.xMBPortSerialInit)
    xMBPortSerialPutByte                     0x0800f0a9   Thumb Code    60  portserial.o(i.xMBPortSerialPutByte)
    xMBPortTimersInit                        0x0800f0f5   Thumb Code    58  porttimer.o(i.xMBPortTimersInit)
    xMBRTUReceiveFSM                         0x0800f145   Thumb Code   122  mbrtu.o(i.xMBRTUReceiveFSM)
    xMBRTUTimerT35Expired                    0x0800f1cd   Thumb Code    60  mbrtu.o(i.xMBRTUTimerT35Expired)
    xMBRTUTransmitFSM                        0x0800f20d   Thumb Code    96  mbrtu.o(i.xMBRTUTransmitFSM)
    xPortStartScheduler                      0x0800f279   Thumb Code   228  port.o(i.xPortStartScheduler)
    xQueueCreateMutex                        0x0800f371   Thumb Code    34  queue.o(i.xQueueCreateMutex)
    xQueueGenericCreate                      0x0800f393   Thumb Code   102  queue.o(i.xQueueGenericCreate)
    xQueueGenericReset                       0x0800f3f9   Thumb Code   214  queue.o(i.xQueueGenericReset)
    xQueueGenericSend                        0x0800f4d5   Thumb Code   420  queue.o(i.xQueueGenericSend)
    xQueueGenericSendFromISR                 0x0800f67d   Thumb Code   298  queue.o(i.xQueueGenericSendFromISR)
    xQueueReceive                            0x0800f7a9   Thumb Code   356  queue.o(i.xQueueReceive)
    xQueueSemaphoreTake                      0x0800f911   Thumb Code   398  queue.o(i.xQueueSemaphoreTake)
    xTaskCheckForTimeOut                     0x0800faa5   Thumb Code   136  tasks.o(i.xTaskCheckForTimeOut)
    xTaskCreate                              0x0800fb35   Thumb Code    56  tasks.o(i.xTaskCreate)
    xTaskDelayUntil                          0x0800fb6d   Thumb Code   202  tasks.o(i.xTaskDelayUntil)
    xTaskGenericNotify                       0x0800fc45   Thumb Code   458  tasks.o(i.xTaskGenericNotify)
    xTaskGetCurrentTaskHandle                0x0800fe25   Thumb Code     6  tasks.o(i.xTaskGetCurrentTaskHandle)
    xTaskGetSchedulerState                   0x0800fe31   Thumb Code    24  tasks.o(i.xTaskGetSchedulerState)
    xTaskGetTickCount                        0x0800fe51   Thumb Code     6  tasks.o(i.xTaskGetTickCount)
    xTaskGetTickCountFromISR                 0x0800fe5d   Thumb Code    16  tasks.o(i.xTaskGetTickCountFromISR)
    xTaskIncrementTick                       0x0800fe71   Thumb Code   414  tasks.o(i.xTaskIncrementTick)
    xTaskPriorityDisinherit                  0x0801003d   Thumb Code   234  tasks.o(i.xTaskPriorityDisinherit)
    xTaskPriorityInherit                     0x08010135   Thumb Code   230  tasks.o(i.xTaskPriorityInherit)
    xTaskRemoveFromEventList                 0x08010229   Thumb Code   280  tasks.o(i.xTaskRemoveFromEventList)
    xTaskResumeAll                           0x08010359   Thumb Code   380  tasks.o(i.xTaskResumeAll)
    xTimerCreate                             0x080104f9   Thumb Code    54  timers.o(i.xTimerCreate)
    xTimerCreateTimerTask                    0x08010531   Thumb Code    64  timers.o(i.xTimerCreateTimerTask)
    xTimerGenericCommandFromISR              0x08010585   Thumb Code   118  timers.o(i.xTimerGenericCommandFromISR)
    xTimerGenericCommandFromTask             0x08010601   Thumb Code   142  timers.o(i.xTimerGenericCommandFromTask)
    xTimerPendFunctionCall                   0x08010695   Thumb Code    76  timers.o(i.xTimerPendFunctionCall)
    xTimerPendFunctionCallFromISR            0x080106e5   Thumb Code    48  timers.o(i.xTimerPendFunctionCallFromISR)
    AHBPrescTable                            0x0801073c   Data          16  system_stm32f1xx.o(.constdata)
    APBPrescTable                            0x0801074c   Data           8  system_stm32f1xx.o(.constdata)
    Region$$Table$$Base                      0x08012240   Number         0  anon$$obj.o(Region$$Table)
    Region$$Table$$Limit                     0x08012260   Number         0  anon$$obj.o(Region$$Table)
    uwTick                                   0x20000000   Data           4  stm32f1xx_hal.o(.data)
    uwTickPrio                               0x20000004   Data           4  stm32f1xx_hal.o(.data)
    uwTickFreq                               0x20000008   Data           1  stm32f1xx_hal.o(.data)
    SystemCoreClock                          0x2000000c   Data           4  system_stm32f1xx.o(.data)
    g_motorStatus                            0x20000018   Data           1  app_system.o(.data)
    g_focusState                             0x20000019   Data           2  app_system.o(.data)
    pxMBFrameCBByteReceived                  0x20000104   Data           4  mb.o(.data)
    pxMBFrameCBTransmitterEmpty              0x20000108   Data           4  mb.o(.data)
    pxMBPortCBTimerExpired                   0x2000010c   Data           4  mb.o(.data)
    pxMBFrameCBReceiveFSMCur                 0x20000110   Data           4  mb.o(.data)
    pxMBFrameCBTransmitFSMCur                0x20000114   Data           4  mb.o(.data)
    pxCurrentTCB                             0x200001f4   Data           4  tasks.o(.data)
    hcan1                                    0x20000274   Data          40  can.o(.bss)
    hadc1                                    0x2000029c   Data          48  adc.o(.bss)
    hdma_adc1                                0x200002cc   Data          68  adc.o(.bss)
    hi2c1                                    0x20000310   Data          84  i2c.o(.bss)
    hi2c2                                    0x20000364   Data          84  i2c.o(.bss)
    hspi2                                    0x200003b8   Data          88  spi.o(.bss)
    htim1                                    0x20000410   Data          72  tim.o(.bss)
    htim2                                    0x20000458   Data          72  tim.o(.bss)
    htim3                                    0x200004a0   Data          72  tim.o(.bss)
    htim4                                    0x200004e8   Data          72  tim.o(.bss)
    huart4                                   0x20000530   Data          72  usart.o(.bss)
    huart1                                   0x20000578   Data          72  usart.o(.bss)
    huart2                                   0x200005c0   Data          72  usart.o(.bss)
    htim6                                    0x20000608   Data          72  stm32f1xx_hal_timebase_tim.o(.bss)
    g_appData                                0x20000650   Data          52  app_system.o(.bss)
    ucRTUBuf                                 0x20000bf0   Data         256  mbrtu.o(.bss)
    xQueueRegistry                           0x20000d50   Data          64  queue.o(.bss)
    __initial_sp                             0x20007280   Data           0  startup_stm32f103xe.o(STACK)



==============================================================================

Memory Map of the image

  Image Entry point : 0x08000131

  Load Region LR_IROM1 (Base: 0x08000000, Size: 0x000124d4, Max: 0x00040000, ABSOLUTE, COMPRESSED[0x00012290])

    Execution Region ER_IROM1 (Exec base: 0x08000000, Load base: 0x08000000, Size: 0x00012260, Max: 0x00040000, ABSOLUTE)

    Exec Addr    Load Addr    Size         Type   Attr      Idx    E Section Name        Object

    0x08000000   0x08000000   0x00000130   Data   RO            3    RESET               startup_stm32f103xe.o
    0x08000130   0x08000130   0x00000000   Code   RO         8594  * .ARM.Collect$$$$00000000  mc_w.l(entry.o)
    0x08000130   0x08000130   0x00000004   Code   RO         8910    .ARM.Collect$$$$00000001  mc_w.l(entry2.o)
    0x08000134   0x08000134   0x00000004   Code   RO         8913    .ARM.Collect$$$$00000004  mc_w.l(entry5.o)
    0x08000138   0x08000138   0x00000000   Code   RO         8915    .ARM.Collect$$$$00000008  mc_w.l(entry7b.o)
    0x08000138   0x08000138   0x00000000   Code   RO         8917    .ARM.Collect$$$$0000000A  mc_w.l(entry8b.o)
    0x08000138   0x08000138   0x00000008   Code   RO         8918    .ARM.Collect$$$$0000000B  mc_w.l(entry9a.o)
    0x08000140   0x08000140   0x00000004   Code   RO         8925    .ARM.Collect$$$$0000000E  mc_w.l(entry12b.o)
    0x08000144   0x08000144   0x00000000   Code   RO         8920    .ARM.Collect$$$$0000000F  mc_w.l(entry10a.o)
    0x08000144   0x08000144   0x00000000   Code   RO         8922    .ARM.Collect$$$$00000011  mc_w.l(entry11a.o)
    0x08000144   0x08000144   0x00000004   Code   RO         8911    .ARM.Collect$$$$00002712  mc_w.l(entry2.o)
    0x08000148   0x08000148   0x00000096   Code   RO         8498    .emb_text           port.o
    0x080001de   0x080001de   0x00000002   PAD
    0x080001e0   0x080001e0   0x00000024   Code   RO            4    .text               startup_stm32f103xe.o
    0x08000204   0x08000204   0x00000062   Code   RO         8597    .text               mc_w.l(uldiv.o)
    0x08000266   0x08000266   0x00000020   Code   RO         8599    .text               mc_w.l(llushr.o)
    0x08000286   0x08000286   0x00000024   Code   RO         8601    .text               mc_w.l(memcpya.o)
    0x080002aa   0x080002aa   0x00000024   Code   RO         8605    .text               mc_w.l(memseta.o)
    0x080002ce   0x080002ce   0x0000000e   Code   RO         8609    .text               mc_w.l(strlen.o)
    0x080002dc   0x080002dc   0x0000001c   Code   RO         8611    .text               mc_w.l(strcmp.o)
    0x080002f8   0x080002f8   0x0000001e   Code   RO         8613    .text               mc_w.l(strncmp.o)
    0x08000316   0x08000316   0x000000b0   Code   RO         8878    .text               mf_w.l(fadd.o)
    0x080003c6   0x080003c6   0x00000064   Code   RO         8880    .text               mf_w.l(fmul.o)
    0x0800042a   0x0800042a   0x0000007c   Code   RO         8882    .text               mf_w.l(fdiv.o)
    0x080004a6   0x080004a6   0x00000012   Code   RO         8884    .text               mf_w.l(fflti.o)
    0x080004b8   0x080004b8   0x0000000a   Code   RO         8886    .text               mf_w.l(ffltui.o)
    0x080004c2   0x080004c2   0x00000032   Code   RO         8888    .text               mf_w.l(ffixi.o)
    0x080004f4   0x080004f4   0x00000028   Code   RO         8890    .text               mf_w.l(ffixui.o)
    0x0800051c   0x0800051c   0x00000014   Code   RO         8892    .text               mf_w.l(cfcmple.o)
    0x08000530   0x08000530   0x00000014   Code   RO         8894    .text               mf_w.l(cfrcmple.o)
    0x08000544   0x08000544   0x0000002c   Code   RO         8929    .text               mc_w.l(uidiv.o)
    0x08000570   0x08000570   0x0000001e   Code   RO         8931    .text               mc_w.l(llshl.o)
    0x0800058e   0x0800058e   0x00000000   Code   RO         8940    .text               mc_w.l(iusefp.o)
    0x0800058e   0x0800058e   0x0000006e   Code   RO         8941    .text               mf_w.l(fepilogue.o)
    0x080005fc   0x080005fc   0x00000018   Code   RO         8943    .text               mf_w.l(fscalb.o)
    0x08000614   0x08000614   0x0000014e   Code   RO         8945    .text               mf_w.l(dadd.o)
    0x08000762   0x08000762   0x000000e4   Code   RO         8947    .text               mf_w.l(dmul.o)
    0x08000846   0x08000846   0x000000de   Code   RO         8949    .text               mf_w.l(ddiv.o)
    0x08000924   0x08000924   0x00000030   Code   RO         8951    .text               mf_w.l(dfixul.o)
    0x08000954   0x08000954   0x00000030   Code   RO         8953    .text               mf_w.l(cdrcmple.o)
    0x08000984   0x08000984   0x00000024   Code   RO         8955    .text               mc_w.l(init.o)
    0x080009a8   0x080009a8   0x00000024   Code   RO         8958    .text               mc_w.l(llsshr.o)
    0x080009cc   0x080009cc   0x000000ba   Code   RO         8961    .text               mf_w.l(depilogue.o)
    0x08000a86   0x08000a86   0x00000056   Code   RO         8971    .text               mc_w.l(__dczerorl2.o)
    0x08000adc   0x08000adc   0x0000005c   Code   RO         1997    i.ADC_ConversionStop_Disable  stm32f1xx_hal_adc.o
    0x08000b38   0x08000b38   0x00000052   Code   RO         1998    i.ADC_DMAConvCplt   stm32f1xx_hal_adc.o
    0x08000b8a   0x08000b8a   0x0000001e   Code   RO         1999    i.ADC_DMAError      stm32f1xx_hal_adc.o
    0x08000ba8   0x08000ba8   0x0000000e   Code   RO         2000    i.ADC_DMAHalfConvCplt  stm32f1xx_hal_adc.o
    0x08000bb6   0x08000bb6   0x00000002   PAD
    0x08000bb8   0x08000bb8   0x00000090   Code   RO         2001    i.ADC_Enable        stm32f1xx_hal_adc.o
    0x08000c48   0x08000c48   0x00000040   Code   RO         5521    i.App_BluetoothCreateTask  app_bluetooth.o
    0x08000c88   0x08000c88   0x000000d4   Code   RO         5522    i.App_BluetoothHandleLine  app_bluetooth.o
    0x08000d5c   0x08000d5c   0x00000068   Code   RO         5523    i.App_BluetoothInit  app_bluetooth.o
    0x08000dc4   0x08000dc4   0x00000012   Code   RO         5524    i.App_BluetoothIsDigit  app_bluetooth.o
    0x08000dd6   0x08000dd6   0x00000002   PAD
    0x08000dd8   0x08000dd8   0x000000cc   Code   RO         5525    i.App_BluetoothParseRtc  app_bluetooth.o
    0x08000ea4   0x08000ea4   0x00000034   Code   RO         5526    i.App_BluetoothParseTwoDigits  app_bluetooth.o
    0x08000ed8   0x08000ed8   0x00000052   Code   RO         5527    i.App_BluetoothTask  app_bluetooth.o
    0x08000f2a   0x08000f2a   0x00000002   PAD
    0x08000f2c   0x08000f2c   0x00000048   Code   RO         5528    i.App_BluetoothWeekday  app_bluetooth.o
    0x08000f74   0x08000f74   0x0000007c   Code   RO         4491    i.App_BuzzerCommandCallback  app_buzzer.o
    0x08000ff0   0x08000ff0   0x00000064   Code   RO         4492    i.App_BuzzerInit    app_buzzer.o
    0x08001054   0x08001054   0x00000050   Code   RO         4493    i.App_BuzzerPostCommand  app_buzzer.o
    0x080010a4   0x080010a4   0x00000024   Code   RO         4494    i.App_BuzzerSetContinuous  app_buzzer.o
    0x080010c8   0x080010c8   0x00000014   Code   RO         4495    i.App_BuzzerShortTimerCallback  app_buzzer.o
    0x080010dc   0x080010dc   0x0000001c   Code   RO         4496    i.App_BuzzerStartPwm  app_buzzer.o
    0x080010f8   0x080010f8   0x00000034   Code   RO         4497    i.App_BuzzerStartupSound  app_buzzer.o
    0x0800112c   0x0800112c   0x00000010   Code   RO         4498    i.App_BuzzerStopPwm  app_buzzer.o
    0x0800113c   0x0800113c   0x0000003c   Code   RO         5748    i.App_CanCreateTask  app_can.o
    0x08001178   0x08001178   0x00000040   Code   RO         5749    i.App_CanDrainFifo  app_can.o
    0x080011b8   0x080011b8   0x000000bc   Code   RO         5750    i.App_CanHandleFrame  app_can.o
    0x08001274   0x08001274   0x000000a8   Code   RO         5751    i.App_CanInit       app_can.o
    0x0800131c   0x0800131c   0x00000014   Code   RO         5752    i.App_CanMapProtocolStatus  app_can.o
    0x08001330   0x08001330   0x000000c8   Code   RO         5753    i.App_CanSendResponse  app_can.o
    0x080013f8   0x080013f8   0x000000b4   Code   RO         5754    i.App_CanTask       app_can.o
    0x080014ac   0x080014ac   0x00000020   Code   RO          152    i.App_DebugLog      main.o
    0x080014cc   0x080014cc   0x0000000c   Code   RO         6584    i.App_FreeModbusEventGetGetCount  portevent.o
    0x080014d8   0x080014d8   0x0000000c   Code   RO         6585    i.App_FreeModbusEventGetPostCount  portevent.o
    0x080014e4   0x080014e4   0x0000000c   Code   RO         6638    i.App_FreeModbusSerialGetRxCount  portserial.o
    0x080014f0   0x080014f0   0x0000000c   Code   RO         6639    i.App_FreeModbusSerialGetRxDropCount  portserial.o
    0x080014fc   0x080014fc   0x0000000c   Code   RO         6640    i.App_FreeModbusSerialGetTxCount  portserial.o
    0x08001508   0x08001508   0x0000000c   Code   RO         6641    i.App_FreeModbusSerialGetTxFailCount  portserial.o
    0x08001514   0x08001514   0x00000070   Code   RO         6642    i.App_FreeModbusSerialRxCpltCallback  portserial.o
    0x08001584   0x08001584   0x00000036   Code   RO         6729    i.App_FreeModbusTimeoutTicks  porttimer.o
    0x080015ba   0x080015ba   0x00000002   PAD
    0x080015bc   0x080015bc   0x00000024   Code   RO         6730    i.App_FreeModbusTimerCallback  porttimer.o
    0x080015e0   0x080015e0   0x0000000c   Code   RO         6731    i.App_FreeModbusTimerGetExpiredCount  porttimer.o
    0x080015ec   0x080015ec   0x00000018   Code   RO         5336    i.App_HeaterAbs     app_heater.o
    0x08001604   0x08001604   0x000000ac   Code   RO         5337    i.App_HeaterApplyDuty  app_heater.o
    0x080016b0   0x080016b0   0x0000003c   Code   RO         5338    i.App_HeaterApplyDutyIfAllowed  app_heater.o
    0x080016ec   0x080016ec   0x00000030   Code   RO         5339    i.App_HeaterBeginFanCooldown  app_heater.o
    0x0800171c   0x0800171c   0x000001e8   Code   RO         5340    i.App_HeaterColdCalibrate  app_heater.o
    0x08001904   0x08001904   0x00000048   Code   RO         5341    i.App_HeaterCompensateBoardTemperature  app_heater.o
    0x0800194c   0x0800194c   0x00000034   Code   RO         5342    i.App_HeaterCreateTask  app_heater.o
    0x08001980   0x08001980   0x00000060   Code   RO         5343    i.App_HeaterEnterFault  app_heater.o
    0x080019e0   0x080019e0   0x00000040   Code   RO         5344    i.App_HeaterExtiCallback  app_heater.o
    0x08001a20   0x08001a20   0x00000070   Code   RO         5345    i.App_HeaterInit    app_heater.o
    0x08001a90   0x08001a90   0x00000050   Code   RO         5346    i.App_HeaterLimitDutyByBoard  app_heater.o
    0x08001ae0   0x08001ae0   0x00000078   Code   RO         5347    i.App_HeaterNtcToTemperature  app_heater.o
    0x08001b58   0x08001b58   0x00000016   Code   RO         5348    i.App_HeaterNtcValid  app_heater.o
    0x08001b6e   0x08001b6e   0x00000002   PAD
    0x08001b70   0x08001b70   0x000000c4   Code   RO         5349    i.App_HeaterPidStep  app_heater.o
    0x08001c34   0x08001c34   0x00000010   Code   RO         5350    i.App_HeaterResetPid  app_heater.o
    0x08001c44   0x08001c44   0x0000001c   Code   RO         5351    i.App_HeaterStartFan  app_heater.o
    0x08001c60   0x08001c60   0x00000028   Code   RO         5352    i.App_HeaterStopOutput  app_heater.o
    0x08001c88   0x08001c88   0x0000002c   Code   RO         5353    i.App_HeaterStopPwmOnly  app_heater.o
    0x08001cb4   0x08001cb4   0x000002b8   Code   RO         5354    i.App_HeaterTask    app_heater.o
    0x08001f6c   0x08001f6c   0x00000280   Code   RO         5355    i.App_HeaterTryClearFault  app_heater.o
    0x080021ec   0x080021ec   0x00000034   Code   RO         5356    i.App_HeaterUpdateFanCooldown  app_heater.o
    0x08002220   0x08002220   0x00000038   Code   RO         5587    i.App_ImuCreateTask  app_imu.o
    0x08002258   0x08002258   0x00000044   Code   RO         5588    i.App_ImuExtiCallback  app_imu.o
    0x0800229c   0x0800229c   0x000001ac   Code   RO         5590    i.App_ImuInit       app_imu.o
    0x08002448   0x08002448   0x00000056   Code   RO         5591    i.App_ImuIsNormal   app_imu.o
    0x0800249e   0x0800249e   0x00000052   Code   RO         5592    i.App_ImuIsTilted   app_imu.o
    0x080024f0   0x080024f0   0x0000004a   Code   RO         5593    i.App_ImuReadAccel  app_imu.o
    0x0800253a   0x0800253a   0x00000036   Code   RO         5594    i.App_ImuReadRegister  app_imu.o
    0x08002570   0x08002570   0x0000005e   Code   RO         5595    i.App_ImuReadRegisters  app_imu.o
    0x080025ce   0x080025ce   0x00000002   PAD
    0x080025d0   0x080025d0   0x0000010c   Code   RO         5596    i.App_ImuTask       app_imu.o
    0x080026dc   0x080026dc   0x000000a0   Code   RO         5597    i.App_ImuTryClearFault  app_imu.o
    0x0800277c   0x0800277c   0x00000026   Code   RO         5598    i.App_ImuWriteRegister  app_imu.o
    0x080027a2   0x080027a2   0x00000002   PAD
    0x080027a4   0x080027a4   0x000000fc   Code   RO         5129    i.App_KeyAdjustTarget  app_key.o
    0x080028a0   0x080028a0   0x00000044   Code   RO         5130    i.App_KeyChangeFocus  app_key.o
    0x080028e4   0x080028e4   0x000000b4   Code   RO         5131    i.App_KeyClearFault  app_key.o
    0x08002998   0x08002998   0x00000040   Code   RO         5132    i.App_KeyClearTargets  app_key.o
    0x080029d8   0x080029d8   0x000000be   Code   RO         5133    i.App_KeyHandleEvent  app_key.o
    0x08002a96   0x08002a96   0x00000002   PAD
    0x08002a98   0x08002a98   0x0000007c   Code   RO         5134    i.App_KeyLogEvent   app_key.o
    0x08002b14   0x08002b14   0x0000001a   Code   RO         4580    i.App_KeyTask       app_main.o
    0x08002b2e   0x08002b2e   0x00000002   PAD
    0x08002b30   0x08002b30   0x00000060   Code   RO         5135    i.App_KeyToggleRunIdle  app_key.o
    0x08002b90   0x08002b90   0x00000064   Code   RO         5828    i.App_ModbusCreateTask  app_modbus.o
    0x08002bf4   0x08002bf4   0x000000a8   Code   RO         5829    i.App_ModbusDiagTask  app_modbus.o
    0x08002c9c   0x08002c9c   0x00000030   Code   RO         5830    i.App_ModbusInit    app_modbus.o
    0x08002ccc   0x08002ccc   0x0000000c   Code   RO         5831    i.App_ModbusRxCpltCallback  app_modbus.o
    0x08002cd8   0x08002cd8   0x00000024   Code   RO         5832    i.App_ModbusTask    app_modbus.o
    0x08002cfc   0x08002cfc   0x0000009c   Code   RO         5242    i.App_MotorApplyDuty  app_motor.o
    0x08002d98   0x08002d98   0x0000003c   Code   RO         5243    i.App_MotorApplyDutyIfRunning  app_motor.o
    0x08002dd4   0x08002dd4   0x00000030   Code   RO         5244    i.App_MotorCreateTask  app_motor.o
    0x08002e04   0x08002e04   0x00000040   Code   RO         5245    i.App_MotorFeedForwardDuty  app_motor.o
    0x08002e44   0x08002e44   0x00000038   Code   RO         5246    i.App_MotorInit     app_motor.o
    0x08002e7c   0x08002e7c   0x00000170   Code   RO         5247    i.App_MotorPidStep  app_motor.o
    0x08002fec   0x08002fec   0x0000000c   Code   RO         5248    i.App_MotorReadEncoder  app_motor.o
    0x08002ff8   0x08002ff8   0x00000020   Code   RO         5249    i.App_MotorResetController  app_motor.o
    0x08003018   0x08003018   0x00000018   Code   RO         5250    i.App_MotorResetPid  app_motor.o
    0x08003030   0x08003030   0x00000040   Code   RO         5251    i.App_MotorResetSpeedEstimator  app_motor.o
    0x08003070   0x08003070   0x0000003c   Code   RO         5252    i.App_MotorStop     app_motor.o
    0x080030ac   0x080030ac   0x00000230   Code   RO         5253    i.App_MotorTask     app_motor.o
    0x080032dc   0x080032dc   0x00000030   Code   RO         5254    i.App_MotorUpdateCurrentSpeed  app_motor.o
    0x0800330c   0x0800330c   0x000000cc   Code   RO         5255    i.App_MotorUpdateRpm  app_motor.o
    0x080033d8   0x080033d8   0x00000034   Code   RO         5003    i.App_OledCheck     app_oled.o
    0x0800340c   0x0800340c   0x0000002c   Code   RO         5004    i.App_OledDebugPrint  app_oled.o
    0x08003438   0x08003438   0x00000036   Code   RO         5005    i.App_OledDelayMs   app_oled.o
    0x0800346e   0x0800346e   0x00000004   Code   RO         5006    i.App_OledDummyDeinit  app_oled.o
    0x08003472   0x08003472   0x00000004   Code   RO         5007    i.App_OledDummyInit  app_oled.o
    0x08003476   0x08003476   0x00000006   Code   RO         5008    i.App_OledDummySpiWrite  app_oled.o
    0x0800347c   0x0800347c   0x00000006   Code   RO         5009    i.App_OledDummyWrite  app_oled.o
    0x08003482   0x08003482   0x00000012   Code   RO         5010    i.App_OledFocusMark  app_oled.o
    0x08003494   0x08003494   0x00000004   Code   RO         5011    i.App_OledI2cDeinit  app_oled.o
    0x08003498   0x08003498   0x00000010   Code   RO         5012    i.App_OledI2cInit   app_oled.o
    0x080034a8   0x080034a8   0x00000044   Code   RO         5013    i.App_OledI2cWrite  app_oled.o
    0x080034ec   0x080034ec   0x00000388   Code   RO         5014    i.App_OledInit      app_oled.o
    0x08003874   0x08003874   0x00000040   Code   RO         5015    i.App_OledStatusName  app_oled.o
    0x080038b4   0x080038b4   0x000001bc   Code   RO         5016    i.App_OledUpdate    app_oled.o
    0x08003a70   0x08003a70   0x000000e4   Code   RO         5017    i.App_OledUpdateHome  app_oled.o
    0x08003b54   0x08003b54   0x00000040   Code   RO         5018    i.App_OledWriteLine  app_oled.o
    0x08003b94   0x08003b94   0x00000012   Code   RO         5682    i.App_ProtocolCommitDeferred  app_protocol.o
    0x08003ba6   0x08003ba6   0x00000002   PAD
    0x08003ba8   0x08003ba8   0x000000e8   Code   RO         5683    i.App_ProtocolReadRegister  app_protocol.o
    0x08003c90   0x08003c90   0x00000054   Code   RO         5684    i.App_ProtocolSetTargetTimeLocked  app_protocol.o
    0x08003ce4   0x08003ce4   0x00000018   Code   RO         5685    i.App_ProtocolValidateWrite  app_protocol.o
    0x08003cfc   0x08003cfc   0x00000056   Code   RO         5686    i.App_ProtocolValueValid  app_protocol.o
    0x08003d52   0x08003d52   0x00000002   PAD
    0x08003d54   0x08003d54   0x0000012c   Code   RO         5687    i.App_ProtocolWriteCore  app_protocol.o
    0x08003e80   0x08003e80   0x00000014   Code   RO         5688    i.App_ProtocolWriteRegister  app_protocol.o
    0x08003e94   0x08003e94   0x00000016   Code   RO         5689    i.App_ProtocolWriteRegisterDeferred  app_protocol.o
    0x08003eaa   0x08003eaa   0x00000002   PAD
    0x08003eac   0x08003eac   0x00000028   Code   RO         5473    i.App_RtcCreateTask  app_rtc.o
    0x08003ed4   0x08003ed4   0x000000c8   Code   RO         5474    i.App_RtcInit       app_rtc.o
    0x08003f9c   0x08003f9c   0x00000050   Code   RO         5475    i.App_RtcPublishTime  app_rtc.o
    0x08003fec   0x08003fec   0x00000098   Code   RO         5476    i.App_RtcSetTime    app_rtc.o
    0x08004084   0x08004084   0x00000064   Code   RO         5477    i.App_RtcTask       app_rtc.o
    0x080040e8   0x080040e8   0x000000b0   Code   RO         4581    i.App_RunControlTask  app_main.o
    0x08004198   0x08004198   0x0000003c   Code   RO         4891    i.App_StorageApplySettings  app_storage.o
    0x080041d4   0x080041d4   0x00000046   Code   RO         4892    i.App_StorageCrc16  app_storage.o
    0x0800421a   0x0800421a   0x00000028   Code   RO         4893    i.App_StorageDecodeSettings  app_storage.o
    0x08004242   0x08004242   0x0000005e   Code   RO         4894    i.App_StorageEncodeRecord  app_storage.o
    0x080042a0   0x080042a0   0x0000000c   Code   RO         4895    i.App_StorageGetU16  app_storage.o
    0x080042ac   0x080042ac   0x00000018   Code   RO         4896    i.App_StorageGetU32  app_storage.o
    0x080042c4   0x080042c4   0x00000090   Code   RO         4897    i.App_StorageInit   app_storage.o
    0x08004354   0x08004354   0x00000008   Code   RO         4898    i.App_StoragePutU16  app_storage.o
    0x0800435c   0x0800435c   0x00000010   Code   RO         4899    i.App_StoragePutU32  app_storage.o
    0x0800436c   0x0800436c   0x0000009c   Code   RO         4900    i.App_StorageReadBest  app_storage.o
    0x08004408   0x08004408   0x00000044   Code   RO         4901    i.App_StorageRecordValid  app_storage.o
    0x0800444c   0x0800444c   0x0000000c   Code   RO         4902    i.App_StorageRequestSave  app_storage.o
    0x08004458   0x08004458   0x00000012   Code   RO         4903    i.App_StorageSequenceIsNewer  app_storage.o
    0x0800446a   0x0800446a   0x0000002a   Code   RO         4905    i.App_StorageSettingsEqual  app_storage.o
    0x08004494   0x08004494   0x000000dc   Code   RO         4906    i.App_StorageTask   app_storage.o
    0x08004570   0x08004570   0x0000002c   Code   RO         4907    i.App_StorageWriteSettings  app_storage.o
    0x0800459c   0x0800459c   0x00000058   Code   RO         4800    i.App_SystemClearFault  app_system.o
    0x080045f4   0x080045f4   0x0000000c   Code   RO         4801    i.App_SystemEnterFault  app_system.o
    0x08004600   0x08004600   0x0000004c   Code   RO         4802    i.App_SystemForceOutputsOff  app_system.o
    0x0800464c   0x0800464c   0x00000078   Code   RO         4803    i.App_SystemInit    app_system.o
    0x080046c4   0x080046c4   0x00000028   Code   RO         4804    i.App_SystemLock    app_system.o
    0x080046ec   0x080046ec   0x00000002   Code   RO         4805    i.App_SystemMotorFaultHook  app_system.o
    0x080046ee   0x080046ee   0x00000002   PAD
    0x080046f0   0x080046f0   0x00000058   Code   RO         4806    i.App_SystemSetFault  app_system.o
    0x08004748   0x08004748   0x00000080   Code   RO         4807    i.App_SystemSetMotorStatus  app_system.o
    0x080047c8   0x080047c8   0x0000001c   Code   RO         4808    i.App_SystemUnlock  app_system.o
    0x080047e4   0x080047e4   0x00000096   Code   RO         5183    i.App_UiDisplayChanged  app_ui.o
    0x0800487a   0x0800487a   0x00000002   PAD
    0x0800487c   0x0800487c   0x00000020   Code   RO         5184    i.App_UiEnterSettingsPage  app_ui.o
    0x0800489c   0x0800489c   0x00000064   Code   RO         5185    i.App_UiFilterSpeedForDisplay  app_ui.o
    0x08004900   0x08004900   0x0000000c   Code   RO         5186    i.App_UiGetPage     app_ui.o
    0x0800490c   0x0800490c   0x00000044   Code   RO         5187    i.App_UiHomeChanged  app_ui.o
    0x08004950   0x08004950   0x00000020   Code   RO         5188    i.App_UiNotify      app_ui.o
    0x08004970   0x08004970   0x000000bc   Code   RO         5189    i.App_UiTask        app_ui.o
    0x08004a2c   0x08004a2c   0x00000660   Code   RO         4582    i.App_main          app_main.o
    0x0800508c   0x0800508c   0x00000040   Code   RO         6038    i.Bsp_I2c1Init      int_i2c1.o
    0x080050cc   0x080050cc   0x0000003c   Code   RO         6039    i.Bsp_I2c1IsDeviceReady  int_i2c1.o
    0x08005108   0x08005108   0x00000048   Code   RO         6040    i.Bsp_I2c1Lock      int_i2c1.o
    0x08005150   0x08005150   0x00000044   Code   RO         6041    i.Bsp_I2c1MasterTransmit  int_i2c1.o
    0x08005194   0x08005194   0x0000001c   Code   RO         6044    i.Bsp_I2c1Unlock    int_i2c1.o
    0x080051b0   0x080051b0   0x00000040   Code   RO         5963    i.Bsp_I2c2Init      int_i2c2.o
    0x080051f0   0x080051f0   0x0000003c   Code   RO         5964    i.Bsp_I2c2IsDeviceReady  int_i2c2.o
    0x0800522c   0x0800522c   0x00000048   Code   RO         5965    i.Bsp_I2c2Lock      int_i2c2.o
    0x08005274   0x08005274   0x0000004c   Code   RO         5968    i.Bsp_I2c2MemRead   int_i2c2.o
    0x080052c0   0x080052c0   0x0000004c   Code   RO         5969    i.Bsp_I2c2MemWrite  int_i2c2.o
    0x0800530c   0x0800530c   0x0000001c   Code   RO         5970    i.Bsp_I2c2Unlock    int_i2c2.o
    0x08005328   0x08005328   0x00000060   Code   RO         6101    i.Bsp_Spi2Exchange  int_spi2.o
    0x08005388   0x08005388   0x0000004c   Code   RO         6102    i.Bsp_Spi2Init      int_spi2.o
    0x080053d4   0x080053d4   0x00000048   Code   RO         6103    i.Bsp_Spi2Lock      int_spi2.o
    0x0800541c   0x0800541c   0x00000058   Code   RO         6104    i.Bsp_Spi2Transmit  int_spi2.o
    0x08005474   0x08005474   0x0000001c   Code   RO         6105    i.Bsp_Spi2TransmitReceive  int_spi2.o
    0x08005490   0x08005490   0x0000001c   Code   RO         6106    i.Bsp_Spi2Unlock    int_spi2.o
    0x080054ac   0x080054ac   0x00000004   Code   RO          556    i.BusFault_Handler  stm32f1xx_it.o
    0x080054b0   0x080054b0   0x0000004c   Code   RO         5926    i.Com_DebugPrintf   com_debug.o
    0x080054fc   0x080054fc   0x00000002   Code   RO          557    i.DMA1_Channel1_IRQHandler  stm32f1xx_it.o
    0x080054fe   0x080054fe   0x0000002c   Code   RO         2658    i.DMA_SetConfig     stm32f1xx_hal_dma.o
    0x0800552a   0x0800552a   0x00000002   Code   RO          558    i.DebugMon_Handler  stm32f1xx_it.o
    0x0800552c   0x0800552c   0x000000a0   Code   RO         7220    i.Dri_AdcReadAll    dri_adc.o
    0x080055cc   0x080055cc   0x00000014   Code   RO         7250    i.Dri_Ds3231BcdToBin  dri_ds3231.o
    0x080055e0   0x080055e0   0x0000001a   Code   RO         7251    i.Dri_Ds3231BinToBcd  dri_ds3231.o
    0x080055fa   0x080055fa   0x00000016   Code   RO         7252    i.Dri_Ds3231Init    dri_ds3231.o
    0x08005610   0x08005610   0x00000052   Code   RO         7253    i.Dri_Ds3231IsValidTime  dri_ds3231.o
    0x08005662   0x08005662   0x000000f2   Code   RO         7254    i.Dri_Ds3231ReadTime  dri_ds3231.o
    0x08005754   0x08005754   0x000000bc   Code   RO         7255    i.Dri_Ds3231WriteTime  dri_ds3231.o
    0x08005810   0x08005810   0x00000068   Code   RO         7180    i.Dri_KeyInit       dri_key.o
    0x08005878   0x08005878   0x0000013c   Code   RO         7181    i.Dri_KeyScan       dri_key.o
    0x080059b4   0x080059b4   0x0000000c   Code   RO          559    i.EXTI15_10_IRQHandler  stm32f1xx_it.o
    0x080059c0   0x080059c0   0x0000000a   Code   RO          560    i.EXTI3_IRQHandler  stm32f1xx_it.o
    0x080059ca   0x080059ca   0x0000000a   Code   RO          561    i.EXTI4_IRQHandler  stm32f1xx_it.o
    0x080059d4   0x080059d4   0x0000000a   Code   RO          562    i.EXTI9_5_IRQHandler  stm32f1xx_it.o
    0x080059de   0x080059de   0x00000006   Code   RO          153    i.Error_Handler     main.o
    0x080059e4   0x080059e4   0x0000011c   Code   RO         2177    i.HAL_ADCEx_Calibration_Start  stm32f1xx_hal_adc_ex.o
    0x08005b00   0x08005b00   0x00000160   Code   RO         2003    i.HAL_ADC_ConfigChannel  stm32f1xx_hal_adc.o
    0x08005c60   0x08005c60   0x00000002   Code   RO         2004    i.HAL_ADC_ConvCpltCallback  stm32f1xx_hal_adc.o
    0x08005c62   0x08005c62   0x00000002   Code   RO         2005    i.HAL_ADC_ConvHalfCpltCallback  stm32f1xx_hal_adc.o
    0x08005c64   0x08005c64   0x00000002   Code   RO         2007    i.HAL_ADC_ErrorCallback  stm32f1xx_hal_adc.o
    0x08005c66   0x08005c66   0x00000002   PAD
    0x08005c68   0x08005c68   0x00000160   Code   RO         2012    i.HAL_ADC_Init      stm32f1xx_hal_adc.o
    0x08005dc8   0x08005dc8   0x00000124   Code   RO          293    i.HAL_ADC_MspInit   adc.o
    0x08005eec   0x08005eec   0x00000180   Code   RO         2019    i.HAL_ADC_Start_DMA  stm32f1xx_hal_adc.o
    0x0800606c   0x0800606c   0x0000002a   Code   RO          744    i.HAL_CAN_ActivateNotification  stm32f1xx_hal_can.o
    0x08006096   0x08006096   0x0000014a   Code   RO          745    i.HAL_CAN_AddTxMessage  stm32f1xx_hal_can.o
    0x080061e0   0x080061e0   0x0000010a   Code   RO          746    i.HAL_CAN_ConfigFilter  stm32f1xx_hal_can.o
    0x080062ea   0x080062ea   0x0000002a   Code   RO          748    i.HAL_CAN_DeactivateNotification  stm32f1xx_hal_can.o
    0x08006314   0x08006314   0x00000002   Code   RO          749    i.HAL_CAN_ErrorCallback  stm32f1xx_hal_can.o
    0x08006316   0x08006316   0x00000006   Code   RO          750    i.HAL_CAN_GetError  stm32f1xx_hal_can.o
    0x0800631c   0x0800631c   0x00000028   Code   RO          751    i.HAL_CAN_GetRxFifoFillLevel  stm32f1xx_hal_can.o
    0x08006344   0x08006344   0x00000194   Code   RO          752    i.HAL_CAN_GetRxMessage  stm32f1xx_hal_can.o
    0x080064d8   0x080064d8   0x00000036   Code   RO          754    i.HAL_CAN_GetTxMailboxesFreeLevel  stm32f1xx_hal_can.o
    0x0800650e   0x0800650e   0x0000024e   Code   RO          756    i.HAL_CAN_IRQHandler  stm32f1xx_hal_can.o
    0x0800675c   0x0800675c   0x00000174   Code   RO          757    i.HAL_CAN_Init      stm32f1xx_hal_can.o
    0x080068d0   0x080068d0   0x000000a0   Code   RO           13    i.HAL_CAN_MspInit   can.o
    0x08006970   0x08006970   0x00000002   Code   RO          764    i.HAL_CAN_RxFifo0FullCallback  stm32f1xx_hal_can.o
    0x08006972   0x08006972   0x00000002   PAD
    0x08006974   0x08006974   0x0000006c   Code   RO         5755    i.HAL_CAN_RxFifo0MsgPendingCallback  app_can.o
    0x080069e0   0x080069e0   0x00000002   Code   RO          766    i.HAL_CAN_RxFifo1FullCallback  stm32f1xx_hal_can.o
    0x080069e2   0x080069e2   0x00000002   Code   RO          767    i.HAL_CAN_RxFifo1MsgPendingCallback  stm32f1xx_hal_can.o
    0x080069e4   0x080069e4   0x00000002   Code   RO          768    i.HAL_CAN_SleepCallback  stm32f1xx_hal_can.o
    0x080069e6   0x080069e6   0x0000005e   Code   RO          769    i.HAL_CAN_Start     stm32f1xx_hal_can.o
    0x08006a44   0x08006a44   0x00000002   Code   RO          771    i.HAL_CAN_TxMailbox0AbortCallback  stm32f1xx_hal_can.o
    0x08006a46   0x08006a46   0x00000002   Code   RO          772    i.HAL_CAN_TxMailbox0CompleteCallback  stm32f1xx_hal_can.o
    0x08006a48   0x08006a48   0x00000002   Code   RO          773    i.HAL_CAN_TxMailbox1AbortCallback  stm32f1xx_hal_can.o
    0x08006a4a   0x08006a4a   0x00000002   Code   RO          774    i.HAL_CAN_TxMailbox1CompleteCallback  stm32f1xx_hal_can.o
    0x08006a4c   0x08006a4c   0x00000002   Code   RO          775    i.HAL_CAN_TxMailbox2AbortCallback  stm32f1xx_hal_can.o
    0x08006a4e   0x08006a4e   0x00000002   Code   RO          776    i.HAL_CAN_TxMailbox2CompleteCallback  stm32f1xx_hal_can.o
    0x08006a50   0x08006a50   0x00000002   Code   RO          778    i.HAL_CAN_WakeUpFromRxMsgCallback  stm32f1xx_hal_can.o
    0x08006a52   0x08006a52   0x00000056   Code   RO         2659    i.HAL_DMA_Abort     stm32f1xx_hal_dma.o
    0x08006aa8   0x08006aa8   0x000001a8   Code   RO         2660    i.HAL_DMA_Abort_IT  stm32f1xx_hal_dma.o
    0x08006c50   0x08006c50   0x0000008c   Code   RO         2665    i.HAL_DMA_Init      stm32f1xx_hal_dma.o
    0x08006cdc   0x08006cdc   0x0000009c   Code   RO         2669    i.HAL_DMA_Start_IT  stm32f1xx_hal_dma.o
    0x08006d78   0x08006d78   0x00000028   Code   RO         2280    i.HAL_Delay         stm32f1xx_hal.o
    0x08006da0   0x08006da0   0x00000012   Code   RO          563    i.HAL_GPIO_EXTI_Callback  stm32f1xx_it.o
    0x08006db2   0x08006db2   0x00000002   PAD
    0x08006db4   0x08006db4   0x0000001c   Code   RO         2594    i.HAL_GPIO_EXTI_IRQHandler  stm32f1xx_hal_gpio.o
    0x08006dd0   0x08006dd0   0x00000340   Code   RO         2595    i.HAL_GPIO_Init     stm32f1xx_hal_gpio.o
    0x08007110   0x08007110   0x00000010   Code   RO         2597    i.HAL_GPIO_ReadPin  stm32f1xx_hal_gpio.o
    0x08007120   0x08007120   0x0000000c   Code   RO         2599    i.HAL_GPIO_WritePin  stm32f1xx_hal_gpio.o
    0x0800712c   0x0800712c   0x0000000c   Code   RO         2284    i.HAL_GetTick       stm32f1xx_hal.o
    0x08007138   0x08007138   0x0000000c   Code   RO         2287    i.HAL_GetUIDw0      stm32f1xx_hal.o
    0x08007144   0x08007144   0x0000000c   Code   RO         2288    i.HAL_GetUIDw1      stm32f1xx_hal.o
    0x08007150   0x08007150   0x0000000c   Code   RO         2289    i.HAL_GetUIDw2      stm32f1xx_hal.o
    0x0800715c   0x0800715c   0x000001d0   Code   RO         3292    i.HAL_I2C_Init      stm32f1xx_hal_i2c.o
    0x0800732c   0x0800732c   0x000001b8   Code   RO         3293    i.HAL_I2C_IsDeviceReady  stm32f1xx_hal_i2c.o
    0x080074e4   0x080074e4   0x00000170   Code   RO         3305    i.HAL_I2C_Master_Transmit  stm32f1xx_hal_i2c.o
    0x08007654   0x08007654   0x00000374   Code   RO         3310    i.HAL_I2C_Mem_Read  stm32f1xx_hal_i2c.o
    0x080079c8   0x080079c8   0x00000164   Code   RO         3313    i.HAL_I2C_Mem_Write  stm32f1xx_hal_i2c.o
    0x08007b2c   0x08007b2c   0x000000d0   Code   RO          335    i.HAL_I2C_MspInit   i2c.o
    0x08007bfc   0x08007bfc   0x00000018   Code   RO         2290    i.HAL_IncTick       stm32f1xx_hal.o
    0x08007c14   0x08007c14   0x00000028   Code   RO         2291    i.HAL_Init          stm32f1xx_hal.o
    0x08007c3c   0x08007c3c   0x000000b4   Code   RO          704    i.HAL_InitTick      stm32f1xx_hal_timebase_tim.o
    0x08007cf0   0x08007cf0   0x00000054   Code   RO          680    i.HAL_MspInit       stm32f1xx_hal_msp.o
    0x08007d44   0x08007d44   0x00000020   Code   RO         2755    i.HAL_NVIC_EnableIRQ  stm32f1xx_hal_cortex.o
    0x08007d64   0x08007d64   0x0000007c   Code   RO         2761    i.HAL_NVIC_SetPriority  stm32f1xx_hal_cortex.o
    0x08007de0   0x08007de0   0x00000028   Code   RO         2762    i.HAL_NVIC_SetPriorityGrouping  stm32f1xx_hal_cortex.o
    0x08007e08   0x08007e08   0x00000118   Code   RO         2556    i.HAL_RCCEx_GetPeriphCLKFreq  stm32f1xx_hal_rcc_ex.o
    0x08007f20   0x08007f20   0x00000130   Code   RO         2557    i.HAL_RCCEx_PeriphCLKConfig  stm32f1xx_hal_rcc_ex.o
    0x08008050   0x08008050   0x0000018c   Code   RO         2448    i.HAL_RCC_ClockConfig  stm32f1xx_hal_rcc.o
    0x080081dc   0x080081dc   0x00000044   Code   RO         2452    i.HAL_RCC_GetClockConfig  stm32f1xx_hal_rcc.o
    0x08008220   0x08008220   0x0000000c   Code   RO         2453    i.HAL_RCC_GetHCLKFreq  stm32f1xx_hal_rcc.o
    0x0800822c   0x0800822c   0x00000020   Code   RO         2455    i.HAL_RCC_GetPCLK1Freq  stm32f1xx_hal_rcc.o
    0x0800824c   0x0800824c   0x00000020   Code   RO         2456    i.HAL_RCC_GetPCLK2Freq  stm32f1xx_hal_rcc.o
    0x0800826c   0x0800826c   0x00000070   Code   RO         2457    i.HAL_RCC_GetSysClockFreq  stm32f1xx_hal_rcc.o
    0x080082dc   0x080082dc   0x00000464   Code   RO         2460    i.HAL_RCC_OscConfig  stm32f1xx_hal_rcc.o
    0x08008740   0x08008740   0x000000be   Code   RO         3769    i.HAL_SPI_Init      stm32f1xx_hal_spi.o
    0x080087fe   0x080087fe   0x00000002   PAD
    0x08008800   0x08008800   0x00000088   Code   RO          383    i.HAL_SPI_MspInit   spi.o
    0x08008888   0x08008888   0x000001be   Code   RO         3777    i.HAL_SPI_Transmit  stm32f1xx_hal_spi.o
    0x08008a46   0x08008a46   0x00000248   Code   RO         3778    i.HAL_SPI_TransmitReceive  stm32f1xx_hal_spi.o
    0x08008c8e   0x08008c8e   0x00000002   Code   RO         1730    i.HAL_TIMEx_BreakCallback  stm32f1xx_hal_tim_ex.o
    0x08008c90   0x08008c90   0x00000002   Code   RO         1731    i.HAL_TIMEx_CommutCallback  stm32f1xx_hal_tim_ex.o
    0x08008c92   0x08008c92   0x00000074   Code   RO         1733    i.HAL_TIMEx_ConfigBreakDeadTime  stm32f1xx_hal_tim_ex.o
    0x08008d06   0x08008d06   0x00000002   PAD
    0x08008d08   0x08008d08   0x0000009c   Code   RO         1749    i.HAL_TIMEx_MasterConfigSynchronization  stm32f1xx_hal_tim_ex.o
    0x08008da4   0x08008da4   0x00000066   Code   RO         1015    i.HAL_TIM_Base_Init  stm32f1xx_hal_tim.o
    0x08008e0a   0x08008e0a   0x00000002   PAD
    0x08008e0c   0x08008e0c   0x0000007c   Code   RO          425    i.HAL_TIM_Base_MspInit  tim.o
    0x08008e88   0x08008e88   0x00000090   Code   RO         1020    i.HAL_TIM_Base_Start_IT  stm32f1xx_hal_tim.o
    0x08008f18   0x08008f18   0x0000010c   Code   RO         1024    i.HAL_TIM_ConfigClockSource  stm32f1xx_hal_tim.o
    0x08009024   0x08009024   0x000000c4   Code   RO         1036    i.HAL_TIM_Encoder_Init  stm32f1xx_hal_tim.o
    0x080090e8   0x080090e8   0x0000008c   Code   RO          427    i.HAL_TIM_Encoder_MspInit  tim.o
    0x08009174   0x08009174   0x000000cc   Code   RO         1039    i.HAL_TIM_Encoder_Start  stm32f1xx_hal_tim.o
    0x08009240   0x08009240   0x00000002   Code   RO         1049    i.HAL_TIM_IC_CaptureCallback  stm32f1xx_hal_tim.o
    0x08009242   0x08009242   0x0000016c   Code   RO         1063    i.HAL_TIM_IRQHandler  stm32f1xx_hal_tim.o
    0x080093ae   0x080093ae   0x00000002   PAD
    0x080093b0   0x080093b0   0x000000d0   Code   RO          428    i.HAL_TIM_MspPostInit  tim.o
    0x08009480   0x08009480   0x00000002   Code   RO         1066    i.HAL_TIM_OC_DelayElapsedCallback  stm32f1xx_hal_tim.o
    0x08009482   0x08009482   0x00000104   Code   RO         1087    i.HAL_TIM_PWM_ConfigChannel  stm32f1xx_hal_tim.o
    0x08009586   0x08009586   0x00000066   Code   RO         1090    i.HAL_TIM_PWM_Init  stm32f1xx_hal_tim.o
    0x080095ec   0x080095ec   0x00000002   Code   RO         1092    i.HAL_TIM_PWM_MspInit  stm32f1xx_hal_tim.o
    0x080095ee   0x080095ee   0x00000002   Code   RO         1093    i.HAL_TIM_PWM_PulseFinishedCallback  stm32f1xx_hal_tim.o
    0x080095f0   0x080095f0   0x000000f4   Code   RO         1095    i.HAL_TIM_PWM_Start  stm32f1xx_hal_tim.o
    0x080096e4   0x080096e4   0x000000a8   Code   RO         1098    i.HAL_TIM_PWM_Stop  stm32f1xx_hal_tim.o
    0x0800978c   0x0800978c   0x00000018   Code   RO          154    i.HAL_TIM_PeriodElapsedCallback  main.o
    0x080097a4   0x080097a4   0x00000002   Code   RO         1106    i.HAL_TIM_TriggerCallback  stm32f1xx_hal_tim.o
    0x080097a6   0x080097a6   0x00000002   Code   RO         4092    i.HAL_UARTEx_RxEventCallback  stm32f1xx_hal_uart.o
    0x080097a8   0x080097a8   0x00000002   Code   RO         4096    i.HAL_UART_AbortReceiveCpltCallback  stm32f1xx_hal_uart.o
    0x080097aa   0x080097aa   0x00000002   PAD
    0x080097ac   0x080097ac   0x000000d8   Code   RO         4097    i.HAL_UART_AbortReceive_IT  stm32f1xx_hal_uart.o
    0x08009884   0x08009884   0x00000002   Code   RO         4106    i.HAL_UART_ErrorCallback  stm32f1xx_hal_uart.o
    0x08009886   0x08009886   0x00000002   PAD
    0x08009888   0x08009888   0x000002e4   Code   RO         4109    i.HAL_UART_IRQHandler  stm32f1xx_hal_uart.o
    0x08009b6c   0x08009b6c   0x00000076   Code   RO         4110    i.HAL_UART_Init     stm32f1xx_hal_uart.o
    0x08009be2   0x08009be2   0x00000002   PAD
    0x08009be4   0x08009be4   0x00000188   Code   RO          503    i.HAL_UART_MspInit  usart.o
    0x08009d6c   0x08009d6c   0x0000002c   Code   RO         4115    i.HAL_UART_Receive_IT  stm32f1xx_hal_uart.o
    0x08009d98   0x08009d98   0x00000068   Code   RO         6160    i.HAL_UART_RxCpltCallback  int_bluetooth.o
    0x08009e00   0x08009e00   0x000000be   Code   RO         4118    i.HAL_UART_Transmit  stm32f1xx_hal_uart.o
    0x08009ebe   0x08009ebe   0x00000002   Code   RO         4121    i.HAL_UART_TxCpltCallback  stm32f1xx_hal_uart.o
    0x08009ec0   0x08009ec0   0x00000004   Code   RO          564    i.HardFault_Handler  stm32f1xx_it.o
    0x08009ec4   0x08009ec4   0x0000003e   Code   RO         3336    i.I2C_IsAcknowledgeFailed  stm32f1xx_hal_i2c.o
    0x08009f02   0x08009f02   0x00000002   PAD
    0x08009f04   0x08009f04   0x000000c0   Code   RO         3340    i.I2C_MasterRequestWrite  stm32f1xx_hal_i2c.o
    0x08009fc4   0x08009fc4   0x00000160   Code   RO         3347    i.I2C_RequestMemoryRead  stm32f1xx_hal_i2c.o
    0x0800a124   0x0800a124   0x000000e0   Code   RO         3348    i.I2C_RequestMemoryWrite  stm32f1xx_hal_i2c.o
    0x0800a204   0x0800a204   0x00000066   Code   RO         3356    i.I2C_WaitOnBTFFlagUntilTimeout  stm32f1xx_hal_i2c.o
    0x0800a26a   0x0800a26a   0x000000be   Code   RO         3357    i.I2C_WaitOnFlagUntilTimeout  stm32f1xx_hal_i2c.o
    0x0800a328   0x0800a328   0x000000fa   Code   RO         3358    i.I2C_WaitOnMasterAddressFlagUntilTimeout  stm32f1xx_hal_i2c.o
    0x0800a422   0x0800a422   0x0000008a   Code   RO         3359    i.I2C_WaitOnRXNEFlagUntilTimeout  stm32f1xx_hal_i2c.o
    0x0800a4ac   0x0800a4ac   0x00000066   Code   RO         3362    i.I2C_WaitOnTXEFlagUntilTimeout  stm32f1xx_hal_i2c.o
    0x0800a512   0x0800a512   0x00000002   PAD
    0x0800a514   0x0800a514   0x00000040   Code   RO         6161    i.Int_BluetoothInit  int_bluetooth.o
    0x0800a554   0x0800a554   0x00000044   Code   RO         6162    i.Int_BluetoothReadByte  int_bluetooth.o
    0x0800a598   0x0800a598   0x00000034   Code   RO         6163    i.Int_BluetoothSend  int_bluetooth.o
    0x0800a5cc   0x0800a5cc   0x00000036   Code   RO         6795    i.M24C02_DelayMs    drv_m24c02.o
    0x0800a602   0x0800a602   0x00000016   Code   RO         6796    i.M24C02_IsReady    drv_m24c02.o
    0x0800a618   0x0800a618   0x00000032   Code   RO         6797    i.M24C02_Read       drv_m24c02.o
    0x0800a64a   0x0800a64a   0x00000076   Code   RO         6798    i.M24C02_Write      drv_m24c02.o
    0x0800a6c0   0x0800a6c0   0x000000a0   Code   RO          294    i.MX_ADC1_Init      adc.o
    0x0800a760   0x0800a760   0x0000004c   Code   RO           14    i.MX_CAN1_Init      can.o
    0x0800a7ac   0x0800a7ac   0x0000019c   Code   RO          268    i.MX_GPIO_Init      gpio.o
    0x0800a948   0x0800a948   0x0000003c   Code   RO          336    i.MX_I2C1_Init      i2c.o
    0x0800a984   0x0800a984   0x0000003c   Code   RO          337    i.MX_I2C2_Init      i2c.o
    0x0800a9c0   0x0800a9c0   0x00000044   Code   RO          384    i.MX_SPI2_Init      spi.o
    0x0800aa04   0x0800aa04   0x000000dc   Code   RO          429    i.MX_TIM1_Init      tim.o
    0x0800aae0   0x0800aae0   0x000000a0   Code   RO          430    i.MX_TIM2_Init      tim.o
    0x0800ab80   0x0800ab80   0x00000080   Code   RO          431    i.MX_TIM3_Init      tim.o
    0x0800ac00   0x0800ac00   0x000000a4   Code   RO          432    i.MX_TIM4_Init      tim.o
    0x0800aca4   0x0800aca4   0x00000038   Code   RO          504    i.MX_UART4_Init     usart.o
    0x0800acdc   0x0800acdc   0x00000038   Code   RO          505    i.MX_USART1_UART_Init  usart.o
    0x0800ad14   0x0800ad14   0x00000038   Code   RO          506    i.MX_USART2_UART_Init  usart.o
    0x0800ad4c   0x0800ad4c   0x00000004   Code   RO          565    i.MemManage_Handler  stm32f1xx_it.o
    0x0800ad50   0x0800ad50   0x00000004   Code   RO          566    i.NMI_Handler       stm32f1xx_it.o
    0x0800ad54   0x0800ad54   0x00000028   Code   RO         2461    i.RCC_Delay         stm32f1xx_hal_rcc.o
    0x0800ad7c   0x0800ad7c   0x00000044   Code   RO         3807    i.SPI_EndRxTxTransaction  stm32f1xx_hal_spi.o
    0x0800adc0   0x0800adc0   0x000000d8   Code   RO         3812    i.SPI_WaitFlagStateUntilTimeout  stm32f1xx_hal_spi.o
    0x0800ae98   0x0800ae98   0x00000034   Code   RO         8499    i.SysTick_Handler   port.o
    0x0800aecc   0x0800aecc   0x00000082   Code   RO          155    i.SystemClock_Config  main.o
    0x0800af4e   0x0800af4e   0x00000002   Code   RO         4454    i.SystemInit        system_stm32f1xx.o
    0x0800af50   0x0800af50   0x00000010   Code   RO          567    i.TIM6_IRQHandler   stm32f1xx_it.o
    0x0800af60   0x0800af60   0x000000ac   Code   RO         1108    i.TIM_Base_SetConfig  stm32f1xx_hal_tim.o
    0x0800b00c   0x0800b00c   0x00000022   Code   RO         1109    i.TIM_CCxChannelCmd  stm32f1xx_hal_tim.o
    0x0800b02e   0x0800b02e   0x00000016   Code   RO         1119    i.TIM_ETR_SetConfig  stm32f1xx_hal_tim.o
    0x0800b044   0x0800b044   0x00000012   Code   RO         1120    i.TIM_ITRx_SetConfig  stm32f1xx_hal_tim.o
    0x0800b056   0x0800b056   0x00000002   PAD
    0x0800b058   0x0800b058   0x00000070   Code   RO         1121    i.TIM_OC1_SetConfig  stm32f1xx_hal_tim.o
    0x0800b0c8   0x0800b0c8   0x0000007c   Code   RO         1122    i.TIM_OC2_SetConfig  stm32f1xx_hal_tim.o
    0x0800b144   0x0800b144   0x00000078   Code   RO         1123    i.TIM_OC3_SetConfig  stm32f1xx_hal_tim.o
    0x0800b1bc   0x0800b1bc   0x00000054   Code   RO         1124    i.TIM_OC4_SetConfig  stm32f1xx_hal_tim.o
    0x0800b210   0x0800b210   0x00000026   Code   RO         1126    i.TIM_TI1_ConfigInputStage  stm32f1xx_hal_tim.o
    0x0800b236   0x0800b236   0x00000028   Code   RO         1128    i.TIM_TI2_ConfigInputStage  stm32f1xx_hal_tim.o
    0x0800b25e   0x0800b25e   0x00000002   PAD
    0x0800b260   0x0800b260   0x00000010   Code   RO          568    i.UART4_IRQHandler  stm32f1xx_it.o
    0x0800b270   0x0800b270   0x00000014   Code   RO         4123    i.UART_DMAAbortOnError  stm32f1xx_hal_uart.o
    0x0800b284   0x0800b284   0x0000001c   Code   RO         4128    i.UART_DMARxOnlyAbortCallback  stm32f1xx_hal_uart.o
    0x0800b2a0   0x0800b2a0   0x0000006c   Code   RO         4133    i.UART_EndRxTransfer  stm32f1xx_hal_uart.o
    0x0800b30c   0x0800b30c   0x00000020   Code   RO         4134    i.UART_EndTransmit_IT  stm32f1xx_hal_uart.o
    0x0800b32c   0x0800b32c   0x000000fc   Code   RO         4136    i.UART_Receive_IT   stm32f1xx_hal_uart.o
    0x0800b428   0x0800b428   0x000000fc   Code   RO         4137    i.UART_SetConfig    stm32f1xx_hal_uart.o
    0x0800b524   0x0800b524   0x00000040   Code   RO         4139    i.UART_Start_Receive_IT  stm32f1xx_hal_uart.o
    0x0800b564   0x0800b564   0x00000060   Code   RO         4140    i.UART_Transmit_IT  stm32f1xx_hal_uart.o
    0x0800b5c4   0x0800b5c4   0x0000008c   Code   RO         4141    i.UART_WaitOnFlagUntilTimeout  stm32f1xx_hal_uart.o
    0x0800b650   0x0800b650   0x00000010   Code   RO          569    i.USART2_IRQHandler  stm32f1xx_it.o
    0x0800b660   0x0800b660   0x00000010   Code   RO          570    i.USB_LP_CAN1_RX0_IRQHandler  stm32f1xx_it.o
    0x0800b670   0x0800b670   0x00000004   Code   RO          571    i.UsageFault_Handler  stm32f1xx_it.o
    0x0800b674   0x0800b674   0x00000034   Code   RO         8851    i.__0snprintf       mc_w.l(printfa.o)
    0x0800b6a8   0x0800b6a8   0x00000034   Code   RO         8855    i.__0vsnprintf      mc_w.l(printfa.o)
    0x0800b6dc   0x0800b6dc   0x00000010   Code   RO         2768    i.__NVIC_GetPriorityGrouping  stm32f1xx_hal_cortex.o
    0x0800b6ec   0x0800b6ec   0x00000028   Code   RO         2769    i.__NVIC_SetPriority  stm32f1xx_hal_cortex.o
    0x0800b714   0x0800b714   0x0000000a   Code   RO         8896    i.__mathlib_flt_divzero  m_ws.l(funder.o)
    0x0800b71e   0x0800b71e   0x00000006   Code   RO         8897    i.__mathlib_flt_infnan  m_ws.l(funder.o)
    0x0800b724   0x0800b724   0x00000008   Code   RO         8899    i.__mathlib_flt_invalid  m_ws.l(funder.o)
    0x0800b72c   0x0800b72c   0x0000000e   Code   RO         8965    i.__scatterload_copy  mc_w.l(handlers.o)
    0x0800b73a   0x0800b73a   0x00000002   Code   RO         8966    i.__scatterload_null  mc_w.l(handlers.o)
    0x0800b73c   0x0800b73c   0x0000000e   Code   RO         8967    i.__scatterload_zeroinit  mc_w.l(handlers.o)
    0x0800b74a   0x0800b74a   0x00000002   PAD
    0x0800b74c   0x0800b74c   0x0000000c   Code   RO         8935    i.__set_errno       mc_w.l(errno.o)
    0x0800b758   0x0800b758   0x00000184   Code   RO         8857    i._fp_digits        mc_w.l(printfa.o)
    0x0800b8dc   0x0800b8dc   0x000006b4   Code   RO         8858    i._printf_core      mc_w.l(printfa.o)
    0x0800bf90   0x0800bf90   0x00000024   Code   RO         8859    i._printf_post_padding  mc_w.l(printfa.o)
    0x0800bfb4   0x0800bfb4   0x0000002e   Code   RO         8860    i._printf_pre_padding  mc_w.l(printfa.o)
    0x0800bfe2   0x0800bfe2   0x00000016   Code   RO         8861    i._snputc           mc_w.l(printfa.o)
    0x0800bff8   0x0800bff8   0x00000068   Code   RO         6839    i.a_ssd1315_gram_draw_point  driver_ssd1315.o
    0x0800c060   0x0800c060   0x00000124   Code   RO         6840    i.a_ssd1315_gram_show_char  driver_ssd1315.o
    0x0800c184   0x0800c184   0x0000007a   Code   RO         6841    i.a_ssd1315_multiple_write_byte  driver_ssd1315.o
    0x0800c1fe   0x0800c1fe   0x0000006a   Code   RO         6842    i.a_ssd1315_write_byte  driver_ssd1315.o
    0x0800c268   0x0800c268   0x00000028   Code   RO         6213    i.eMBEnable         mb.o
    0x0800c290   0x0800c290   0x0000008e   Code   RO         6368    i.eMBFuncReadHoldingRegister  mbfuncholding.o
    0x0800c31e   0x0800c31e   0x000000d4   Code   RO         6369    i.eMBFuncReadWriteMultipleHoldingRegister  mbfuncholding.o
    0x0800c3f2   0x0800c3f2   0x00000042   Code   RO         6370    i.eMBFuncWriteHoldingRegister  mbfuncholding.o
    0x0800c434   0x0800c434   0x00000078   Code   RO         6371    i.eMBFuncWriteMultipleHoldingRegister  mbfuncholding.o
    0x0800c4ac   0x0800c4ac   0x000000e4   Code   RO         6214    i.eMBInit           mb.o
    0x0800c590   0x0800c590   0x00000138   Code   RO         6215    i.eMBPoll           mb.o
    0x0800c6c8   0x0800c6c8   0x00000060   Code   RO         6508    i.eMBRTUInit        mbrtu.o
    0x0800c728   0x0800c728   0x00000054   Code   RO         6509    i.eMBRTUReceive     mbrtu.o
    0x0800c77c   0x0800c77c   0x00000090   Code   RO         6510    i.eMBRTUSend        mbrtu.o
    0x0800c80c   0x0800c80c   0x00000024   Code   RO         6511    i.eMBRTUStart       mbrtu.o
    0x0800c830   0x0800c830   0x00000018   Code   RO         6512    i.eMBRTUStop        mbrtu.o
    0x0800c848   0x0800c848   0x00000130   Code   RO         5836    i.eMBRegHoldingCB   app_modbus.o
    0x0800c978   0x0800c978   0x00000190   Code   RO         8585    i.logf              m_ws.l(logf.o)
    0x0800cb08   0x0800cb08   0x00000044   Code   RO          156    i.main              main.o
    0x0800cb4c   0x0800cb4c   0x000000cc   Code   RO         7854    i.prvAddCurrentTaskToDelayedList  tasks.o
    0x0800cc18   0x0800cc18   0x000000f0   Code   RO         7855    i.prvAddNewTaskToReadyList  tasks.o
    0x0800cd08   0x0800cd08   0x00000064   Code   RO         8236    i.prvCheckForValidListAndQueue  timers.o
    0x0800cd6c   0x0800cd6c   0x00000048   Code   RO         7856    i.prvCheckTasksWaitingTermination  tasks.o
    0x0800cdb4   0x0800cdb4   0x0000002a   Code   RO         7469    i.prvCopyDataFromQueue  queue.o
    0x0800cdde   0x0800cdde   0x0000007e   Code   RO         7470    i.prvCopyDataToQueue  queue.o
    0x0800ce5c   0x0800ce5c   0x00000068   Code   RO         7857    i.prvCreateIdleTasks  tasks.o
    0x0800cec4   0x0800cec4   0x0000005a   Code   RO         7858    i.prvCreateTask     tasks.o
    0x0800cf1e   0x0800cf1e   0x00000012   Code   RO         7859    i.prvDeleteTCB      tasks.o
    0x0800cf30   0x0800cf30   0x00000014   Code   RO         7471    i.prvGetDisinheritPriorityAfterTimeout  queue.o
    0x0800cf44   0x0800cf44   0x00000028   Code   RO         8237    i.prvGetNextExpireTime  timers.o
    0x0800cf6c   0x0800cf6c   0x0000006c   Code   RO         8419    i.prvHeapInit       heap_4.o
    0x0800cfd8   0x0800cfd8   0x00000028   Code   RO         7860    i.prvIdleTask       tasks.o
    0x0800d000   0x0800d000   0x0000001e   Code   RO         7472    i.prvInitialiseMutex  queue.o
    0x0800d01e   0x0800d01e   0x00000026   Code   RO         7473    i.prvInitialiseNewQueue  queue.o
    0x0800d044   0x0800d044   0x000000cc   Code   RO         7861    i.prvInitialiseNewTask  tasks.o
    0x0800d110   0x0800d110   0x00000058   Code   RO         8238    i.prvInitialiseNewTimer  timers.o
    0x0800d168   0x0800d168   0x00000068   Code   RO         7862    i.prvInitialiseTaskLists  tasks.o
    0x0800d1d0   0x0800d1d0   0x000000a0   Code   RO         8420    i.prvInsertBlockIntoFreeList  heap_4.o
    0x0800d270   0x0800d270   0x00000058   Code   RO         8239    i.prvInsertTimerInActiveList  timers.o
    0x0800d2c8   0x0800d2c8   0x0000001a   Code   RO         7474    i.prvIsQueueEmpty   queue.o
    0x0800d2e2   0x0800d2e2   0x0000001e   Code   RO         7475    i.prvIsQueueFull    queue.o
    0x0800d300   0x0800d300   0x00000044   Code   RO         8240    i.prvProcessExpiredTimer  timers.o
    0x0800d344   0x0800d344   0x00000154   Code   RO         8241    i.prvProcessReceivedCommands  timers.o
    0x0800d498   0x0800d498   0x00000074   Code   RO         8242    i.prvProcessTimerOrBlockTask  timers.o
    0x0800d50c   0x0800d50c   0x00000028   Code   RO         8243    i.prvReloadTimer    timers.o
    0x0800d534   0x0800d534   0x00000030   Code   RO         7863    i.prvResetNextTaskUnblockTime  tasks.o
    0x0800d564   0x0800d564   0x0000002c   Code   RO         8244    i.prvSampleTimeNow  timers.o
    0x0800d590   0x0800d590   0x00000044   Code   RO         8245    i.prvSwitchTimerLists  timers.o
    0x0800d5d4   0x0800d5d4   0x00000040   Code   RO         8500    i.prvTaskExitError  port.o
    0x0800d614   0x0800d614   0x0000001a   Code   RO         8246    i.prvTimerTask      timers.o
    0x0800d62e   0x0800d62e   0x0000007e   Code   RO         7476    i.prvUnlockQueue    queue.o
    0x0800d6ac   0x0800d6ac   0x00000022   Code   RO         6446    i.prveMBError2Exception  mbutils.o
    0x0800d6ce   0x0800d6ce   0x00000002   PAD
    0x0800d6d0   0x0800d6d0   0x00000200   Code   RO         8422    i.pvPortMalloc      heap_4.o
    0x0800d8d0   0x0800d8d0   0x00000014   Code   RO         7866    i.pvTaskIncrementMutexHeldCount  tasks.o
    0x0800d8e4   0x0800d8e4   0x00000024   Code   RO         8501    i.pxPortInitialiseStack  port.o
    0x0800d908   0x0800d908   0x000000e8   Code   RO         6844    i.ssd1315_clear     driver_ssd1315.o
    0x0800d9f0   0x0800d9f0   0x000000e4   Code   RO         6852    i.ssd1315_gram_update  driver_ssd1315.o
    0x0800dad4   0x0800dad4   0x000000c4   Code   RO         6854    i.ssd1315_gram_write_string  driver_ssd1315.o
    0x0800db98   0x0800db98   0x00000418   Code   RO         6856    i.ssd1315_init      driver_ssd1315.o
    0x0800dfb0   0x0800dfb0   0x00000010   Code   RO         6858    i.ssd1315_set_addr_pin  driver_ssd1315.o
    0x0800dfc0   0x0800dfc0   0x00000046   Code   RO         6859    i.ssd1315_set_charge_pump  driver_ssd1315.o
    0x0800e006   0x0800e006   0x0000003c   Code   RO         6861    i.ssd1315_set_com_pins_hardware_conf  driver_ssd1315.o
    0x0800e042   0x0800e042   0x00000030   Code   RO         6862    i.ssd1315_set_contrast  driver_ssd1315.o
    0x0800e072   0x0800e072   0x00000034   Code   RO         6863    i.ssd1315_set_deselect_level  driver_ssd1315.o
    0x0800e0a6   0x0800e0a6   0x00000032   Code   RO         6864    i.ssd1315_set_display  driver_ssd1315.o
    0x0800e0d8   0x0800e0d8   0x000000a4   Code   RO         6865    i.ssd1315_set_display_clock  driver_ssd1315.o
    0x0800e17c   0x0800e17c   0x00000032   Code   RO         6866    i.ssd1315_set_display_mode  driver_ssd1315.o
    0x0800e1ae   0x0800e1ae   0x00000002   PAD
    0x0800e1b0   0x0800e1b0   0x00000060   Code   RO         6867    i.ssd1315_set_display_offset  driver_ssd1315.o
    0x0800e210   0x0800e210   0x00000054   Code   RO         6868    i.ssd1315_set_display_start_line  driver_ssd1315.o
    0x0800e264   0x0800e264   0x00000032   Code   RO         6869    i.ssd1315_set_entire_display  driver_ssd1315.o
    0x0800e296   0x0800e296   0x00000010   Code   RO         6872    i.ssd1315_set_interface  driver_ssd1315.o
    0x0800e2a6   0x0800e2a6   0x00000030   Code   RO         6877    i.ssd1315_set_memory_addressing_mode  driver_ssd1315.o
    0x0800e2d6   0x0800e2d6   0x00000002   PAD
    0x0800e2d8   0x0800e2d8   0x00000094   Code   RO         6878    i.ssd1315_set_multiplex_ratio  driver_ssd1315.o
    0x0800e36c   0x0800e36c   0x0000009c   Code   RO         6881    i.ssd1315_set_precharge_period  driver_ssd1315.o
    0x0800e408   0x0800e408   0x00000032   Code   RO         6884    i.ssd1315_set_scan_direction  driver_ssd1315.o
    0x0800e43a   0x0800e43a   0x00000032   Code   RO         6885    i.ssd1315_set_segment_remap  driver_ssd1315.o
    0x0800e46c   0x0800e46c   0x000000cc   Code   RO         7867    i.ulTaskGenericNotifyTake  tasks.o
    0x0800e538   0x0800e538   0x00000038   Code   RO         6482    i.usMBCRC16         mbcrc.o
    0x0800e570   0x0800e570   0x00000028   Code   RO         7420    i.uxListRemove      list.o
    0x0800e598   0x0800e598   0x0000000c   Code   RO         7871    i.uxTaskGetNumberOfTasks  tasks.o
    0x0800e5a4   0x0800e5a4   0x00000034   Code   RO          157    i.vApplicationMallocFailedHook  main.o
    0x0800e5d8   0x0800e5d8   0x00000070   Code   RO          158    i.vApplicationStackOverflowHook  main.o
    0x0800e648   0x0800e648   0x0000001a   Code   RO         7421    i.vListInitialise   list.o
    0x0800e662   0x0800e662   0x00000006   Code   RO         7422    i.vListInitialiseItem  list.o
    0x0800e668   0x0800e668   0x00000034   Code   RO         7423    i.vListInsert       list.o
    0x0800e69c   0x0800e69c   0x00000054   Code   RO         6644    i.vMBPortSerialEnable  portserial.o
    0x0800e6f0   0x0800e6f0   0x00000064   Code   RO         6733    i.vMBPortTimersDisable  porttimer.o
    0x0800e754   0x0800e754   0x00000074   Code   RO         6734    i.vMBPortTimersEnable  porttimer.o
    0x0800e7c8   0x0800e7c8   0x00000054   Code   RO         8503    i.vPortEnterCritical  port.o
    0x0800e81c   0x0800e81c   0x0000003c   Code   RO         8504    i.vPortExitCritical  port.o
    0x0800e858   0x0800e858   0x000000c0   Code   RO         8423    i.vPortFree         heap_4.o
    0x0800e918   0x0800e918   0x00000028   Code   RO         8505    i.vPortSetupTimerInterrupt  port.o
    0x0800e940   0x0800e940   0x00000078   Code   RO         8506    i.vPortValidateInterruptPriority  port.o
    0x0800e9b8   0x0800e9b8   0x00000060   Code   RO         7482    i.vQueueAddToRegistry  queue.o
    0x0800ea18   0x0800ea18   0x0000004a   Code   RO         7485    i.vQueueWaitForMessageRestricted  queue.o
    0x0800ea62   0x0800ea62   0x00000002   PAD
    0x0800ea64   0x0800ea64   0x0000005c   Code   RO         7876    i.vTaskDelay        tasks.o
    0x0800eac0   0x0800eac0   0x00000198   Code   RO         7879    i.vTaskGenericNotifyGiveFromISR  tasks.o
    0x0800ec58   0x0800ec58   0x00000018   Code   RO         7880    i.vTaskInternalSetTimeOutState  tasks.o
    0x0800ec70   0x0800ec70   0x0000000c   Code   RO         7881    i.vTaskMissedYield  tasks.o
    0x0800ec7c   0x0800ec7c   0x00000038   Code   RO         7882    i.vTaskPlaceOnEventList  tasks.o
    0x0800ecb4   0x0800ecb4   0x00000068   Code   RO         7883    i.vTaskPlaceOnEventListRestricted  tasks.o
    0x0800ed1c   0x0800ed1c   0x00000120   Code   RO         7885    i.vTaskPriorityDisinheritAfterTimeout  tasks.o
    0x0800ee3c   0x0800ee3c   0x0000007c   Code   RO         7891    i.vTaskStartScheduler  tasks.o
    0x0800eeb8   0x0800eeb8   0x00000010   Code   RO         7893    i.vTaskSuspendAll   tasks.o
    0x0800eec8   0x0800eec8   0x000000d8   Code   RO         7894    i.vTaskSwitchContext  tasks.o
    0x0800efa0   0x0800efa0   0x0000003c   Code   RO         6586    i.xMBPortEventGet   portevent.o
    0x0800efdc   0x0800efdc   0x00000028   Code   RO         6587    i.xMBPortEventInit  portevent.o
    0x0800f004   0x0800f004   0x00000080   Code   RO         6588    i.xMBPortEventPost  portevent.o
    0x0800f084   0x0800f084   0x00000018   Code   RO         6646    i.xMBPortSerialGetByte  portserial.o
    0x0800f09c   0x0800f09c   0x0000000a   Code   RO         6647    i.xMBPortSerialInit  portserial.o
    0x0800f0a6   0x0800f0a6   0x00000002   PAD
    0x0800f0a8   0x0800f0a8   0x0000004c   Code   RO         6648    i.xMBPortSerialPutByte  portserial.o
    0x0800f0f4   0x0800f0f4   0x00000050   Code   RO         6736    i.xMBPortTimersInit  porttimer.o
    0x0800f144   0x0800f144   0x00000088   Code   RO         6513    i.xMBRTUReceiveFSM  mbrtu.o
    0x0800f1cc   0x0800f1cc   0x00000040   Code   RO         6514    i.xMBRTUTimerT35Expired  mbrtu.o
    0x0800f20c   0x0800f20c   0x0000006c   Code   RO         6515    i.xMBRTUTransmitFSM  mbrtu.o
    0x0800f278   0x0800f278   0x000000f8   Code   RO         8507    i.xPortStartScheduler  port.o
    0x0800f370   0x0800f370   0x00000022   Code   RO         7487    i.xQueueCreateMutex  queue.o
    0x0800f392   0x0800f392   0x00000066   Code   RO         7488    i.xQueueGenericCreate  queue.o
    0x0800f3f8   0x0800f3f8   0x000000dc   Code   RO         7489    i.xQueueGenericReset  queue.o
    0x0800f4d4   0x0800f4d4   0x000001a8   Code   RO         7490    i.xQueueGenericSend  queue.o
    0x0800f67c   0x0800f67c   0x0000012a   Code   RO         7491    i.xQueueGenericSendFromISR  queue.o
    0x0800f7a6   0x0800f7a6   0x00000002   PAD
    0x0800f7a8   0x0800f7a8   0x00000168   Code   RO         7498    i.xQueueReceive     queue.o
    0x0800f910   0x0800f910   0x00000194   Code   RO         7500    i.xQueueSemaphoreTake  queue.o
    0x0800faa4   0x0800faa4   0x00000090   Code   RO         7896    i.xTaskCheckForTimeOut  tasks.o
    0x0800fb34   0x0800fb34   0x00000038   Code   RO         7897    i.xTaskCreate       tasks.o
    0x0800fb6c   0x0800fb6c   0x000000d8   Code   RO         7898    i.xTaskDelayUntil   tasks.o
    0x0800fc44   0x0800fc44   0x000001e0   Code   RO         7899    i.xTaskGenericNotify  tasks.o
    0x0800fe24   0x0800fe24   0x0000000c   Code   RO         7903    i.xTaskGetCurrentTaskHandle  tasks.o
    0x0800fe30   0x0800fe30   0x00000020   Code   RO         7905    i.xTaskGetSchedulerState  tasks.o
    0x0800fe50   0x0800fe50   0x0000000c   Code   RO         7906    i.xTaskGetTickCount  tasks.o
    0x0800fe5c   0x0800fe5c   0x00000014   Code   RO         7907    i.xTaskGetTickCountFromISR  tasks.o
    0x0800fe70   0x0800fe70   0x000001cc   Code   RO         7908    i.xTaskIncrementTick  tasks.o
    0x0801003c   0x0801003c   0x000000f8   Code   RO         7909    i.xTaskPriorityDisinherit  tasks.o
    0x08010134   0x08010134   0x000000f4   Code   RO         7910    i.xTaskPriorityInherit  tasks.o
    0x08010228   0x08010228   0x00000130   Code   RO         7911    i.xTaskRemoveFromEventList  tasks.o
    0x08010358   0x08010358   0x000001a0   Code   RO         7912    i.xTaskResumeAll    tasks.o
    0x080104f8   0x080104f8   0x00000036   Code   RO         8252    i.xTimerCreate      timers.o
    0x0801052e   0x0801052e   0x00000002   PAD
    0x08010530   0x08010530   0x00000054   Code   RO         8253    i.xTimerCreateTimerTask  timers.o
    0x08010584   0x08010584   0x0000007c   Code   RO         8254    i.xTimerGenericCommandFromISR  timers.o
    0x08010600   0x08010600   0x00000094   Code   RO         8255    i.xTimerGenericCommandFromTask  timers.o
    0x08010694   0x08010694   0x00000050   Code   RO         8261    i.xTimerPendFunctionCall  timers.o
    0x080106e4   0x080106e4   0x00000034   Code   RO         8262    i.xTimerPendFunctionCallFromISR  timers.o
    0x08010718   0x08010718   0x00000012   Data   RO         2462    .constdata          stm32f1xx_hal_rcc.o
    0x0801072a   0x0801072a   0x00000012   Data   RO         2558    .constdata          stm32f1xx_hal_rcc_ex.o
    0x0801073c   0x0801073c   0x00000018   Data   RO         4455    .constdata          system_stm32f1xx.o
    0x08010754   0x08010754   0x00000021   Data   RO         5529    .constdata          app_bluetooth.o
    0x08010775   0x08010775   0x00000200   Data   RO         6483    .constdata          mbcrc.o
    0x08010975   0x08010975   0x000017c0   Data   RO         6893    .constdata          driver_ssd1315.o
    0x08012135   0x08012135   0x00000001   PAD
    0x08012136   0x08012136   0x00000008   Data   RO         7183    .constdata          dri_key.o
    0x0801213e   0x0801213e   0x00000002   PAD
    0x08012140   0x08012140   0x00000040   Data   RO         8586    .constdata          m_ws.l(logf.o)
    0x08012180   0x08012180   0x00000048   Data   RO         5756    .conststring        app_can.o
    0x080121c8   0x080121c8   0x00000075   Data   RO         5838    .conststring        app_modbus.o
    0x0801223d   0x0801223d   0x00000003   PAD
    0x08012240   0x08012240   0x00000020   Data   RO         8963    Region$$Table       anon$$obj.o


    Execution Region RW_IRAM1 (Exec base: 0x20000000, Load base: 0x08012260, Size: 0x00007280, Max: 0x0000c000, ABSOLUTE, COMPRESSED[0x00000030])

    Exec Addr    Load Addr    Size         Type   Attr      Idx    E Section Name        Object

    0x20000000   COMPRESSED   0x00000009   Data   RW         2298    .data               stm32f1xx_hal.o
    0x20000009   COMPRESSED   0x00000003   PAD
    0x2000000c   COMPRESSED   0x00000004   Data   RW         4456    .data               system_stm32f1xx.o
    0x20000010   COMPRESSED   0x00000006   Data   RW         4499    .data               app_buzzer.o
    0x20000016   COMPRESSED   0x00000002   PAD
    0x20000018   COMPRESSED   0x00000009   Data   RW         4810    .data               app_system.o
    0x20000021   COMPRESSED   0x00000003   PAD
    0x20000024   COMPRESSED   0x00000014   Data   RW         4908    .data               app_storage.o
    0x20000038   COMPRESSED   0x00000001   Data   RW         5020    .data               app_oled.o
    0x20000039   COMPRESSED   0x00000003   PAD
    0x2000003c   COMPRESSED   0x0000000d   Data   RW         5190    .data               app_ui.o
    0x20000049   COMPRESSED   0x00000003   PAD
    0x2000004c   COMPRESSED   0x00000022   Data   RW         5257    .data               app_motor.o
    0x2000006e   COMPRESSED   0x00000002   PAD
    0x20000070   COMPRESSED   0x0000001e   Data   RW         5358    .data               app_heater.o
    0x2000008e   COMPRESSED   0x00000001   Data   RW         5478    .data               app_rtc.o
    0x2000008f   COMPRESSED   0x00000001   Data   RW         5530    .data               app_bluetooth.o
    0x20000090   COMPRESSED   0x0000000f   Data   RW         5599    .data               app_imu.o
    0x2000009f   COMPRESSED   0x00000001   PAD
    0x200000a0   COMPRESSED   0x00000024   Data   RW         5757    .data               app_can.o
    0x200000c4   COMPRESSED   0x00000014   Data   RW         5839    .data               app_modbus.o
    0x200000d8   COMPRESSED   0x00000004   Data   RW         5971    .data               int_i2c2.o
    0x200000dc   COMPRESSED   0x00000004   Data   RW         6045    .data               int_i2c1.o
    0x200000e0   COMPRESSED   0x00000004   Data   RW         6107    .data               int_spi2.o
    0x200000e4   COMPRESSED   0x00000007   Data   RW         6165    .data               int_bluetooth.o
    0x200000eb   COMPRESSED   0x00000001   PAD
    0x200000ec   COMPRESSED   0x000000b5   Data   RW         6217    .data               mb.o
    0x200001a1   COMPRESSED   0x00000003   PAD
    0x200001a4   COMPRESSED   0x0000000c   Data   RW         6517    .data               mbrtu.o
    0x200001b0   COMPRESSED   0x0000000c   Data   RW         6589    .data               portevent.o
    0x200001bc   COMPRESSED   0x00000015   Data   RW         6649    .data               portserial.o
    0x200001d1   COMPRESSED   0x00000003   PAD
    0x200001d4   COMPRESSED   0x0000000c   Data   RW         6737    .data               porttimer.o
    0x200001e0   COMPRESSED   0x00000011   Data   RW         7184    .data               dri_key.o
    0x200001f1   COMPRESSED   0x00000001   Data   RW         7222    .data               dri_adc.o
    0x200001f2   COMPRESSED   0x00000002   PAD
    0x200001f4   COMPRESSED   0x00000040   Data   RW         7915    .data               tasks.o
    0x20000234   COMPRESSED   0x00000014   Data   RW         8264    .data               timers.o
    0x20000248   COMPRESSED   0x0000001c   Data   RW         8430    .data               heap_4.o
    0x20000264   COMPRESSED   0x0000000c   Data   RW         8508    .data               port.o
    0x20000270   COMPRESSED   0x00000004   Data   RW         8936    .data               mc_w.l(errno.o)
    0x20000274        -       0x00000028   Zero   RW           15    .bss                can.o
    0x2000029c        -       0x00000074   Zero   RW          295    .bss                adc.o
    0x20000310        -       0x000000a8   Zero   RW          338    .bss                i2c.o
    0x200003b8        -       0x00000058   Zero   RW          385    .bss                spi.o
    0x20000410        -       0x00000120   Zero   RW          433    .bss                tim.o
    0x20000530        -       0x000000d8   Zero   RW          507    .bss                usart.o
    0x20000608        -       0x00000048   Zero   RW          707    .bss                stm32f1xx_hal_timebase_tim.o
    0x20000650        -       0x00000034   Zero   RW         4809    .bss                app_system.o
    0x20000684        -       0x000004bd   Zero   RW         5019    .bss                app_oled.o
    0x20000b41   COMPRESSED   0x00000003   PAD
    0x20000b44        -       0x00000020   Zero   RW         5256    .bss                app_motor.o
    0x20000b64        -       0x0000000c   Zero   RW         5357    .bss                app_heater.o
    0x20000b70        -       0x00000080   Zero   RW         6164    .bss                int_bluetooth.o
    0x20000bf0        -       0x00000100   Zero   RW         6516    .bss                mbrtu.o
    0x20000cf0        -       0x00000020   Zero   RW         7182    .bss                dri_key.o
    0x20000d10        -       0x00000040   Zero   RW         7221    .bss                dri_adc.o
    0x20000d50        -       0x00000040   Zero   RW         7502    .bss                queue.o
    0x20000d90        -       0x000000c8   Zero   RW         7914    .bss                tasks.o
    0x20000e58        -       0x00000028   Zero   RW         8263    .bss                timers.o
    0x20000e80        -       0x00006000   Zero   RW         8429    .bss                heap_4.o
    0x20006e80        -       0x00000400   Zero   RW            1    STACK               startup_stm32f103xe.o


==============================================================================

Image component sizes


      Code (inc. data)   RO Data    RW Data    ZI Data      Debug   Object Name

       452         36          0          0        116       1971   adc.o
       808        202         33          1          0       5850   app_bluetooth.o
       456         72          0          6          0      17652   app_buzzer.o
       988        140         72         36          0       6454   app_can.o
      3122        982          0         30         12      14947   app_heater.o
      1408        450          0         15          0       8445   app_imu.o
       974        176          0          0          0       4621   app_key.o
      1834       1094          0          0          0     434314   app_main.o
       668        112        117         20          0       6037   app_modbus.o
      1756        288          0         34         32       9714   app_motor.o
      1980        544          0          1       1213      15577   app_oled.o
       786         44          0          0          0       7276   app_protocol.o
       572        256          0          1          0       3431   app_rtc.o
      1028         48          0         20          0      10593   app_storage.o
       582         88          0          9         52      11257   app_system.o
       582         42          0         13          0       4950   app_ui.o
       236         22          0          0         40     536317   can.o
        76          6          0          0          0        706   com_debug.o
       160         14          0          1         64       1801   dri_adc.o
       580          0          0          0          0       4496   dri_ds3231.o
       420         74          8         17         32       2960   dri_key.o
      3536       1128       6080          0          0      26306   driver_ssd1315.o
       244          0          0          0          0       3022   drv_m24c02.o
         0          0          0          0          0      12940   event_groups.o
       412         24          0          0          0       1107   gpio.o
       972         82          0         28      24576       5799   heap_4.o
       328         42          0          0        168       2246   i2c.o
       288         78          0          7        128       3182   int_bluetooth.o
       292         34          0          4          0       3920   int_i2c1.o
       376         40          0          4          0       9368   int_i2c2.o
       388         44          0          4          0       4608   int_spi2.o
       124          0          0          0          0       2713   list.o
       424         96          0          0          0      19863   main.o
       580        128          0        181          0      10424   mb.o
        56          8        512          0          0       1304   mbcrc.o
         0          0          0          0          0        753   mbfunccoils.o
       540          0          0          0          0       5191   mbfuncholding.o
       692         68          0         12        256       6543   mbrtu.o
        34          0          0          0          0        608   mbutils.o
       854         78          0         12          0      10785   port.o
       252         36          0         12          0       3839   portevent.o
       354         98          0         21          0       6309   portserial.o
       398         54          0         12          0       4450   porttimer.o
      2450         26          0          0         64      19912   queue.o
       204         20          0          0         88       1669   spi.o
        36          8        304          0       1024        812   startup_stm32f103xe.o
       152         42          0          9          0       7459   stm32f1xx_hal.o
      1456         58          0          0          0       8466   stm32f1xx_hal_adc.o
       284          6          0          0          0       1482   stm32f1xx_hal_adc_ex.o
      2264          0          0          0          0      16670   stm32f1xx_hal_can.o
       252         22          0          0          0      28730   stm32f1xx_hal_cortex.o
       850         18          0          0          0       4177   stm32f1xx_hal_dma.o
       888         44          0          0          0       3978   stm32f1xx_hal_gpio.o
      4124         74          0          0          0      14964   stm32f1xx_hal_i2c.o
        84          8          0          0          0        914   stm32f1xx_hal_msp.o
      1816        108         18          0          0       6665   stm32f1xx_hal_rcc.o
       584         34         18          0          0       2421   stm32f1xx_hal_rcc_ex.o
      1504          6          0          0          0       5700   stm32f1xx_hal_spi.o
      2826        110          0          0          0      18718   stm32f1xx_hal_tim.o
       276         22          0          0          0       3269   stm32f1xx_hal_tim_ex.o
       180         22          0          0         72       1487   stm32f1xx_hal_timebase_tim.o
      2308         12          0          0          0      14191   stm32f1xx_hal_uart.o
       148         24          0          0          0       7457   stm32f1xx_it.o
         2          0         24          4          0       1143   system_stm32f1xx.o
      5344        482          0         64        200      40112   tasks.o
      1144         82          0          0        288       5429   tim.o
      1560        128          0         20         40      17313   timers.o
       560         56          0          0        216       2974   usart.o

    ----------------------------------------------------------------------
     61980       8140       7224        624      28684    1490761   Object Totals
         0          0         32          0          0          0   (incl. Generated)
        72          0          6         26          3          0   (incl. Padding)

    ----------------------------------------------------------------------

      Code (inc. data)   RO Data    RW Data    ZI Data      Debug   Library Member Name

        24          0          0          0          0        204   funder.o
       400         38         64          0          0        132   logf.o
        86          0          0          0          0          0   __dczerorl2.o
         0          0          0          0          0          0   entry.o
         0          0          0          0          0          0   entry10a.o
         0          0          0          0          0          0   entry11a.o
         4          0          0          0          0          0   entry12b.o
         8          4          0          0          0          0   entry2.o
         4          0          0          0          0          0   entry5.o
         0          0          0          0          0          0   entry7b.o
         0          0          0          0          0          0   entry8b.o
         8          4          0          0          0          0   entry9a.o
        12          6          0          4          0         68   errno.o
        30          0          0          0          0          0   handlers.o
        36          8          0          0          0         68   init.o
         0          0          0          0          0          0   iusefp.o
        30          0          0          0          0         68   llshl.o
        36          0          0          0          0         68   llsshr.o
        32          0          0          0          0         68   llushr.o
        36          0          0          0          0         68   memcpya.o
        36          0          0          0          0        108   memseta.o
      2312         90          0          0          0        616   printfa.o
        28          0          0          0          0         76   strcmp.o
        14          0          0          0          0         68   strlen.o
        30          0          0          0          0         80   strncmp.o
        44          0          0          0          0         80   uidiv.o
        98          0          0          0          0         92   uldiv.o
        48          0          0          0          0         68   cdrcmple.o
        20          0          0          0          0         68   cfcmple.o
        20          0          0          0          0         68   cfrcmple.o
       334          0          0          0          0        148   dadd.o
       222          0          0          0          0        100   ddiv.o
       186          0          0          0          0        176   depilogue.o
        48          0          0          0          0         68   dfixul.o
       228          0          0          0          0         96   dmul.o
       176          0          0          0          0        140   fadd.o
       124          0          0          0          0         88   fdiv.o
       110          0          0          0          0        168   fepilogue.o
        50          0          0          0          0         68   ffixi.o
        40          0          0          0          0         68   ffixui.o
        18          0          0          0          0         68   fflti.o
        10          0          0          0          0         68   ffltui.o
       100          0          0          0          0         76   fmul.o
        24          0          0          0          0         68   fscalb.o

    ----------------------------------------------------------------------
      5068        150         64          4          0       3468   Library Totals
         2          0          0          0          0          0   (incl. Padding)

    ----------------------------------------------------------------------

      Code (inc. data)   RO Data    RW Data    ZI Data      Debug   Library Name

       424         38         64          0          0        336   m_ws.l
      2884        112          0          4          0       1528   mc_w.l
      1758          0          0          0          0       1604   mf_w.l

    ----------------------------------------------------------------------
      5068        150         64          4          0       3468   Library Totals

    ----------------------------------------------------------------------

==============================================================================


      Code (inc. data)   RO Data    RW Data    ZI Data      Debug   

     67048       8290       7288        628      28684    1466277   Grand Totals
     67048       8290       7288         48      28684    1466277   ELF Image Totals (compressed)
     67048       8290       7288         48          0          0   ROM Totals

==============================================================================

    Total RO  Size (Code + RO Data)                74336 (  72.59kB)
    Total RW  Size (RW Data + ZI Data)             29312 (  28.63kB)
    Total ROM Size (Code + RO Data + RW Data)      74384 (  72.64kB)

==============================================================================

