Component: ARM Compiler 5.06 update 7 (build 960) Tool: armlink [4d3601]

==============================================================================

Section Cross References

    startup_stm32f103xe.o(RESET) refers to startup_stm32f103xe.o(STACK) for __initial_sp
    startup_stm32f103xe.o(RESET) refers to startup_stm32f103xe.o(.text) for Reset_Handler
    startup_stm32f103xe.o(RESET) refers to stm32f1xx_it.o(i.NMI_Handler) for NMI_Handler
    startup_stm32f103xe.o(RESET) refers to stm32f1xx_it.o(i.HardFault_Handler) for HardFault_Handler
    startup_stm32f103xe.o(RESET) refers to stm32f1xx_it.o(i.MemManage_Handler) for MemManage_Handler
    startup_stm32f103xe.o(RESET) refers to stm32f1xx_it.o(i.BusFault_Handler) for BusFault_Handler
    startup_stm32f103xe.o(RESET) refers to stm32f1xx_it.o(i.UsageFault_Handler) for UsageFault_Handler
    startup_stm32f103xe.o(RESET) refers to port.o(.emb_text) for SVC_Handler
    startup_stm32f103xe.o(RESET) refers to stm32f1xx_it.o(i.DebugMon_Handler) for DebugMon_Handler
    startup_stm32f103xe.o(RESET) refers to port.o(i.SysTick_Handler) for SysTick_Handler
    startup_stm32f103xe.o(RESET) refers to stm32f1xx_it.o(i.EXTI4_IRQHandler) for EXTI4_IRQHandler
    startup_stm32f103xe.o(RESET) refers to stm32f1xx_it.o(i.DMA1_Channel1_IRQHandler) for DMA1_Channel1_IRQHandler
    startup_stm32f103xe.o(RESET) refers to stm32f1xx_it.o(i.EXTI9_5_IRQHandler) for EXTI9_5_IRQHandler
    startup_stm32f103xe.o(RESET) refers to stm32f1xx_it.o(i.USART2_IRQHandler) for USART2_IRQHandler
    startup_stm32f103xe.o(RESET) refers to stm32f1xx_it.o(i.EXTI15_10_IRQHandler) for EXTI15_10_IRQHandler
    startup_stm32f103xe.o(RESET) refers to stm32f1xx_it.o(i.UART4_IRQHandler) for UART4_IRQHandler
    startup_stm32f103xe.o(RESET) refers to stm32f1xx_it.o(i.TIM6_IRQHandler) for TIM6_IRQHandler
    startup_stm32f103xe.o(.text) refers to system_stm32f1xx.o(i.SystemInit) for SystemInit
    startup_stm32f103xe.o(.text) refers to entry.o(.ARM.Collect$$$$00000000) for __main
    can.o(i.HAL_CAN_MspInit) refers to stm32f1xx_hal_gpio.o(i.HAL_GPIO_Init) for HAL_GPIO_Init
    can.o(i.HAL_CAN_MspInit) refers to stm32f1xx_hal_cortex.o(i.HAL_NVIC_SetPriority) for HAL_NVIC_SetPriority
    can.o(i.HAL_CAN_MspInit) refers to stm32f1xx_hal_cortex.o(i.HAL_NVIC_EnableIRQ) for HAL_NVIC_EnableIRQ
    can.o(i.MX_CAN1_Init) refers to stm32f1xx_hal_can.o(i.HAL_CAN_Init) for HAL_CAN_Init
    can.o(i.MX_CAN1_Init) refers to main.o(i.Error_Handler) for Error_Handler
    can.o(i.MX_CAN1_Init) refers to can.o(.bss) for hcan1
    main.o(i.App_DebugLog) refers to strlen.o(.text) for strlen
    main.o(i.App_DebugLog) refers to stm32f1xx_hal_uart.o(i.HAL_UART_Transmit) for HAL_UART_Transmit
    main.o(i.App_DebugLog) refers to usart.o(.bss) for huart1
    main.o(i.HAL_TIM_PeriodElapsedCallback) refers to stm32f1xx_hal.o(i.HAL_IncTick) for HAL_IncTick
    main.o(i.SystemClock_Config) refers to memseta.o(.text) for __aeabi_memclr4
    main.o(i.SystemClock_Config) refers to stm32f1xx_hal_rcc.o(i.HAL_RCC_OscConfig) for HAL_RCC_OscConfig
    main.o(i.SystemClock_Config) refers to main.o(i.Error_Handler) for Error_Handler
    main.o(i.SystemClock_Config) refers to stm32f1xx_hal_rcc.o(i.HAL_RCC_ClockConfig) for HAL_RCC_ClockConfig
    main.o(i.SystemClock_Config) refers to stm32f1xx_hal_rcc_ex.o(i.HAL_RCCEx_PeriphCLKConfig) for HAL_RCCEx_PeriphCLKConfig
    main.o(i.main) refers to stm32f1xx_hal.o(i.HAL_Init) for HAL_Init
    main.o(i.main) refers to main.o(i.SystemClock_Config) for SystemClock_Config
    main.o(i.main) refers to gpio.o(i.MX_GPIO_Init) for MX_GPIO_Init
    main.o(i.main) refers to adc.o(i.MX_ADC1_Init) for MX_ADC1_Init
    main.o(i.main) refers to i2c.o(i.MX_I2C1_Init) for MX_I2C1_Init
    main.o(i.main) refers to i2c.o(i.MX_I2C2_Init) for MX_I2C2_Init
    main.o(i.main) refers to spi.o(i.MX_SPI2_Init) for MX_SPI2_Init
    main.o(i.main) refers to tim.o(i.MX_TIM1_Init) for MX_TIM1_Init
    main.o(i.main) refers to tim.o(i.MX_TIM2_Init) for MX_TIM2_Init
    main.o(i.main) refers to tim.o(i.MX_TIM3_Init) for MX_TIM3_Init
    main.o(i.main) refers to tim.o(i.MX_TIM4_Init) for MX_TIM4_Init
    main.o(i.main) refers to usart.o(i.MX_UART4_Init) for MX_UART4_Init
    main.o(i.main) refers to usart.o(i.MX_USART1_UART_Init) for MX_USART1_UART_Init
    main.o(i.main) refers to usart.o(i.MX_USART2_UART_Init) for MX_USART2_UART_Init
    main.o(i.main) refers to app_main.o(i.App_main) for App_main
    main.o(i.vApplicationMallocFailedHook) refers to main.o(i.App_DebugLog) for App_DebugLog
    main.o(i.vApplicationStackOverflowHook) refers to main.o(i.App_DebugLog) for App_DebugLog
    gpio.o(i.MX_GPIO_Init) refers to stm32f1xx_hal_gpio.o(i.HAL_GPIO_WritePin) for HAL_GPIO_WritePin
    gpio.o(i.MX_GPIO_Init) refers to stm32f1xx_hal_gpio.o(i.HAL_GPIO_Init) for HAL_GPIO_Init
    gpio.o(i.MX_GPIO_Init) refers to stm32f1xx_hal_cortex.o(i.HAL_NVIC_SetPriority) for HAL_NVIC_SetPriority
[...]
    i.HAL_TIM_PeriodElapsedCallback          0x08002dc4   Section        0  main.o(i.HAL_TIM_PeriodElapsedCallback)
    i.HAL_TIM_TriggerCallback                0x08002ddc   Section        0  stm32f1xx_hal_tim.o(i.HAL_TIM_TriggerCallback)
    i.HAL_UARTEx_RxEventCallback             0x08002dde   Section        0  stm32f1xx_hal_uart.o(i.HAL_UARTEx_RxEventCallback)
    i.HAL_UART_ErrorCallback                 0x08002de0   Section        0  stm32f1xx_hal_uart.o(i.HAL_UART_ErrorCallback)
    i.HAL_UART_IRQHandler                    0x08002de4   Section        0  stm32f1xx_hal_uart.o(i.HAL_UART_IRQHandler)
    i.HAL_UART_Init                          0x080030c8   Section        0  stm32f1xx_hal_uart.o(i.HAL_UART_Init)
    i.HAL_UART_MspInit                       0x08003140   Section        0  usart.o(i.HAL_UART_MspInit)
    i.HAL_UART_RxCpltCallback                0x080032c8   Section        0  stm32f1xx_hal_uart.o(i.HAL_UART_RxCpltCallback)
    i.HAL_UART_Transmit                      0x080032ca   Section        0  stm32f1xx_hal_uart.o(i.HAL_UART_Transmit)
    i.HAL_UART_TxCpltCallback                0x08003388   Section        0  stm32f1xx_hal_uart.o(i.HAL_UART_TxCpltCallback)
    i.HardFault_Handler                      0x0800338a   Section        0  stm32f1xx_it.o(i.HardFault_Handler)
    i.MX_ADC1_Init                           0x08003390   Section        0  adc.o(i.MX_ADC1_Init)
    i.MX_GPIO_Init                           0x08003470   Section        0  gpio.o(i.MX_GPIO_Init)
    i.MX_I2C1_Init                           0x080035fc   Section        0  i2c.o(i.MX_I2C1_Init)
    i.MX_I2C2_Init                           0x08003638   Section        0  i2c.o(i.MX_I2C2_Init)
    i.MX_SPI2_Init                           0x08003674   Section        0  spi.o(i.MX_SPI2_Init)
    i.MX_TIM1_Init                           0x080036b8   Section        0  tim.o(i.MX_TIM1_Init)
    i.MX_TIM2_Init                           0x08003794   Section        0  tim.o(i.MX_TIM2_Init)
    i.MX_TIM3_Init                           0x08003834   Section        0  tim.o(i.MX_TIM3_Init)
    i.MX_TIM4_Init                           0x080038b4   Section        0  tim.o(i.MX_TIM4_Init)
    i.MX_UART4_Init                          0x08003958   Section        0  usart.o(i.MX_UART4_Init)
    i.MX_USART1_UART_Init                    0x08003990   Section        0  usart.o(i.MX_USART1_UART_Init)
    i.MX_USART2_UART_Init                    0x080039c8   Section        0  usart.o(i.MX_USART2_UART_Init)
    i.MemManage_Handler                      0x08003a00   Section        0  stm32f1xx_it.o(i.MemManage_Handler)
    i.NMI_Handler                            0x08003a04   Section        0  stm32f1xx_it.o(i.NMI_Handler)
    i.RCC_Delay                              0x08003a08   Section        0  stm32f1xx_hal_rcc.o(i.RCC_Delay)
    RCC_Delay                                0x08003a09   Thumb Code    36  stm32f1xx_hal_rcc.o(i.RCC_Delay)
    i.SysTick_Handler                        0x08003a30   Section        0  port.o(i.SysTick_Handler)
    i.SystemClock_Config                     0x08003a64   Section        0  main.o(i.SystemClock_Config)
    i.SystemInit                             0x08003ae6   Section        0  system_stm32f1xx.o(i.SystemInit)
    i.TIM6_IRQHandler                        0x08003ae8   Section        0  stm32f1xx_it.o(i.TIM6_IRQHandler)
    i.TIM_Base_SetConfig                     0x08003af8   Section        0  stm32f1xx_hal_tim.o(i.TIM_Base_SetConfig)
    i.TIM_CCxChannelCmd                      0x08003ba4   Section        0  stm32f1xx_hal_tim.o(i.TIM_CCxChannelCmd)
    i.TIM_ETR_SetConfig                      0x08003bc6   Section        0  stm32f1xx_hal_tim.o(i.TIM_ETR_SetConfig)
    i.TIM_ITRx_SetConfig                     0x08003bdc   Section        0  stm32f1xx_hal_tim.o(i.TIM_ITRx_SetConfig)
    TIM_ITRx_SetConfig                       0x08003bdd   Thumb Code    18  stm32f1xx_hal_tim.o(i.TIM_ITRx_SetConfig)
    i.TIM_OC1_SetConfig                      0x08003bf0   Section        0  stm32f1xx_hal_tim.o(i.TIM_OC1_SetConfig)
    TIM_OC1_SetConfig                        0x08003bf1   Thumb Code   104  stm32f1xx_hal_tim.o(i.TIM_OC1_SetConfig)
    i.TIM_OC2_SetConfig                      0x08003c60   Section        0  stm32f1xx_hal_tim.o(i.TIM_OC2_SetConfig)
    i.TIM_OC3_SetConfig                      0x08003cdc   Section        0  stm32f1xx_hal_tim.o(i.TIM_OC3_SetConfig)
    TIM_OC3_SetConfig                        0x08003cdd   Thumb Code   112  stm32f1xx_hal_tim.o(i.TIM_OC3_SetConfig)
    i.TIM_OC4_SetConfig                      0x08003d54   Section        0  stm32f1xx_hal_tim.o(i.TIM_OC4_SetConfig)
    TIM_OC4_SetConfig                        0x08003d55   Thumb Code    74  stm32f1xx_hal_tim.o(i.TIM_OC4_SetConfig)
    i.TIM_TI1_ConfigInputStage               0x08003da8   Section        0  stm32f1xx_hal_tim.o(i.TIM_TI1_ConfigInputStage)
    TIM_TI1_ConfigInputStage                 0x08003da9   Thumb Code    38  stm32f1xx_hal_tim.o(i.TIM_TI1_ConfigInputStage)
    i.TIM_TI2_ConfigInputStage               0x08003dce   Section        0  stm32f1xx_hal_tim.o(i.TIM_TI2_ConfigInputStage)
    TIM_TI2_ConfigInputStage                 0x08003dcf   Thumb Code    40  stm32f1xx_hal_tim.o(i.TIM_TI2_ConfigInputStage)
    i.UART4_IRQHandler                       0x08003df8   Section        0  stm32f1xx_it.o(i.UART4_IRQHandler)
    i.UART_DMAAbortOnError                   0x08003e08   Section        0  stm32f1xx_hal_uart.o(i.UART_DMAAbortOnError)
    UART_DMAAbortOnError                     0x08003e09   Thumb Code    20  stm32f1xx_hal_uart.o(i.UART_DMAAbortOnError)
    i.UART_EndRxTransfer                     0x08003e1c   Section        0  stm32f1xx_hal_uart.o(i.UART_EndRxTransfer)
    UART_EndRxTransfer                       0x08003e1d   Thumb Code   108  stm32f1xx_hal_uart.o(i.UART_EndRxTransfer)
    i.UART_EndTransmit_IT                    0x08003e88   Section        0  stm32f1xx_hal_uart.o(i.UART_EndTransmit_IT)
    UART_EndTransmit_IT                      0x08003e89   Thumb Code    32  stm32f1xx_hal_uart.o(i.UART_EndTransmit_IT)
    i.UART_Receive_IT                        0x08003ea8   Section        0  stm32f1xx_hal_uart.o(i.UART_Receive_IT)
    UART_Receive_IT                          0x08003ea9   Thumb Code   252  stm32f1xx_hal_uart.o(i.UART_Receive_IT)
    i.UART_SetConfig                         0x08003fa4   Section        0  stm32f1xx_hal_uart.o(i.UART_SetConfig)
    UART_SetConfig                           0x08003fa5   Thumb Code   248  stm32f1xx_hal_uart.o(i.UART_SetConfig)
    i.UART_Transmit_IT                       0x080040a0   Section        0  stm32f1xx_hal_uart.o(i.UART_Transmit_IT)
    UART_Transmit_IT                         0x080040a1   Thumb Code    96  stm32f1xx_hal_uart.o(i.UART_Transmit_IT)
    i.UART_WaitOnFlagUntilTimeout            0x08004100   Section        0  stm32f1xx_hal_uart.o(i.UART_WaitOnFlagUntilTimeout)
    UART_WaitOnFlagUntilTimeout              0x08004101   Thumb Code   140  stm32f1xx_hal_uart.o(i.UART_WaitOnFlagUntilTimeout)
    i.USART2_IRQHandler                      0x0800418c   Section        0  stm32f1xx_it.o(i.USART2_IRQHandler)
    i.UsageFault_Handler                     0x0800419c   Section        0  stm32f1xx_it.o(i.UsageFault_Handler)
    i.__0vsnprintf                           0x080041a0   Section        0  printfa.o(i.__0vsnprintf)
    i.__NVIC_GetPriorityGrouping             0x080041d4   Section        0  stm32f1xx_hal_cortex.o(i.__NVIC_GetPriorityGrouping)
    __NVIC_GetPriorityGrouping               0x080041d5   Thumb Code    10  stm32f1xx_hal_cortex.o(i.__NVIC_GetPriorityGrouping)
    i.__NVIC_SetPriority                     0x080041e4   Section        0  stm32f1xx_hal_cortex.o(i.__NVIC_SetPriority)
    __NVIC_SetPriority                       0x080041e5   Thumb Code    32  stm32f1xx_hal_cortex.o(i.__NVIC_SetPriority)
    i.__scatterload_copy                     0x0800420c   Section       14  handlers.o(i.__scatterload_copy)
    i.__scatterload_null                     0x0800421a   Section        2  handlers.o(i.__scatterload_null)
    i.__scatterload_zeroinit                 0x0800421c   Section       14  handlers.o(i.__scatterload_zeroinit)
    i._fp_digits                             0x0800422c   Section        0  printfa.o(i._fp_digits)
    _fp_digits                               0x0800422d   Thumb Code   366  printfa.o(i._fp_digits)
    i._printf_core                           0x080043b0   Section        0  printfa.o(i._printf_core)
    _printf_core                             0x080043b1   Thumb Code  1704  printfa.o(i._printf_core)
    i._printf_post_padding                   0x08004a64   Section        0  printfa.o(i._printf_post_padding)
    _printf_post_padding                     0x08004a65   Thumb Code    36  printfa.o(i._printf_post_padding)
    i._printf_pre_padding                    0x08004a88   Section        0  printfa.o(i._printf_pre_padding)
    _printf_pre_padding                      0x08004a89   Thumb Code    46  printfa.o(i._printf_pre_padding)
    i._snputc                                0x08004ab6   Section        0  printfa.o(i._snputc)
    _snputc                                  0x08004ab7   Thumb Code    22  printfa.o(i._snputc)
    i.main                                   0x08004acc   Section        0  main.o(i.main)
    i.prvAddCurrentTaskToDelayedList         0x08004b0c   Section        0  tasks.o(i.prvAddCurrentTaskToDelayedList)
    prvAddCurrentTaskToDelayedList           0x08004b0d   Thumb Code   174  tasks.o(i.prvAddCurrentTaskToDelayedList)
    i.prvAddNewTaskToReadyList               0x08004bd8   Section        0  tasks.o(i.prvAddNewTaskToReadyList)
    prvAddNewTaskToReadyList                 0x08004bd9   Thumb Code   212  tasks.o(i.prvAddNewTaskToReadyList)
    i.prvCheckForValidListAndQueue           0x08004cc8   Section        0  timers.o(i.prvCheckForValidListAndQueue)
    prvCheckForValidListAndQueue             0x08004cc9   Thumb Code    72  timers.o(i.prvCheckForValidListAndQueue)
    i.prvCheckTasksWaitingTermination        0x08004d2c   Section        0  tasks.o(i.prvCheckTasksWaitingTermination)
    prvCheckTasksWaitingTermination          0x08004d2d   Thumb Code    60  tasks.o(i.prvCheckTasksWaitingTermination)
    i.prvCopyDataFromQueue                   0x08004d74   Section        0  queue.o(i.prvCopyDataFromQueue)
    prvCopyDataFromQueue                     0x08004d75   Thumb Code    42  queue.o(i.prvCopyDataFromQueue)
    i.prvCopyDataToQueue                     0x08004d9e   Section        0  queue.o(i.prvCopyDataToQueue)
    prvCopyDataToQueue                       0x08004d9f   Thumb Code   126  queue.o(i.prvCopyDataToQueue)
    i.prvCreateIdleTasks                     0x08004e1c   Section        0  tasks.o(i.prvCreateIdleTasks)
    prvCreateIdleTasks                       0x08004e1d   Thumb Code    86  tasks.o(i.prvCreateIdleTasks)
    i.prvCreateTask                          0x08004e84   Section        0  tasks.o(i.prvCreateTask)
    prvCreateTask                            0x08004e85   Thumb Code    90  tasks.o(i.prvCreateTask)
    i.prvDeleteTCB                           0x08004ede   Section        0  tasks.o(i.prvDeleteTCB)
    prvDeleteTCB                             0x08004edf   Thumb Code    18  tasks.o(i.prvDeleteTCB)
    i.prvGetDisinheritPriorityAfterTimeout   0x08004ef0   Section        0  queue.o(i.prvGetDisinheritPriorityAfterTimeout)
    prvGetDisinheritPriorityAfterTimeout     0x08004ef1   Thumb Code    20  queue.o(i.prvGetDisinheritPriorityAfterTimeout)
    i.prvGetNextExpireTime                   0x08004f04   Section        0  timers.o(i.prvGetNextExpireTime)
    prvGetNextExpireTime                     0x08004f05   Thumb Code    36  timers.o(i.prvGetNextExpireTime)
    i.prvHeapInit                            0x08004f2c   Section        0  heap_4.o(i.prvHeapInit)
    prvHeapInit                              0x08004f2d   Thumb Code    88  heap_4.o(i.prvHeapInit)
    i.prvIdleTask                            0x08004f98   Section        0  tasks.o(i.prvIdleTask)
    prvIdleTask                              0x08004f99   Thumb Code    32  tasks.o(i.prvIdleTask)
    i.prvInitialiseMutex                     0x08004fc0   Section        0  queue.o(i.prvInitialiseMutex)
    prvInitialiseMutex                       0x08004fc1   Thumb Code    30  queue.o(i.prvInitialiseMutex)
    i.prvInitialiseNewQueue                  0x08004fde   Section        0  queue.o(i.prvInitialiseNewQueue)
    prvInitialiseNewQueue                    0x08004fdf   Thumb Code    38  queue.o(i.prvInitialiseNewQueue)
    i.prvInitialiseNewTask                   0x08005004   Section        0  tasks.o(i.prvInitialiseNewTask)
    prvInitialiseNewTask                     0x08005005   Thumb Code   204  tasks.o(i.prvInitialiseNewTask)
    i.prvInitialiseNewTimer                  0x080050d0   Section        0  timers.o(i.prvInitialiseNewTimer)
    prvInitialiseNewTimer                    0x080050d1   Thumb Code    88  timers.o(i.prvInitialiseNewTimer)
    i.prvInitialiseTaskLists                 0x08005128   Section        0  tasks.o(i.prvInitialiseTaskLists)
    prvInitialiseTaskLists                   0x08005129   Thumb Code    70  tasks.o(i.prvInitialiseTaskLists)
    i.prvInsertBlockIntoFreeList             0x08005190   Section        0  heap_4.o(i.prvInsertBlockIntoFreeList)
    prvInsertBlockIntoFreeList               0x08005191   Thumb Code   144  heap_4.o(i.prvInsertBlockIntoFreeList)
    i.prvInsertTimerInActiveList             0x08005230   Section        0  timers.o(i.prvInsertTimerInActiveList)
    prvInsertTimerInActiveList               0x08005231   Thumb Code    80  timers.o(i.prvInsertTimerInActiveList)
    i.prvIsQueueEmpty                        0x08005288   Section        0  queue.o(i.prvIsQueueEmpty)
    prvIsQueueEmpty                          0x08005289   Thumb Code    26  queue.o(i.prvIsQueueEmpty)
    i.prvIsQueueFull                         0x080052a2   Section        0  queue.o(i.prvIsQueueFull)
    prvIsQueueFull                           0x080052a3   Thumb Code    30  queue.o(i.prvIsQueueFull)
    i.prvProcessExpiredTimer                 0x080052c0   Section        0  timers.o(i.prvProcessExpiredTimer)
    prvProcessExpiredTimer                   0x080052c1   Thumb Code    62  timers.o(i.prvProcessExpiredTimer)
    i.prvProcessReceivedCommands             0x08005304   Section        0  timers.o(i.prvProcessReceivedCommands)
    prvProcessReceivedCommands               0x08005305   Thumb Code   336  timers.o(i.prvProcessReceivedCommands)
    i.prvProcessTimerOrBlockTask             0x08005458   Section        0  timers.o(i.prvProcessTimerOrBlockTask)
    prvProcessTimerOrBlockTask               0x08005459   Thumb Code   102  timers.o(i.prvProcessTimerOrBlockTask)
    i.prvReloadTimer                         0x080054cc   Section        0  timers.o(i.prvReloadTimer)
    prvReloadTimer                           0x080054cd   Thumb Code    40  timers.o(i.prvReloadTimer)
    i.prvResetNextTaskUnblockTime            0x080054f4   Section        0  tasks.o(i.prvResetNextTaskUnblockTime)
    prvResetNextTaskUnblockTime              0x080054f5   Thumb Code    40  tasks.o(i.prvResetNextTaskUnblockTime)
    i.prvSampleTimeNow                       0x08005524   Section        0  timers.o(i.prvSampleTimeNow)
    prvSampleTimeNow                         0x08005525   Thumb Code    40  timers.o(i.prvSampleTimeNow)
    i.prvSwitchTimerLists                    0x08005550   Section        0  timers.o(i.prvSwitchTimerLists)
    prvSwitchTimerLists                      0x08005551   Thumb Code    58  timers.o(i.prvSwitchTimerLists)
    i.prvTaskExitError                       0x08005594   Section        0  port.o(i.prvTaskExitError)
    prvTaskExitError                         0x08005595   Thumb Code    60  port.o(i.prvTaskExitError)
    i.prvTimerTask                           0x080055d4   Section        0  timers.o(i.prvTimerTask)
    prvTimerTask                             0x080055d5   Thumb Code    26  timers.o(i.prvTimerTask)
    i.prvUnlockQueue                         0x080055ee   Section        0  queue.o(i.prvUnlockQueue)
    prvUnlockQueue                           0x080055ef   Thumb Code   126  queue.o(i.prvUnlockQueue)
    i.pvPortMalloc                           0x0800566c   Section        0  heap_4.o(i.pvPortMalloc)
    i.pvTaskIncrementMutexHeldCount          0x0800586c   Section        0  tasks.o(i.pvTaskIncrementMutexHeldCount)
    i.pxPortInitialiseStack                  0x08005880   Section        0  port.o(i.pxPortInitialiseStack)
    i.uxListRemove                           0x080058a4   Section        0  list.o(i.uxListRemove)
    i.vApplicationMallocFailedHook           0x080058cc   Section        0  main.o(i.vApplicationMallocFailedHook)
    i.vApplicationStackOverflowHook          0x08005900   Section        0  main.o(i.vApplicationStackOverflowHook)
    i.vListInitialise                        0x08005970   Section        0  list.o(i.vListInitialise)
    i.vListInitialiseItem                    0x0800598a   Section        0  list.o(i.vListInitialiseItem)
    i.vListInsert                            0x08005990   Section        0  list.o(i.vListInsert)
    i.vPortEnterCritical                     0x080059c4   Section        0  port.o(i.vPortEnterCritical)
    i.vPortExitCritical                      0x08005a18   Section        0  port.o(i.vPortExitCritical)
    i.vPortFree                              0x08005a54   Section        0  heap_4.o(i.vPortFree)
    i.vPortSetupTimerInterrupt               0x08005b14   Section        0  port.o(i.vPortSetupTimerInterrupt)
    i.vQueueAddToRegistry                    0x08005b3c   Section        0  queue.o(i.vQueueAddToRegistry)
    i.vQueueWaitForMessageRestricted         0x08005b9c   Section        0  queue.o(i.vQueueWaitForMessageRestricted)
    i.vTaskDelay                             0x08005be8   Section        0  tasks.o(i.vTaskDelay)
    i.vTaskInternalSetTimeOutState           0x08005c44   Section        0  tasks.o(i.vTaskInternalSetTimeOutState)
    i.vTaskMissedYield                       0x08005c5c   Section        0  tasks.o(i.vTaskMissedYield)
    i.vTaskPlaceOnEventList                  0x08005c68   Section        0  tasks.o(i.vTaskPlaceOnEventList)
    i.vTaskPlaceOnEventListRestricted        0x08005ca0   Section        0  tasks.o(i.vTaskPlaceOnEventListRestricted)
    i.vTaskPriorityDisinheritAfterTimeout    0x08005d08   Section        0  tasks.o(i.vTaskPriorityDisinheritAfterTimeout)
    i.vTaskStartScheduler                    0x08005e28   Section        0  tasks.o(i.vTaskStartScheduler)
    i.vTaskSuspendAll                        0x08005ea4   Section        0  tasks.o(i.vTaskSuspendAll)
    i.vTaskSwitchContext                     0x08005eb4   Section        0  tasks.o(i.vTaskSwitchContext)
    i.xPortStartScheduler                    0x08005f8c   Section        0  port.o(i.xPortStartScheduler)
    i.xQueueCreateMutex                      0x08006084   Section        0  queue.o(i.xQueueCreateMutex)
    i.xQueueGenericCreate                    0x080060a6   Section        0  queue.o(i.xQueueGenericCreate)
    i.xQueueGenericReset                     0x0800610c   Section        0  queue.o(i.xQueueGenericReset)
    i.xQueueGenericSend                      0x080061e8   Section        0  queue.o(i.xQueueGenericSend)
    i.xQueueReceive                          0x08006390   Section        0  queue.o(i.xQueueReceive)
    i.xQueueSemaphoreTake                    0x080064f8   Section        0  queue.o(i.xQueueSemaphoreTake)
    i.xTaskCheckForTimeOut                   0x0800668c   Section        0  tasks.o(i.xTaskCheckForTimeOut)
    i.xTaskCreate                            0x0800671c   Section        0  tasks.o(i.xTaskCreate)
    i.xTaskGetSchedulerState                 0x08006754   Section        0  tasks.o(i.xTaskGetSchedulerState)
    i.xTaskGetTickCount                      0x08006774   Section        0  tasks.o(i.xTaskGetTickCount)
    i.xTaskIncrementTick                     0x08006780   Section        0  tasks.o(i.xTaskIncrementTick)
    i.xTaskPriorityDisinherit                0x0800694c   Section        0  tasks.o(i.xTaskPriorityDisinherit)
    i.xTaskPriorityInherit                   0x08006a44   Section        0  tasks.o(i.xTaskPriorityInherit)
    i.xTaskRemoveFromEventList               0x08006b38   Section        0  tasks.o(i.xTaskRemoveFromEventList)
    i.xTaskResumeAll                         0x08006c68   Section        0  tasks.o(i.xTaskResumeAll)
    i.xTimerCreate                           0x08006e08   Section        0  timers.o(i.xTimerCreate)
    i.xTimerCreateTimerTask                  0x08006e40   Section        0  timers.o(i.xTimerCreateTimerTask)
    .constdata                               0x08006e94   Section       18  stm32f1xx_hal_rcc.o(.constdata)
    aPLLMULFactorTable                       0x08006e94   Data          16  stm32f1xx_hal_rcc.o(.constdata)
    aPredivFactorTable                       0x08006ea4   Data           2  stm32f1xx_hal_rcc.o(.constdata)
    .constdata                               0x08006ea6   Section       24  system_stm32f1xx.o(.constdata)
    .conststring                             0x08006ec0   Section      105  app_main.o(.conststring)
    .data                                    0x20000000   Section        9  stm32f1xx_hal.o(.data)
    .data                                    0x2000000c   Section        4  system_stm32f1xx.o(.data)
    .data                                    0x20000010   Section        6  app_buzzer.o(.data)
    s_shortTimer                             0x20000010   Data           4  app_buzzer.o(.data)
    s_initialized                            0x20000014   Data           1  app_buzzer.o(.data)
    s_continuous                             0x20000015   Data           1  app_buzzer.o(.data)
    .data                                    0x20000018   Section        9  app_system.o(.data)
    s_appStateMutex                          0x2000001c   Data           4  app_system.o(.data)
    s_motorFaultHandled                      0x20000020   Data           1  app_system.o(.data)
    .data                                    0x20000024   Section       64  tasks.o(.data)
    pxDelayedTaskList                        0x20000028   Data           4  tasks.o(.data)
    pxOverflowDelayedTaskList                0x2000002c   Data           4  tasks.o(.data)
    uxDeletedTasksWaitingCleanUp             0x20000030   Data           4  tasks.o(.data)
    uxCurrentNumberOfTasks                   0x20000034   Data           4  tasks.o(.data)
    xTickCount                               0x20000038   Data           4  tasks.o(.data)
    uxTopReadyPriority                       0x2000003c   Data           4  tasks.o(.data)
    xSchedulerRunning                        0x20000040   Data           4  tasks.o(.data)
    xPendedTicks                             0x20000044   Data           4  tasks.o(.data)
    xYieldPendings                           0x20000048   Data           4  tasks.o(.data)
    xNumOfOverflows                          0x2000004c   Data           4  tasks.o(.data)
    uxTaskNumber                             0x20000050   Data           4  tasks.o(.data)
    xNextTaskUnblockTime                     0x20000054   Data           4  tasks.o(.data)
    xIdleTaskHandles                         0x20000058   Data           4  tasks.o(.data)
    uxTopUsedPriority                        0x2000005c   Data           4  tasks.o(.data)
    uxSchedulerSuspended                     0x20000060   Data           4  tasks.o(.data)
    .data                                    0x20000064   Section       20  timers.o(.data)
    pxCurrentTimerList                       0x20000064   Data           4  timers.o(.data)
    pxOverflowTimerList                      0x20000068   Data           4  timers.o(.data)
    xTimerQueue                              0x2000006c   Data           4  timers.o(.data)
    xTimerTaskHandle                         0x20000070   Data           4  timers.o(.data)
    xLastTime                                0x20000074   Data           4  timers.o(.data)
    .data                                    0x20000078   Section       28  heap_4.o(.data)
    xStart                                   0x20000078   Data           8  heap_4.o(.data)
    pxEnd                                    0x20000080   Data           4  heap_4.o(.data)
    xFreeBytesRemaining                      0x20000084   Data           4  heap_4.o(.data)
    xMinimumEverFreeBytesRemaining           0x20000088   Data           4  heap_4.o(.data)
    xNumberOfSuccessfulAllocations           0x2000008c   Data           4  heap_4.o(.data)
    xNumberOfSuccessfulFrees                 0x20000090   Data           4  heap_4.o(.data)
    .data                                    0x20000094   Section       12  port.o(.data)
    uxCriticalNesting                        0x20000094   Data           4  port.o(.data)
    ucMaxSysCallPriority                     0x20000098   Data           1  port.o(.data)
    ulMaxPRIGROUPValue                       0x2000009c   Data           4  port.o(.data)
    .bss                                     0x200000a0   Section       48  adc.o(.bss)
    .bss                                     0x200000d0   Section      168  i2c.o(.bss)
    .bss                                     0x20000178   Section       88  spi.o(.bss)
    .bss                                     0x200001d0   Section      288  tim.o(.bss)
    .bss                                     0x200002f0   Section      216  usart.o(.bss)
    .bss                                     0x200003c8   Section       72  stm32f1xx_hal_timebase_tim.o(.bss)
    .bss                                     0x20000410   Section       32  app_system.o(.bss)
    .bss                                     0x20000430   Section       64  queue.o(.bss)
    .bss                                     0x20000470   Section      200  tasks.o(.bss)
    pxReadyTasksLists                        0x20000470   Data         100  tasks.o(.bss)
    xDelayedTaskList1                        0x200004d4   Data          20  tasks.o(.bss)
    xDelayedTaskList2                        0x200004e8   Data          20  tasks.o(.bss)
    xPendingReadyList                        0x200004fc   Data          20  tasks.o(.bss)
    xTasksWaitingTermination                 0x20000510   Data          20  tasks.o(.bss)
    xSuspendedTaskList                       0x20000524   Data          20  tasks.o(.bss)
    .bss                                     0x20000538   Section       40  timers.o(.bss)
    xActiveTimerList1                        0x20000538   Data          20  timers.o(.bss)
    xActiveTimerList2                        0x2000054c   Data          20  timers.o(.bss)
    .bss                                     0x20000560   Section    32768  heap_4.o(.bss)
    ucHeap                                   0x20000560   Data       32768  heap_4.o(.bss)
    STACK                                    0x20008560   Section     1024  startup_stm32f103xe.o(STACK)

    Global Symbols

    Symbol Name                              Value     Ov Type        Size  Object(Section)

    BuildAttributes$$THM_ISAv4$P$D$K$B$S$PE$A:L22UL41UL21$X:L11$S22US41US21$IEEE1$IW$USESV6$~STKCKD$USESV7$~SHL$OSPACE$ROPI$EBA8$MICROLIB$REQ8$PRES8$EABIv2 0x00000000   Number         0  anon$$obj.o ABSOLUTE
    __ARM_use_no_argv                        0x00000000   Number         0  main.o ABSOLUTE
    __arm_fini_                               - Undefined Weak Reference
    __cpp_initialize__aeabi_                  - Undefined Weak Reference
    __cxa_finalize                            - Undefined Weak Reference
    __decompress                              - Undefined Weak Reference
    _clock_init                               - Undefined Weak Reference
    _microlib_exit                            - Undefined Weak Reference
    __Vectors_Size                           0x00000130   Number         0  startup_stm32f103xe.o ABSOLUTE
    __Vectors                                0x08000000   Data           4  startup_stm32f103xe.o(RESET)
    __Vectors_End                            0x08000130   Data           0  startup_stm32f103xe.o(RESET)
    __main                                   0x08000131   Thumb Code     0  entry.o(.ARM.Collect$$$$00000000)
    _main_stk                                0x08000131   Thumb Code     0  entry2.o(.ARM.Collect$$$$00000001)
    _main_scatterload                        0x08000135   Thumb Code     0  entry5.o(.ARM.Collect$$$$00000004)
    __main_after_scatterload                 0x08000139   Thumb Code     0  entry5.o(.ARM.Collect$$$$00000004)
    _main_clock                              0x08000139   Thumb Code     0  entry7b.o(.ARM.Collect$$$$00000008)
    _main_cpp_init                           0x08000139   Thumb Code     0  entry8b.o(.ARM.Collect$$$$0000000A)
    _main_init                               0x08000139   Thumb Code     0  entry9a.o(.ARM.Collect$$$$0000000B)
    __rt_lib_shutdown_fini                   0x08000141   Thumb Code     0  entry12b.o(.ARM.Collect$$$$0000000E)
    __rt_final_cpp                           0x08000145   Thumb Code     0  entry10a.o(.ARM.Collect$$$$0000000F)
    __rt_final_exit                          0x08000145   Thumb Code     0  entry11a.o(.ARM.Collect$$$$00000011)
    SVC_Handler                              0x08000149   Thumb Code    32  port.o(.emb_text)
    __asm___6_port_c_39a90d8d__prvStartFirstTask 0x0800016d   Thumb Code    28  port.o(.emb_text)
    PendSV_Handler                           0x0800018d   Thumb Code    72  port.o(.emb_text)
    vPortGetIPSR                             0x080001d9   Thumb Code     6  port.o(.emb_text)
    Reset_Handler                            0x080001e1   Thumb Code     8  startup_stm32f103xe.o(.text)
    ADC1_2_IRQHandler                        0x080001fb   Thumb Code     0  startup_stm32f103xe.o(.text)
    ADC3_IRQHandler                          0x080001fb   Thumb Code     0  startup_stm32f103xe.o(.text)
    CAN1_RX1_IRQHandler                      0x080001fb   Thumb Code     0  startup_stm32f103xe.o(.text)
    CAN1_SCE_IRQHandler                      0x080001fb   Thumb Code     0  startup_stm32f103xe.o(.text)
    DMA1_Channel2_IRQHandler                 0x080001fb   Thumb Code     0  startup_stm32f103xe.o(.text)
    DMA1_Channel3_IRQHandler                 0x080001fb   Thumb Code     0  startup_stm32f103xe.o(.text)
    DMA1_Channel4_IRQHandler                 0x080001fb   Thumb Code     0  startup_stm32f103xe.o(.text)
    DMA1_Channel5_IRQHandler                 0x080001fb   Thumb Code     0  startup_stm32f103xe.o(.text)
    DMA1_Channel6_IRQHandler                 0x080001fb   Thumb Code     0  startup_stm32f103xe.o(.text)
    DMA1_Channel7_IRQHandler                 0x080001fb   Thumb Code     0  startup_stm32f103xe.o(.text)
    DMA2_Channel1_IRQHandler                 0x080001fb   Thumb Code     0  startup_stm32f103xe.o(.text)
    DMA2_Channel2_IRQHandler                 0x080001fb   Thumb Code     0  startup_stm32f103xe.o(.text)
    DMA2_Channel3_IRQHandler                 0x080001fb   Thumb Code     0  startup_stm32f103xe.o(.text)
    DMA2_Channel4_5_IRQHandler               0x080001fb   Thumb Code     0  startup_stm32f103xe.o(.text)
    EXTI0_IRQHandler                         0x080001fb   Thumb Code     0  startup_stm32f103xe.o(.text)
    EXTI1_IRQHandler                         0x080001fb   Thumb Code     0  startup_stm32f103xe.o(.text)
    EXTI2_IRQHandler                         0x080001fb   Thumb Code     0  startup_stm32f103xe.o(.text)
    EXTI3_IRQHandler                         0x080001fb   Thumb Code     0  startup_stm32f103xe.o(.text)
    FLASH_IRQHandler                         0x080001fb   Thumb Code     0  startup_stm32f103xe.o(.text)
    FSMC_IRQHandler                          0x080001fb   Thumb Code     0  startup_stm32f103xe.o(.text)
    I2C1_ER_IRQHandler                       0x080001fb   Thumb Code     0  startup_stm32f103xe.o(.text)
    I2C1_EV_IRQHandler                       0x080001fb   Thumb Code     0  startup_stm32f103xe.o(.text)
    I2C2_ER_IRQHandler                       0x080001fb   Thumb Code     0  startup_stm32f103xe.o(.text)
    I2C2_EV_IRQHandler                       0x080001fb   Thumb Code     0  startup_stm32f103xe.o(.text)
    PVD_IRQHandler                           0x080001fb   Thumb Code     0  startup_stm32f103xe.o(.text)
    RCC_IRQHandler                           0x080001fb   Thumb Code     0  startup_stm32f103xe.o(.text)
    RTC_Alarm_IRQHandler                     0x080001fb   Thumb Code     0  startup_stm32f103xe.o(.text)
    RTC_IRQHandler                           0x080001fb   Thumb Code     0  startup_stm32f103xe.o(.text)
    SDIO_IRQHandler                          0x080001fb   Thumb Code     0  startup_stm32f103xe.o(.text)
    SPI1_IRQHandler                          0x080001fb   Thumb Code     0  startup_stm32f103xe.o(.text)
    SPI2_IRQHandler                          0x080001fb   Thumb Code     0  startup_stm32f103xe.o(.text)
    SPI3_IRQHandler                          0x080001fb   Thumb Code     0  startup_stm32f103xe.o(.text)
    TAMPER_IRQHandler                        0x080001fb   Thumb Code     0  startup_stm32f103xe.o(.text)
    TIM1_BRK_IRQHandler                      0x080001fb   Thumb Code     0  startup_stm32f103xe.o(.text)
    TIM1_CC_IRQHandler                       0x080001fb   Thumb Code     0  startup_stm32f103xe.o(.text)
    TIM1_TRG_COM_IRQHandler                  0x080001fb   Thumb Code     0  startup_stm32f103xe.o(.text)
    TIM1_UP_IRQHandler                       0x080001fb   Thumb Code     0  startup_stm32f103xe.o(.text)
    TIM2_IRQHandler                          0x080001fb   Thumb Code     0  startup_stm32f103xe.o(.text)
    TIM3_IRQHandler                          0x080001fb   Thumb Code     0  startup_stm32f103xe.o(.text)
    TIM4_IRQHandler                          0x080001fb   Thumb Code     0  startup_stm32f103xe.o(.text)
    TIM5_IRQHandler                          0x080001fb   Thumb Code     0  startup_stm32f103xe.o(.text)
    TIM7_IRQHandler                          0x080001fb   Thumb Code     0  startup_stm32f103xe.o(.text)
    TIM8_BRK_IRQHandler                      0x080001fb   Thumb Code     0  startup_stm32f103xe.o(.text)
    TIM8_CC_IRQHandler                       0x080001fb   Thumb Code     0  startup_stm32f103xe.o(.text)
    TIM8_TRG_COM_IRQHandler                  0x080001fb   Thumb Code     0  startup_stm32f103xe.o(.text)
    TIM8_UP_IRQHandler                       0x080001fb   Thumb Code     0  startup_stm32f103xe.o(.text)
    UART5_IRQHandler                         0x080001fb   Thumb Code     0  startup_stm32f103xe.o(.text)
    USART1_IRQHandler                        0x080001fb   Thumb Code     0  startup_stm32f103xe.o(.text)
    USART3_IRQHandler                        0x080001fb   Thumb Code     0  startup_stm32f103xe.o(.text)
    USBWakeUp_IRQHandler                     0x080001fb   Thumb Code     0  startup_stm32f103xe.o(.text)
    USB_HP_CAN1_TX_IRQHandler                0x080001fb   Thumb Code     0  startup_stm32f103xe.o(.text)
    USB_LP_CAN1_RX0_IRQHandler               0x080001fb   Thumb Code     0  startup_stm32f103xe.o(.text)
    WWDG_IRQHandler                          0x080001fb   Thumb Code     0  startup_stm32f103xe.o(.text)
    __aeabi_llsr                             0x08000205   Thumb Code    32  llushr.o(.text)
    _ll_ushift_r                             0x08000205   Thumb Code     0  llushr.o(.text)
    __aeabi_memcpy                           0x08000225   Thumb Code    36  memcpya.o(.text)
    __aeabi_memcpy4                          0x08000225   Thumb Code     0  memcpya.o(.text)
    __aeabi_memcpy8                          0x08000225   Thumb Code     0  memcpya.o(.text)
    __aeabi_memset                           0x08000249   Thumb Code    14  memseta.o(.text)
    __aeabi_memset4                          0x08000249   Thumb Code     0  memseta.o(.text)
    __aeabi_memset8                          0x08000249   Thumb Code     0  memseta.o(.text)
    __aeabi_memclr                           0x08000257   Thumb Code     4  memseta.o(.text)
    __aeabi_memclr4                          0x08000257   Thumb Code     0  memseta.o(.text)
    __aeabi_memclr8                          0x08000257   Thumb Code     0  memseta.o(.text)
    memset                                   0x0800025b   Thumb Code    18  memseta.o(.text)
    strlen                                   0x0800026d   Thumb Code    14  strlen.o(.text)
    __aeabi_uidiv                            0x0800027b   Thumb Code     0  uidiv.o(.text)
    __aeabi_uidivmod                         0x0800027b   Thumb Code    44  uidiv.o(.text)
    __aeabi_uldivmod                         0x080002a7   Thumb Code    98  uldiv.o(.text)
    __I$use$fp                               0x08000309   Thumb Code     0  iusefp.o(.text)
    __aeabi_dadd                             0x08000309   Thumb Code   322  dadd.o(.text)
    __aeabi_dsub                             0x0800044b   Thumb Code     6  dadd.o(.text)
    __aeabi_drsub                            0x08000451   Thumb Code     6  dadd.o(.text)
    __aeabi_dmul                             0x08000457   Thumb Code   228  dmul.o(.text)
    __aeabi_ddiv                             0x0800053b   Thumb Code   222  ddiv.o(.text)
    __aeabi_d2ulz                            0x08000619   Thumb Code    48  dfixul.o(.text)
    __aeabi_cdrcmple                         0x08000649   Thumb Code    48  cdrcmple.o(.text)
    __scatterload                            0x08000679   Thumb Code    28  init.o(.text)
    __scatterload_rt2                        0x08000679   Thumb Code     0  init.o(.text)
    __aeabi_llsl                             0x0800069d   Thumb Code    30  llshl.o(.text)
    _ll_shift_l                              0x0800069d   Thumb Code     0  llshl.o(.text)
    __aeabi_lasr                             0x080006bb   Thumb Code    36  llsshr.o(.text)
    _ll_sshift_r                             0x080006bb   Thumb Code     0  llsshr.o(.text)
    _double_round                            0x080006df   Thumb Code    30  depilogue.o(.text)
    _double_epilogue                         0x080006fd   Thumb Code   156  depilogue.o(.text)
    ADC_ConversionStop_Disable               0x08000799   Thumb Code    92  stm32f1xx_hal_adc.o(i.ADC_ConversionStop_Disable)
    App_BuzzerInit                           0x080007f5   Thumb Code    72  app_buzzer.o(i.App_BuzzerInit)
    App_SystemInit                           0x08000929   Thumb Code    94  app_system.o(i.App_SystemInit)
    App_SystemLock                           0x0800099d   Thumb Code    34  app_system.o(i.App_SystemLock)
    App_SystemMotorFaultHook                 0x080009c5   Thumb Code     2  app_system.o(i.App_SystemMotorFaultHook)
    App_SystemSafetyCheck                    0x080009c9   Thumb Code    76  app_system.o(i.App_SystemSafetyCheck)
    App_SystemSetMotorStatus                 0x08000a21   Thumb Code    82  app_system.o(i.App_SystemSetMotorStatus)
    App_SystemUnlock                         0x08000bc1   Thumb Code    24  app_system.o(i.App_SystemUnlock)
    App_main                                 0x08000bdd   Thumb Code    88  app_main.o(i.App_main)
    BusFault_Handler                         0x08000cd5   Thumb Code     4  stm32f1xx_it.o(i.BusFault_Handler)
    Com_DebugPrintf                          0x08000cd9   Thumb Code    70  com_debug.o(i.Com_DebugPrintf)
    DMA1_Channel1_IRQHandler                 0x08000d25   Thumb Code     2  stm32f1xx_it.o(i.DMA1_Channel1_IRQHandler)
    DebugMon_Handler                         0x08000d27   Thumb Code     2  stm32f1xx_it.o(i.DebugMon_Handler)
    EXTI15_10_IRQHandler                     0x08000d29   Thumb Code    12  stm32f1xx_it.o(i.EXTI15_10_IRQHandler)
    EXTI4_IRQHandler                         0x08000d35   Thumb Code    10  stm32f1xx_it.o(i.EXTI4_IRQHandler)
    EXTI9_5_IRQHandler                       0x08000d3f   Thumb Code    10  stm32f1xx_it.o(i.EXTI9_5_IRQHandler)
    Error_Handler                            0x08000d49   Thumb Code     6  main.o(i.Error_Handler)
    HAL_ADC_ConfigChannel                    0x08000d51   Thumb Code   338  stm32f1xx_hal_adc.o(i.HAL_ADC_ConfigChannel)
    HAL_ADC_Init                             0x08000eb1   Thumb Code   340  stm32f1xx_hal_adc.o(i.HAL_ADC_Init)
    HAL_ADC_MspInit                          0x08001011   Thumb Code   180  adc.o(i.HAL_ADC_MspInit)
    HAL_DMA_Abort                            0x080010d9   Thumb Code    86  stm32f1xx_hal_dma.o(i.HAL_DMA_Abort)
    HAL_DMA_Abort_IT                         0x08001131   Thumb Code   414  stm32f1xx_hal_dma.o(i.HAL_DMA_Abort_IT)
    HAL_GPIO_EXTI_Callback                   0x080012d9   Thumb Code     2  stm32f1xx_hal_gpio.o(i.HAL_GPIO_EXTI_Callback)
    HAL_GPIO_EXTI_IRQHandler                 0x080012dd   Thumb Code    24  stm32f1xx_hal_gpio.o(i.HAL_GPIO_EXTI_IRQHandler)
    HAL_GPIO_Init                            0x080012f9   Thumb Code   792  stm32f1xx_hal_gpio.o(i.HAL_GPIO_Init)
    HAL_GPIO_WritePin                        0x08001639   Thumb Code    12  stm32f1xx_hal_gpio.o(i.HAL_GPIO_WritePin)
    HAL_GetTick                              0x08001645   Thumb Code     6  stm32f1xx_hal.o(i.HAL_GetTick)
    HAL_GetUIDw0                             0x08001651   Thumb Code     6  stm32f1xx_hal.o(i.HAL_GetUIDw0)
    HAL_GetUIDw1                             0x0800165d   Thumb Code     6  stm32f1xx_hal.o(i.HAL_GetUIDw1)
    HAL_GetUIDw2                             0x08001669   Thumb Code     6  stm32f1xx_hal.o(i.HAL_GetUIDw2)
    HAL_I2C_Init                             0x08001675   Thumb Code   446  stm32f1xx_hal_i2c.o(i.HAL_I2C_Init)
    HAL_I2C_MspInit                          0x08001845   Thumb Code   190  i2c.o(i.HAL_I2C_MspInit)
    HAL_IncTick                              0x08001915   Thumb Code    16  stm32f1xx_hal.o(i.HAL_IncTick)
    HAL_Init                                 0x0800192d   Thumb Code    34  stm32f1xx_hal.o(i.HAL_Init)
    HAL_InitTick                             0x08001955   Thumb Code   158  stm32f1xx_hal_timebase_tim.o(i.HAL_InitTick)
    HAL_MspInit                              0x08001a09   Thumb Code    76  stm32f1xx_hal_msp.o(i.HAL_MspInit)
    HAL_NVIC_EnableIRQ                       0x08001a5d   Thumb Code    32  stm32f1xx_hal_cortex.o(i.HAL_NVIC_EnableIRQ)
    HAL_NVIC_SetPriority                     0x08001a7d   Thumb Code   124  stm32f1xx_hal_cortex.o(i.HAL_NVIC_SetPriority)
    HAL_NVIC_SetPriorityGrouping             0x08001af9   Thumb Code    32  stm32f1xx_hal_cortex.o(i.HAL_NVIC_SetPriorityGrouping)
    HAL_RCCEx_PeriphCLKConfig                0x08001b21   Thumb Code   290  stm32f1xx_hal_rcc_ex.o(i.HAL_RCCEx_PeriphCLKConfig)
    HAL_RCC_ClockConfig                      0x08001c51   Thumb Code   376  stm32f1xx_hal_rcc.o(i.HAL_RCC_ClockConfig)
    HAL_RCC_GetClockConfig                   0x08001ddd   Thumb Code    58  stm32f1xx_hal_rcc.o(i.HAL_RCC_GetClockConfig)
    HAL_RCC_GetHCLKFreq                      0x08001e21   Thumb Code     6  stm32f1xx_hal_rcc.o(i.HAL_RCC_GetHCLKFreq)
    HAL_RCC_GetPCLK1Freq                     0x08001e2d   Thumb Code    22  stm32f1xx_hal_rcc.o(i.HAL_RCC_GetPCLK1Freq)
    HAL_RCC_GetPCLK2Freq                     0x08001e4d   Thumb Code    22  stm32f1xx_hal_rcc.o(i.HAL_RCC_GetPCLK2Freq)
    HAL_RCC_GetSysClockFreq                  0x08001e6d   Thumb Code    92  stm32f1xx_hal_rcc.o(i.HAL_RCC_GetSysClockFreq)
    HAL_RCC_OscConfig                        0x08001edd   Thumb Code  1114  stm32f1xx_hal_rcc.o(i.HAL_RCC_OscConfig)
    HAL_SPI_Init                             0x08002341   Thumb Code   190  stm32f1xx_hal_spi.o(i.HAL_SPI_Init)
    HAL_SPI_MspInit                          0x08002401   Thumb Code   124  spi.o(i.HAL_SPI_MspInit)
    HAL_TIMEx_BreakCallback                  0x08002489   Thumb Code     2  stm32f1xx_hal_tim_ex.o(i.HAL_TIMEx_BreakCallback)
    HAL_TIMEx_CommutCallback                 0x0800248b   Thumb Code     2  stm32f1xx_hal_tim_ex.o(i.HAL_TIMEx_CommutCallback)
    HAL_TIMEx_ConfigBreakDeadTime            0x0800248d   Thumb Code   116  stm32f1xx_hal_tim_ex.o(i.HAL_TIMEx_ConfigBreakDeadTime)
    HAL_TIMEx_MasterConfigSynchronization    0x08002501   Thumb Code   134  stm32f1xx_hal_tim_ex.o(i.HAL_TIMEx_MasterConfigSynchronization)
    HAL_TIM_Base_Init                        0x0800259d   Thumb Code   102  stm32f1xx_hal_tim.o(i.HAL_TIM_Base_Init)
    HAL_TIM_Base_MspInit                     0x08002605   Thumb Code   112  tim.o(i.HAL_TIM_Base_MspInit)
    HAL_TIM_Base_Start_IT                    0x08002681   Thumb Code   122  stm32f1xx_hal_tim.o(i.HAL_TIM_Base_Start_IT)
    HAL_TIM_ConfigClockSource                0x08002711   Thumb Code   268  stm32f1xx_hal_tim.o(i.HAL_TIM_ConfigClockSource)
    HAL_TIM_Encoder_Init                     0x0800281d   Thumb Code   196  stm32f1xx_hal_tim.o(i.HAL_TIM_Encoder_Init)
    HAL_TIM_Encoder_MspInit                  0x080028e1   Thumb Code   124  tim.o(i.HAL_TIM_Encoder_MspInit)
    HAL_TIM_IC_CaptureCallback               0x0800296d   Thumb Code     2  stm32f1xx_hal_tim.o(i.HAL_TIM_IC_CaptureCallback)
    HAL_TIM_IRQHandler                       0x0800296f   Thumb Code   364  stm32f1xx_hal_tim.o(i.HAL_TIM_IRQHandler)
    HAL_TIM_MspPostInit                      0x08002add   Thumb Code   186  tim.o(i.HAL_TIM_MspPostInit)
    HAL_TIM_OC_DelayElapsedCallback          0x08002bad   Thumb Code     2  stm32f1xx_hal_tim.o(i.HAL_TIM_OC_DelayElapsedCallback)
    HAL_TIM_PWM_ConfigChannel                0x08002baf   Thumb Code   260  stm32f1xx_hal_tim.o(i.HAL_TIM_PWM_ConfigChannel)
    HAL_TIM_PWM_Init                         0x08002cb3   Thumb Code   102  stm32f1xx_hal_tim.o(i.HAL_TIM_PWM_Init)
    HAL_TIM_PWM_MspInit                      0x08002d19   Thumb Code     2  stm32f1xx_hal_tim.o(i.HAL_TIM_PWM_MspInit)
    HAL_TIM_PWM_PulseFinishedCallback        0x08002d1b   Thumb Code     2  stm32f1xx_hal_tim.o(i.HAL_TIM_PWM_PulseFinishedCallback)
    HAL_TIM_PWM_Stop                         0x08002d1d   Thumb Code   160  stm32f1xx_hal_tim.o(i.HAL_TIM_PWM_Stop)
    HAL_TIM_PeriodElapsedCallback            0x08002dc5   Thumb Code    18  main.o(i.HAL_TIM_PeriodElapsedCallback)
    HAL_TIM_TriggerCallback                  0x08002ddd   Thumb Code     2  stm32f1xx_hal_tim.o(i.HAL_TIM_TriggerCallback)
    HAL_UARTEx_RxEventCallback               0x08002ddf   Thumb Code     2  stm32f1xx_hal_uart.o(i.HAL_UARTEx_RxEventCallback)
    HAL_UART_ErrorCallback                   0x08002de1   Thumb Code     2  stm32f1xx_hal_uart.o(i.HAL_UART_ErrorCallback)
    HAL_UART_IRQHandler                      0x08002de5   Thumb Code   736  stm32f1xx_hal_uart.o(i.HAL_UART_IRQHandler)
    HAL_UART_Init                            0x080030c9   Thumb Code   118  stm32f1xx_hal_uart.o(i.HAL_UART_Init)
    HAL_UART_MspInit                         0x08003141   Thumb Code   366  usart.o(i.HAL_UART_MspInit)
    HAL_UART_RxCpltCallback                  0x080032c9   Thumb Code     2  stm32f1xx_hal_uart.o(i.HAL_UART_RxCpltCallback)
    HAL_UART_Transmit                        0x080032cb   Thumb Code   190  stm32f1xx_hal_uart.o(i.HAL_UART_Transmit)
    HAL_UART_TxCpltCallback                  0x08003389   Thumb Code     2  stm32f1xx_hal_uart.o(i.HAL_UART_TxCpltCallback)
    HardFault_Handler                        0x0800338b   Thumb Code     4  stm32f1xx_it.o(i.HardFault_Handler)
    MX_ADC1_Init                             0x08003391   Thumb Code   214  adc.o(i.MX_ADC1_Init)
    MX_GPIO_Init                             0x08003471   Thumb Code   370  gpio.o(i.MX_GPIO_Init)
    MX_I2C1_Init                             0x080035fd   Thumb Code    48  i2c.o(i.MX_I2C1_Init)
    MX_I2C2_Init                             0x08003639   Thumb Code    48  i2c.o(i.MX_I2C2_Init)
    MX_SPI2_Init                             0x08003675   Thumb Code    60  spi.o(i.MX_SPI2_Init)
    MX_TIM1_Init                             0x080036b9   Thumb Code   210  tim.o(i.MX_TIM1_Init)
    MX_TIM2_Init                             0x08003795   Thumb Code   156  tim.o(i.MX_TIM2_Init)
    MX_TIM3_Init                             0x08003835   Thumb Code   120  tim.o(i.MX_TIM3_Init)
    MX_TIM4_Init                             0x080038b5   Thumb Code   154  tim.o(i.MX_TIM4_Init)
    MX_UART4_Init                            0x08003959   Thumb Code    46  usart.o(i.MX_UART4_Init)
    MX_USART1_UART_Init                      0x08003991   Thumb Code    46  usart.o(i.MX_USART1_UART_Init)
    MX_USART2_UART_Init                      0x080039c9   Thumb Code    46  usart.o(i.MX_USART2_UART_Init)
    MemManage_Handler                        0x08003a01   Thumb Code     4  stm32f1xx_it.o(i.MemManage_Handler)
    NMI_Handler                              0x08003a05   Thumb Code     4  stm32f1xx_it.o(i.NMI_Handler)
    SysTick_Handler                          0x08003a31   Thumb Code    46  port.o(i.SysTick_Handler)
    SystemClock_Config                       0x08003a65   Thumb Code   130  main.o(i.SystemClock_Config)
    SystemInit                               0x08003ae7   Thumb Code     2  system_stm32f1xx.o(i.SystemInit)
    TIM6_IRQHandler                          0x08003ae9   Thumb Code    10  stm32f1xx_it.o(i.TIM6_IRQHandler)
    TIM_Base_SetConfig                       0x08003af9   Thumb Code   150  stm32f1xx_hal_tim.o(i.TIM_Base_SetConfig)
    TIM_CCxChannelCmd                        0x08003ba5   Thumb Code    34  stm32f1xx_hal_tim.o(i.TIM_CCxChannelCmd)
    TIM_ETR_SetConfig                        0x08003bc7   Thumb Code    22  stm32f1xx_hal_tim.o(i.TIM_ETR_SetConfig)
    TIM_OC2_SetConfig                        0x08003c61   Thumb Code   114  stm32f1xx_hal_tim.o(i.TIM_OC2_SetConfig)
    UART4_IRQHandler                         0x08003df9   Thumb Code    10  stm32f1xx_it.o(i.UART4_IRQHandler)
    USART2_IRQHandler                        0x0800418d   Thumb Code    10  stm32f1xx_it.o(i.USART2_IRQHandler)
    UsageFault_Handler                       0x0800419d   Thumb Code     4  stm32f1xx_it.o(i.UsageFault_Handler)
    __0vsnprintf                             0x080041a1   Thumb Code    46  printfa.o(i.__0vsnprintf)
    __1vsnprintf                             0x080041a1   Thumb Code     0  printfa.o(i.__0vsnprintf)
    __2vsnprintf                             0x080041a1   Thumb Code     0  printfa.o(i.__0vsnprintf)
    __c89vsnprintf                           0x080041a1   Thumb Code     0  printfa.o(i.__0vsnprintf)
    vsnprintf                                0x080041a1   Thumb Code     0  printfa.o(i.__0vsnprintf)
    __scatterload_copy                       0x0800420d   Thumb Code    14  handlers.o(i.__scatterload_copy)
    __scatterload_null                       0x0800421b   Thumb Code     2  handlers.o(i.__scatterload_null)
    __scatterload_zeroinit                   0x0800421d   Thumb Code    14  handlers.o(i.__scatterload_zeroinit)
    main                                     0x08004acd   Thumb Code    64  main.o(i.main)
    pvPortMalloc                             0x0800566d   Thumb Code   484  heap_4.o(i.pvPortMalloc)
    pvTaskIncrementMutexHeldCount            0x0800586d   Thumb Code    14  tasks.o(i.pvTaskIncrementMutexHeldCount)
    pxPortInitialiseStack                    0x08005881   Thumb Code    30  port.o(i.pxPortInitialiseStack)
    uxListRemove                             0x080058a5   Thumb Code    40  list.o(i.uxListRemove)
    vApplicationMallocFailedHook             0x080058cd   Thumb Code    28  main.o(i.vApplicationMallocFailedHook)
    vApplicationStackOverflowHook            0x08005901   Thumb Code    52  main.o(i.vApplicationStackOverflowHook)
    vListInitialise                          0x08005971   Thumb Code    26  list.o(i.vListInitialise)
    vListInitialiseItem                      0x0800598b   Thumb Code     6  list.o(i.vListInitialiseItem)
    vListInsert                              0x08005991   Thumb Code    52  list.o(i.vListInsert)
    vPortEnterCritical                       0x080059c5   Thumb Code    76  port.o(i.vPortEnterCritical)
    vPortExitCritical                        0x08005a19   Thumb Code    56  port.o(i.vPortExitCritical)
    vPortFree                                0x08005a55   Thumb Code   174  heap_4.o(i.vPortFree)
    vPortSetupTimerInterrupt                 0x08005b15   Thumb Code    36  port.o(i.vPortSetupTimerInterrupt)
    vQueueAddToRegistry                      0x08005b3d   Thumb Code    90  queue.o(i.vQueueAddToRegistry)
    vQueueWaitForMessageRestricted           0x08005b9d   Thumb Code    74  queue.o(i.vQueueWaitForMessageRestricted)
    vTaskDelay                               0x08005be9   Thumb Code    82  tasks.o(i.vTaskDelay)
    vTaskInternalSetTimeOutState             0x08005c45   Thumb Code    14  tasks.o(i.vTaskInternalSetTimeOutState)
    vTaskMissedYield                         0x08005c5d   Thumb Code     8  tasks.o(i.vTaskMissedYield)
    vTaskPlaceOnEventList                    0x08005c69   Thumb Code    52  tasks.o(i.vTaskPlaceOnEventList)
    vTaskPlaceOnEventListRestricted          0x08005ca1   Thumb Code    98  tasks.o(i.vTaskPlaceOnEventListRestricted)
    vTaskPriorityDisinheritAfterTimeout      0x08005d09   Thumb Code   274  tasks.o(i.vTaskPriorityDisinheritAfterTimeout)
    vTaskStartScheduler                      0x08005e29   Thumb Code   106  tasks.o(i.vTaskStartScheduler)
    vTaskSuspendAll                          0x08005ea5   Thumb Code    12  tasks.o(i.vTaskSuspendAll)
    vTaskSwitchContext                       0x08005eb5   Thumb Code   194  tasks.o(i.vTaskSwitchContext)
    xPortStartScheduler                      0x08005f8d   Thumb Code   228  port.o(i.xPortStartScheduler)
    xQueueCreateMutex                        0x08006085   Thumb Code    34  queue.o(i.xQueueCreateMutex)
    xQueueGenericCreate                      0x080060a7   Thumb Code   102  queue.o(i.xQueueGenericCreate)
    xQueueGenericReset                       0x0800610d   Thumb Code   214  queue.o(i.xQueueGenericReset)
    xQueueGenericSend                        0x080061e9   Thumb Code   420  queue.o(i.xQueueGenericSend)
    xQueueReceive                            0x08006391   Thumb Code   356  queue.o(i.xQueueReceive)
    xQueueSemaphoreTake                      0x080064f9   Thumb Code   398  queue.o(i.xQueueSemaphoreTake)
    xTaskCheckForTimeOut                     0x0800668d   Thumb Code   136  tasks.o(i.xTaskCheckForTimeOut)
    xTaskCreate                              0x0800671d   Thumb Code    56  tasks.o(i.xTaskCreate)
    xTaskGetSchedulerState                   0x08006755   Thumb Code    24  tasks.o(i.xTaskGetSchedulerState)
    xTaskGetTickCount                        0x08006775   Thumb Code     6  tasks.o(i.xTaskGetTickCount)
    xTaskIncrementTick                       0x08006781   Thumb Code   414  tasks.o(i.xTaskIncrementTick)
    xTaskPriorityDisinherit                  0x0800694d   Thumb Code   234  tasks.o(i.xTaskPriorityDisinherit)
    xTaskPriorityInherit                     0x08006a45   Thumb Code   230  tasks.o(i.xTaskPriorityInherit)
    xTaskRemoveFromEventList                 0x08006b39   Thumb Code   280  tasks.o(i.xTaskRemoveFromEventList)
    xTaskResumeAll                           0x08006c69   Thumb Code   380  tasks.o(i.xTaskResumeAll)
    xTimerCreate                             0x08006e09   Thumb Code    54  timers.o(i.xTimerCreate)
    xTimerCreateTimerTask                    0x08006e41   Thumb Code    64  timers.o(i.xTimerCreateTimerTask)
    AHBPrescTable                            0x08006ea6   Data          16  system_stm32f1xx.o(.constdata)
    APBPrescTable                            0x08006eb6   Data           8  system_stm32f1xx.o(.constdata)
    Region$$Table$$Base                      0x08006f2c   Number         0  anon$$obj.o(Region$$Table)
    Region$$Table$$Limit                     0x08006f4c   Number         0  anon$$obj.o(Region$$Table)
    uwTick                                   0x20000000   Data           4  stm32f1xx_hal.o(.data)
    uwTickPrio                               0x20000004   Data           4  stm32f1xx_hal.o(.data)
    uwTickFreq                               0x20000008   Data           1  stm32f1xx_hal.o(.data)
    SystemCoreClock                          0x2000000c   Data           4  system_stm32f1xx.o(.data)
    g_motorStatus                            0x20000018   Data           1  app_system.o(.data)
    g_focusState                             0x20000019   Data           2  app_system.o(.data)
    pxCurrentTCB                             0x20000024   Data           4  tasks.o(.data)
    hadc1                                    0x200000a0   Data          48  adc.o(.bss)
    hi2c1                                    0x200000d0   Data          84  i2c.o(.bss)
    hi2c2                                    0x20000124   Data          84  i2c.o(.bss)
    hspi2                                    0x20000178   Data          88  spi.o(.bss)
    htim1                                    0x200001d0   Data          72  tim.o(.bss)
    htim2                                    0x20000218   Data          72  tim.o(.bss)
    htim3                                    0x20000260   Data          72  tim.o(.bss)
    htim4                                    0x200002a8   Data          72  tim.o(.bss)
    huart4                                   0x200002f0   Data          72  usart.o(.bss)
    huart1                                   0x20000338   Data          72  usart.o(.bss)
    huart2                                   0x20000380   Data          72  usart.o(.bss)
    htim6                                    0x200003c8   Data          72  stm32f1xx_hal_timebase_tim.o(.bss)
    g_appData                                0x20000410   Data          32  app_system.o(.bss)
    xQueueRegistry                           0x20000430   Data          64  queue.o(.bss)
    __initial_sp                             0x20008960   Data           0  startup_stm32f103xe.o(STACK)



==============================================================================

Memory Map of the image

  Image Entry point : 0x08000131

  Load Region LR_IROM1 (Base: 0x08000000, Size: 0x00006fec, Max: 0x00040000, ABSOLUTE)

    Execution Region ER_IROM1 (Exec base: 0x08000000, Load base: 0x08000000, Size: 0x00006f4c, Max: 0x00040000, ABSOLUTE)

    Exec Addr    Load Addr    Size         Type   Attr      Idx    E Section Name        Object

    0x08000000   0x08000000   0x00000130   Data   RO            3    RESET               startup_stm32f103xe.o
    0x08000130   0x08000130   0x00000000   Code   RO         5995  * .ARM.Collect$$$$00000000  mc_w.l(entry.o)
    0x08000130   0x08000130   0x00000004   Code   RO         6038    .ARM.Collect$$$$00000001  mc_w.l(entry2.o)
    0x08000134   0x08000134   0x00000004   Code   RO         6041    .ARM.Collect$$$$00000004  mc_w.l(entry5.o)
    0x08000138   0x08000138   0x00000000   Code   RO         6043    .ARM.Collect$$$$00000008  mc_w.l(entry7b.o)
    0x08000138   0x08000138   0x00000000   Code   RO         6045    .ARM.Collect$$$$0000000A  mc_w.l(entry8b.o)
    0x08000138   0x08000138   0x00000008   Code   RO         6046    .ARM.Collect$$$$0000000B  mc_w.l(entry9a.o)
    0x08000140   0x08000140   0x00000004   Code   RO         6053    .ARM.Collect$$$$0000000E  mc_w.l(entry12b.o)
    0x08000144   0x08000144   0x00000000   Code   RO         6048    .ARM.Collect$$$$0000000F  mc_w.l(entry10a.o)
    0x08000144   0x08000144   0x00000000   Code   RO         6050    .ARM.Collect$$$$00000011  mc_w.l(entry11a.o)
    0x08000144   0x08000144   0x00000004   Code   RO         6039    .ARM.Collect$$$$00002712  mc_w.l(entry2.o)
    0x08000148   0x08000148   0x00000096   Code   RO         5909    .emb_text           port.o
    0x080001de   0x080001de   0x00000002   PAD
    0x080001e0   0x080001e0   0x00000024   Code   RO            4    .text               startup_stm32f103xe.o
    0x08000204   0x08000204   0x00000020   Code   RO         5998    .text               mc_w.l(llushr.o)
    0x08000224   0x08000224   0x00000024   Code   RO         6000    .text               mc_w.l(memcpya.o)
    0x08000248   0x08000248   0x00000024   Code   RO         6004    .text               mc_w.l(memseta.o)
    0x0800026c   0x0800026c   0x0000000e   Code   RO         6006    .text               mc_w.l(strlen.o)
    0x0800027a   0x0800027a   0x0000002c   Code   RO         6057    .text               mc_w.l(uidiv.o)
    0x080002a6   0x080002a6   0x00000062   Code   RO         6059    .text               mc_w.l(uldiv.o)
    0x08000308   0x08000308   0x00000000   Code   RO         6061    .text               mc_w.l(iusefp.o)
    0x08000308   0x08000308   0x0000014e   Code   RO         6062    .text               mf_w.l(dadd.o)
    0x08000456   0x08000456   0x000000e4   Code   RO         6064    .text               mf_w.l(dmul.o)
    0x0800053a   0x0800053a   0x000000de   Code   RO         6066    .text               mf_w.l(ddiv.o)
    0x08000618   0x08000618   0x00000030   Code   RO         6068    .text               mf_w.l(dfixul.o)
    0x08000648   0x08000648   0x00000030   Code   RO         6070    .text               mf_w.l(cdrcmple.o)
    0x08000678   0x08000678   0x00000024   Code   RO         6072    .text               mc_w.l(init.o)
    0x0800069c   0x0800069c   0x0000001e   Code   RO         6075    .text               mc_w.l(llshl.o)
    0x080006ba   0x080006ba   0x00000024   Code   RO         6077    .text               mc_w.l(llsshr.o)
    0x080006de   0x080006de   0x000000ba   Code   RO         6080    .text               mf_w.l(depilogue.o)
    0x08000798   0x08000798   0x0000005c   Code   RO         1969    i.ADC_ConversionStop_Disable  stm32f1xx_hal_adc.o
    0x080007f4   0x080007f4   0x00000064   Code   RO         4464    i.App_BuzzerInit    app_buzzer.o
    0x08000858   0x08000858   0x00000014   Code   RO         4467    i.App_BuzzerShortTimerCallback  app_buzzer.o
    0x0800086c   0x0800086c   0x00000010   Code   RO         4469    i.App_BuzzerStopPwm  app_buzzer.o
    0x0800087c   0x0800087c   0x00000020   Code   RO          152    i.App_DebugLog      main.o
    0x0800089c   0x0800089c   0x0000008c   Code   RO         4546    i.App_SystemFocusLine  app_main.o
    0x08000928   0x08000928   0x00000074   Code   RO         4596    i.App_SystemInit    app_system.o
    0x0800099c   0x0800099c   0x00000028   Code   RO         4597    i.App_SystemLock    app_system.o
    0x080009c4   0x080009c4   0x00000002   Code   RO         4598    i.App_SystemMotorFaultHook  app_system.o
    0x080009c6   0x080009c6   0x00000002   PAD
    0x080009c8   0x080009c8   0x00000058   Code   RO         4599    i.App_SystemSafetyCheck  app_system.o
    0x08000a20   0x08000a20   0x00000060   Code   RO         4600    i.App_SystemSetMotorStatus  app_system.o
    0x08000a80   0x08000a80   0x00000040   Code   RO         4547    i.App_SystemStatusName  app_main.o
    0x08000ac0   0x08000ac0   0x00000100   Code   RO         4548    i.App_SystemTestTask  app_main.o
    0x08000bc0   0x08000bc0   0x0000001c   Code   RO         4601    i.App_SystemUnlock  app_system.o
    0x08000bdc   0x08000bdc   0x000000f8   Code   RO         4549    i.App_main          app_main.o
    0x08000cd4   0x08000cd4   0x00000004   Code   RO          552    i.BusFault_Handler  stm32f1xx_it.o
    0x08000cd8   0x08000cd8   0x0000004c   Code   RO         4663    i.Com_DebugPrintf   com_debug.o
    0x08000d24   0x08000d24   0x00000002   Code   RO          553    i.DMA1_Channel1_IRQHandler  stm32f1xx_it.o
    0x08000d26   0x08000d26   0x00000002   Code   RO          554    i.DebugMon_Handler  stm32f1xx_it.o
    0x08000d28   0x08000d28   0x0000000c   Code   RO          555    i.EXTI15_10_IRQHandler  stm32f1xx_it.o
    0x08000d34   0x08000d34   0x0000000a   Code   RO          556    i.EXTI4_IRQHandler  stm32f1xx_it.o
    0x08000d3e   0x08000d3e   0x0000000a   Code   RO          557    i.EXTI9_5_IRQHandler  stm32f1xx_it.o
    0x08000d48   0x08000d48   0x00000006   Code   RO          153    i.Error_Handler     main.o
    0x08000d4e   0x08000d4e   0x00000002   PAD
    0x08000d50   0x08000d50   0x00000160   Code   RO         1975    i.HAL_ADC_ConfigChannel  stm32f1xx_hal_adc.o
    0x08000eb0   0x08000eb0   0x00000160   Code   RO         1984    i.HAL_ADC_Init      stm32f1xx_hal_adc.o
    0x08001010   0x08001010   0x000000c8   Code   RO          289    i.HAL_ADC_MspInit   adc.o
    0x080010d8   0x080010d8   0x00000056   Code   RO         2631    i.HAL_DMA_Abort     stm32f1xx_hal_dma.o
    0x0800112e   0x0800112e   0x00000002   PAD
    0x08001130   0x08001130   0x000001a8   Code   RO         2632    i.HAL_DMA_Abort_IT  stm32f1xx_hal_dma.o
    0x080012d8   0x080012d8   0x00000002   Code   RO         2565    i.HAL_GPIO_EXTI_Callback  stm32f1xx_hal_gpio.o
    0x080012da   0x080012da   0x00000002   PAD
    0x080012dc   0x080012dc   0x0000001c   Code   RO         2566    i.HAL_GPIO_EXTI_IRQHandler  stm32f1xx_hal_gpio.o
    0x080012f8   0x080012f8   0x00000340   Code   RO         2567    i.HAL_GPIO_Init     stm32f1xx_hal_gpio.o
    0x08001638   0x08001638   0x0000000c   Code   RO         2571    i.HAL_GPIO_WritePin  stm32f1xx_hal_gpio.o
    0x08001644   0x08001644   0x0000000c   Code   RO         2256    i.HAL_GetTick       stm32f1xx_hal.o
    0x08001650   0x08001650   0x0000000c   Code   RO         2259    i.HAL_GetUIDw0      stm32f1xx_hal.o
    0x0800165c   0x0800165c   0x0000000c   Code   RO         2260    i.HAL_GetUIDw1      stm32f1xx_hal.o
    0x08001668   0x08001668   0x0000000c   Code   RO         2261    i.HAL_GetUIDw2      stm32f1xx_hal.o
    0x08001674   0x08001674   0x000001d0   Code   RO         3264    i.HAL_I2C_Init      stm32f1xx_hal_i2c.o
    0x08001844   0x08001844   0x000000d0   Code   RO          331    i.HAL_I2C_MspInit   i2c.o
    0x08001914   0x08001914   0x00000018   Code   RO         2262    i.HAL_IncTick       stm32f1xx_hal.o
    0x0800192c   0x0800192c   0x00000028   Code   RO         2263    i.HAL_Init          stm32f1xx_hal.o
    0x08001954   0x08001954   0x000000b4   Code   RO          676    i.HAL_InitTick      stm32f1xx_hal_timebase_tim.o
    0x08001a08   0x08001a08   0x00000054   Code   RO          652    i.HAL_MspInit       stm32f1xx_hal_msp.o
    0x08001a5c   0x08001a5c   0x00000020   Code   RO         2727    i.HAL_NVIC_EnableIRQ  stm32f1xx_hal_cortex.o
    0x08001a7c   0x08001a7c   0x0000007c   Code   RO         2733    i.HAL_NVIC_SetPriority  stm32f1xx_hal_cortex.o
    0x08001af8   0x08001af8   0x00000028   Code   RO         2734    i.HAL_NVIC_SetPriorityGrouping  stm32f1xx_hal_cortex.o
    0x08001b20   0x08001b20   0x00000130   Code   RO         2529    i.HAL_RCCEx_PeriphCLKConfig  stm32f1xx_hal_rcc_ex.o
    0x08001c50   0x08001c50   0x0000018c   Code   RO         2420    i.HAL_RCC_ClockConfig  stm32f1xx_hal_rcc.o
    0x08001ddc   0x08001ddc   0x00000044   Code   RO         2424    i.HAL_RCC_GetClockConfig  stm32f1xx_hal_rcc.o
    0x08001e20   0x08001e20   0x0000000c   Code   RO         2425    i.HAL_RCC_GetHCLKFreq  stm32f1xx_hal_rcc.o
    0x08001e2c   0x08001e2c   0x00000020   Code   RO         2427    i.HAL_RCC_GetPCLK1Freq  stm32f1xx_hal_rcc.o
    0x08001e4c   0x08001e4c   0x00000020   Code   RO         2428    i.HAL_RCC_GetPCLK2Freq  stm32f1xx_hal_rcc.o
    0x08001e6c   0x08001e6c   0x00000070   Code   RO         2429    i.HAL_RCC_GetSysClockFreq  stm32f1xx_hal_rcc.o
    0x08001edc   0x08001edc   0x00000464   Code   RO         2432    i.HAL_RCC_OscConfig  stm32f1xx_hal_rcc.o
    0x08002340   0x08002340   0x000000be   Code   RO         3741    i.HAL_SPI_Init      stm32f1xx_hal_spi.o
    0x080023fe   0x080023fe   0x00000002   PAD
    0x08002400   0x08002400   0x00000088   Code   RO          379    i.HAL_SPI_MspInit   spi.o
    0x08002488   0x08002488   0x00000002   Code   RO         1702    i.HAL_TIMEx_BreakCallback  stm32f1xx_hal_tim_ex.o
    0x0800248a   0x0800248a   0x00000002   Code   RO         1703    i.HAL_TIMEx_CommutCallback  stm32f1xx_hal_tim_ex.o
    0x0800248c   0x0800248c   0x00000074   Code   RO         1705    i.HAL_TIMEx_ConfigBreakDeadTime  stm32f1xx_hal_tim_ex.o
    0x08002500   0x08002500   0x0000009c   Code   RO         1721    i.HAL_TIMEx_MasterConfigSynchronization  stm32f1xx_hal_tim_ex.o
    0x0800259c   0x0800259c   0x00000066   Code   RO          987    i.HAL_TIM_Base_Init  stm32f1xx_hal_tim.o
    0x08002602   0x08002602   0x00000002   PAD
    0x08002604   0x08002604   0x0000007c   Code   RO          421    i.HAL_TIM_Base_MspInit  tim.o
    0x08002680   0x08002680   0x00000090   Code   RO          992    i.HAL_TIM_Base_Start_IT  stm32f1xx_hal_tim.o
    0x08002710   0x08002710   0x0000010c   Code   RO          996    i.HAL_TIM_ConfigClockSource  stm32f1xx_hal_tim.o
    0x0800281c   0x0800281c   0x000000c4   Code   RO         1008    i.HAL_TIM_Encoder_Init  stm32f1xx_hal_tim.o
    0x080028e0   0x080028e0   0x0000008c   Code   RO          423    i.HAL_TIM_Encoder_MspInit  tim.o
    0x0800296c   0x0800296c   0x00000002   Code   RO         1021    i.HAL_TIM_IC_CaptureCallback  stm32f1xx_hal_tim.o
    0x0800296e   0x0800296e   0x0000016c   Code   RO         1035    i.HAL_TIM_IRQHandler  stm32f1xx_hal_tim.o
    0x08002ada   0x08002ada   0x00000002   PAD
    0x08002adc   0x08002adc   0x000000d0   Code   RO          424    i.HAL_TIM_MspPostInit  tim.o
    0x08002bac   0x08002bac   0x00000002   Code   RO         1038    i.HAL_TIM_OC_DelayElapsedCallback  stm32f1xx_hal_tim.o
    0x08002bae   0x08002bae   0x00000104   Code   RO         1059    i.HAL_TIM_PWM_ConfigChannel  stm32f1xx_hal_tim.o
    0x08002cb2   0x08002cb2   0x00000066   Code   RO         1062    i.HAL_TIM_PWM_Init  stm32f1xx_hal_tim.o
    0x08002d18   0x08002d18   0x00000002   Code   RO         1064    i.HAL_TIM_PWM_MspInit  stm32f1xx_hal_tim.o
    0x08002d1a   0x08002d1a   0x00000002   Code   RO         1065    i.HAL_TIM_PWM_PulseFinishedCallback  stm32f1xx_hal_tim.o
    0x08002d1c   0x08002d1c   0x000000a8   Code   RO         1070    i.HAL_TIM_PWM_Stop  stm32f1xx_hal_tim.o
    0x08002dc4   0x08002dc4   0x00000018   Code   RO          154    i.HAL_TIM_PeriodElapsedCallback  main.o
    0x08002ddc   0x08002ddc   0x00000002   Code   RO         1078    i.HAL_TIM_TriggerCallback  stm32f1xx_hal_tim.o
    0x08002dde   0x08002dde   0x00000002   Code   RO         4064    i.HAL_UARTEx_RxEventCallback  stm32f1xx_hal_uart.o
    0x08002de0   0x08002de0   0x00000002   Code   RO         4078    i.HAL_UART_ErrorCallback  stm32f1xx_hal_uart.o
    0x08002de2   0x08002de2   0x00000002   PAD
    0x08002de4   0x08002de4   0x000002e4   Code   RO         4081    i.HAL_UART_IRQHandler  stm32f1xx_hal_uart.o
    0x080030c8   0x080030c8   0x00000076   Code   RO         4082    i.HAL_UART_Init     stm32f1xx_hal_uart.o
    0x0800313e   0x0800313e   0x00000002   PAD
    0x08003140   0x08003140   0x00000188   Code   RO          499    i.HAL_UART_MspInit  usart.o
    0x080032c8   0x080032c8   0x00000002   Code   RO         4088    i.HAL_UART_RxCpltCallback  stm32f1xx_hal_uart.o
    0x080032ca   0x080032ca   0x000000be   Code   RO         4090    i.HAL_UART_Transmit  stm32f1xx_hal_uart.o
    0x08003388   0x08003388   0x00000002   Code   RO         4093    i.HAL_UART_TxCpltCallback  stm32f1xx_hal_uart.o
    0x0800338a   0x0800338a   0x00000004   Code   RO          558    i.HardFault_Handler  stm32f1xx_it.o
    0x0800338e   0x0800338e   0x00000002   PAD
    0x08003390   0x08003390   0x000000e0   Code   RO          290    i.MX_ADC1_Init      adc.o
    0x08003470   0x08003470   0x0000018c   Code   RO          264    i.MX_GPIO_Init      gpio.o
    0x080035fc   0x080035fc   0x0000003c   Code   RO          332    i.MX_I2C1_Init      i2c.o
    0x08003638   0x08003638   0x0000003c   Code   RO          333    i.MX_I2C2_Init      i2c.o
    0x08003674   0x08003674   0x00000044   Code   RO          380    i.MX_SPI2_Init      spi.o
    0x080036b8   0x080036b8   0x000000dc   Code   RO          425    i.MX_TIM1_Init      tim.o
    0x08003794   0x08003794   0x000000a0   Code   RO          426    i.MX_TIM2_Init      tim.o
    0x08003834   0x08003834   0x00000080   Code   RO          427    i.MX_TIM3_Init      tim.o
    0x080038b4   0x080038b4   0x000000a4   Code   RO          428    i.MX_TIM4_Init      tim.o
    0x08003958   0x08003958   0x00000038   Code   RO          500    i.MX_UART4_Init     usart.o
    0x08003990   0x08003990   0x00000038   Code   RO          501    i.MX_USART1_UART_Init  usart.o
    0x080039c8   0x080039c8   0x00000038   Code   RO          502    i.MX_USART2_UART_Init  usart.o
    0x08003a00   0x08003a00   0x00000004   Code   RO          559    i.MemManage_Handler  stm32f1xx_it.o
    0x08003a04   0x08003a04   0x00000004   Code   RO          560    i.NMI_Handler       stm32f1xx_it.o
    0x08003a08   0x08003a08   0x00000028   Code   RO         2433    i.RCC_Delay         stm32f1xx_hal_rcc.o
    0x08003a30   0x08003a30   0x00000034   Code   RO         5910    i.SysTick_Handler   port.o
    0x08003a64   0x08003a64   0x00000082   Code   RO          155    i.SystemClock_Config  main.o
    0x08003ae6   0x08003ae6   0x00000002   Code   RO         4426    i.SystemInit        system_stm32f1xx.o
    0x08003ae8   0x08003ae8   0x00000010   Code   RO          561    i.TIM6_IRQHandler   stm32f1xx_it.o
    0x08003af8   0x08003af8   0x000000ac   Code   RO         1080    i.TIM_Base_SetConfig  stm32f1xx_hal_tim.o
    0x08003ba4   0x08003ba4   0x00000022   Code   RO         1081    i.TIM_CCxChannelCmd  stm32f1xx_hal_tim.o
    0x08003bc6   0x08003bc6   0x00000016   Code   RO         1091    i.TIM_ETR_SetConfig  stm32f1xx_hal_tim.o
    0x08003bdc   0x08003bdc   0x00000012   Code   RO         1092    i.TIM_ITRx_SetConfig  stm32f1xx_hal_tim.o
    0x08003bee   0x08003bee   0x00000002   PAD
    0x08003bf0   0x08003bf0   0x00000070   Code   RO         1093    i.TIM_OC1_SetConfig  stm32f1xx_hal_tim.o
    0x08003c60   0x08003c60   0x0000007c   Code   RO         1094    i.TIM_OC2_SetConfig  stm32f1xx_hal_tim.o
    0x08003cdc   0x08003cdc   0x00000078   Code   RO         1095    i.TIM_OC3_SetConfig  stm32f1xx_hal_tim.o
    0x08003d54   0x08003d54   0x00000054   Code   RO         1096    i.TIM_OC4_SetConfig  stm32f1xx_hal_tim.o
    0x08003da8   0x08003da8   0x00000026   Code   RO         1098    i.TIM_TI1_ConfigInputStage  stm32f1xx_hal_tim.o
    0x08003dce   0x08003dce   0x00000028   Code   RO         1100    i.TIM_TI2_ConfigInputStage  stm32f1xx_hal_tim.o
    0x08003df6   0x08003df6   0x00000002   PAD
    0x08003df8   0x08003df8   0x00000010   Code   RO          562    i.UART4_IRQHandler  stm32f1xx_it.o
    0x08003e08   0x08003e08   0x00000014   Code   RO         4095    i.UART_DMAAbortOnError  stm32f1xx_hal_uart.o
    0x08003e1c   0x08003e1c   0x0000006c   Code   RO         4105    i.UART_EndRxTransfer  stm32f1xx_hal_uart.o
    0x08003e88   0x08003e88   0x00000020   Code   RO         4106    i.UART_EndTransmit_IT  stm32f1xx_hal_uart.o
    0x08003ea8   0x08003ea8   0x000000fc   Code   RO         4108    i.UART_Receive_IT   stm32f1xx_hal_uart.o
    0x08003fa4   0x08003fa4   0x000000fc   Code   RO         4109    i.UART_SetConfig    stm32f1xx_hal_uart.o
    0x080040a0   0x080040a0   0x00000060   Code   RO         4112    i.UART_Transmit_IT  stm32f1xx_hal_uart.o
    0x08004100   0x08004100   0x0000008c   Code   RO         4113    i.UART_WaitOnFlagUntilTimeout  stm32f1xx_hal_uart.o
    0x0800418c   0x0800418c   0x00000010   Code   RO          563    i.USART2_IRQHandler  stm32f1xx_it.o
    0x0800419c   0x0800419c   0x00000004   Code   RO          564    i.UsageFault_Handler  stm32f1xx_it.o
    0x080041a0   0x080041a0   0x00000034   Code   RO         6016    i.__0vsnprintf      mc_w.l(printfa.o)
    0x080041d4   0x080041d4   0x00000010   Code   RO         2740    i.__NVIC_GetPriorityGrouping  stm32f1xx_hal_cortex.o
    0x080041e4   0x080041e4   0x00000028   Code   RO         2741    i.__NVIC_SetPriority  stm32f1xx_hal_cortex.o
    0x0800420c   0x0800420c   0x0000000e   Code   RO         6084    i.__scatterload_copy  mc_w.l(handlers.o)
    0x0800421a   0x0800421a   0x00000002   Code   RO         6085    i.__scatterload_null  mc_w.l(handlers.o)
    0x0800421c   0x0800421c   0x0000000e   Code   RO         6086    i.__scatterload_zeroinit  mc_w.l(handlers.o)
    0x0800422a   0x0800422a   0x00000002   PAD
    0x0800422c   0x0800422c   0x00000184   Code   RO         6018    i._fp_digits        mc_w.l(printfa.o)
    0x080043b0   0x080043b0   0x000006b4   Code   RO         6019    i._printf_core      mc_w.l(printfa.o)
    0x08004a64   0x08004a64   0x00000024   Code   RO         6020    i._printf_post_padding  mc_w.l(printfa.o)
    0x08004a88   0x08004a88   0x0000002e   Code   RO         6021    i._printf_pre_padding  mc_w.l(printfa.o)
    0x08004ab6   0x08004ab6   0x00000016   Code   RO         6022    i._snputc           mc_w.l(printfa.o)
    0x08004acc   0x08004acc   0x00000040   Code   RO          156    i.main              main.o
    0x08004b0c   0x08004b0c   0x000000cc   Code   RO         5265    i.prvAddCurrentTaskToDelayedList  tasks.o
    0x08004bd8   0x08004bd8   0x000000f0   Code   RO         5266    i.prvAddNewTaskToReadyList  tasks.o
    0x08004cc8   0x08004cc8   0x00000064   Code   RO         5647    i.prvCheckForValidListAndQueue  timers.o
    0x08004d2c   0x08004d2c   0x00000048   Code   RO         5267    i.prvCheckTasksWaitingTermination  tasks.o
    0x08004d74   0x08004d74   0x0000002a   Code   RO         4871    i.prvCopyDataFromQueue  queue.o
    0x08004d9e   0x08004d9e   0x0000007e   Code   RO         4872    i.prvCopyDataToQueue  queue.o
    0x08004e1c   0x08004e1c   0x00000068   Code   RO         5268    i.prvCreateIdleTasks  tasks.o
    0x08004e84   0x08004e84   0x0000005a   Code   RO         5269    i.prvCreateTask     tasks.o
    0x08004ede   0x08004ede   0x00000012   Code   RO         5270    i.prvDeleteTCB      tasks.o
    0x08004ef0   0x08004ef0   0x00000014   Code   RO         4873    i.prvGetDisinheritPriorityAfterTimeout  queue.o
    0x08004f04   0x08004f04   0x00000028   Code   RO         5648    i.prvGetNextExpireTime  timers.o
    0x08004f2c   0x08004f2c   0x0000006c   Code   RO         5830    i.prvHeapInit       heap_4.o
    0x08004f98   0x08004f98   0x00000028   Code   RO         5271    i.prvIdleTask       tasks.o
    0x08004fc0   0x08004fc0   0x0000001e   Code   RO         4874    i.prvInitialiseMutex  queue.o
    0x08004fde   0x08004fde   0x00000026   Code   RO         4875    i.prvInitialiseNewQueue  queue.o
    0x08005004   0x08005004   0x000000cc   Code   RO         5272    i.prvInitialiseNewTask  tasks.o
    0x080050d0   0x080050d0   0x00000058   Code   RO         5649    i.prvInitialiseNewTimer  timers.o
    0x08005128   0x08005128   0x00000068   Code   RO         5273    i.prvInitialiseTaskLists  tasks.o
    0x08005190   0x08005190   0x000000a0   Code   RO         5831    i.prvInsertBlockIntoFreeList  heap_4.o
    0x08005230   0x08005230   0x00000058   Code   RO         5650    i.prvInsertTimerInActiveList  timers.o
    0x08005288   0x08005288   0x0000001a   Code   RO         4876    i.prvIsQueueEmpty   queue.o
    0x080052a2   0x080052a2   0x0000001e   Code   RO         4877    i.prvIsQueueFull    queue.o
    0x080052c0   0x080052c0   0x00000044   Code   RO         5651    i.prvProcessExpiredTimer  timers.o
    0x08005304   0x08005304   0x00000154   Code   RO         5652    i.prvProcessReceivedCommands  timers.o
    0x08005458   0x08005458   0x00000074   Code   RO         5653    i.prvProcessTimerOrBlockTask  timers.o
    0x080054cc   0x080054cc   0x00000028   Code   RO         5654    i.prvReloadTimer    timers.o
    0x080054f4   0x080054f4   0x00000030   Code   RO         5274    i.prvResetNextTaskUnblockTime  tasks.o
    0x08005524   0x08005524   0x0000002c   Code   RO         5655    i.prvSampleTimeNow  timers.o
    0x08005550   0x08005550   0x00000044   Code   RO         5656    i.prvSwitchTimerLists  timers.o
    0x08005594   0x08005594   0x00000040   Code   RO         5911    i.prvTaskExitError  port.o
    0x080055d4   0x080055d4   0x0000001a   Code   RO         5657    i.prvTimerTask      timers.o
    0x080055ee   0x080055ee   0x0000007e   Code   RO         4878    i.prvUnlockQueue    queue.o
    0x0800566c   0x0800566c   0x00000200   Code   RO         5833    i.pvPortMalloc      heap_4.o
    0x0800586c   0x0800586c   0x00000014   Code   RO         5277    i.pvTaskIncrementMutexHeldCount  tasks.o
    0x08005880   0x08005880   0x00000024   Code   RO         5912    i.pxPortInitialiseStack  port.o
    0x080058a4   0x080058a4   0x00000028   Code   RO         4819    i.uxListRemove      list.o
    0x080058cc   0x080058cc   0x00000034   Code   RO          157    i.vApplicationMallocFailedHook  main.o
    0x08005900   0x08005900   0x00000070   Code   RO          158    i.vApplicationStackOverflowHook  main.o
    0x08005970   0x08005970   0x0000001a   Code   RO         4820    i.vListInitialise   list.o
    0x0800598a   0x0800598a   0x00000006   Code   RO         4821    i.vListInitialiseItem  list.o
    0x08005990   0x08005990   0x00000034   Code   RO         4822    i.vListInsert       list.o
    0x080059c4   0x080059c4   0x00000054   Code   RO         5914    i.vPortEnterCritical  port.o
    0x08005a18   0x08005a18   0x0000003c   Code   RO         5915    i.vPortExitCritical  port.o
    0x08005a54   0x08005a54   0x000000c0   Code   RO         5834    i.vPortFree         heap_4.o
    0x08005b14   0x08005b14   0x00000028   Code   RO         5916    i.vPortSetupTimerInterrupt  port.o
    0x08005b3c   0x08005b3c   0x00000060   Code   RO         4884    i.vQueueAddToRegistry  queue.o
    0x08005b9c   0x08005b9c   0x0000004a   Code   RO         4887    i.vQueueWaitForMessageRestricted  queue.o
    0x08005be6   0x08005be6   0x00000002   PAD
    0x08005be8   0x08005be8   0x0000005c   Code   RO         5287    i.vTaskDelay        tasks.o
    0x08005c44   0x08005c44   0x00000018   Code   RO         5291    i.vTaskInternalSetTimeOutState  tasks.o
    0x08005c5c   0x08005c5c   0x0000000c   Code   RO         5292    i.vTaskMissedYield  tasks.o
    0x08005c68   0x08005c68   0x00000038   Code   RO         5293    i.vTaskPlaceOnEventList  tasks.o
    0x08005ca0   0x08005ca0   0x00000068   Code   RO         5294    i.vTaskPlaceOnEventListRestricted  tasks.o
    0x08005d08   0x08005d08   0x00000120   Code   RO         5296    i.vTaskPriorityDisinheritAfterTimeout  tasks.o
    0x08005e28   0x08005e28   0x0000007c   Code   RO         5302    i.vTaskStartScheduler  tasks.o
    0x08005ea4   0x08005ea4   0x00000010   Code   RO         5304    i.vTaskSuspendAll   tasks.o
    0x08005eb4   0x08005eb4   0x000000d8   Code   RO         5305    i.vTaskSwitchContext  tasks.o
    0x08005f8c   0x08005f8c   0x000000f8   Code   RO         5918    i.xPortStartScheduler  port.o
    0x08006084   0x08006084   0x00000022   Code   RO         4889    i.xQueueCreateMutex  queue.o
    0x080060a6   0x080060a6   0x00000066   Code   RO         4890    i.xQueueGenericCreate  queue.o
    0x0800610c   0x0800610c   0x000000dc   Code   RO         4891    i.xQueueGenericReset  queue.o
    0x080061e8   0x080061e8   0x000001a8   Code   RO         4892    i.xQueueGenericSend  queue.o
    0x08006390   0x08006390   0x00000168   Code   RO         4900    i.xQueueReceive     queue.o
    0x080064f8   0x080064f8   0x00000194   Code   RO         4902    i.xQueueSemaphoreTake  queue.o
    0x0800668c   0x0800668c   0x00000090   Code   RO         5307    i.xTaskCheckForTimeOut  tasks.o
    0x0800671c   0x0800671c   0x00000038   Code   RO         5308    i.xTaskCreate       tasks.o
    0x08006754   0x08006754   0x00000020   Code   RO         5316    i.xTaskGetSchedulerState  tasks.o
    0x08006774   0x08006774   0x0000000c   Code   RO         5317    i.xTaskGetTickCount  tasks.o
    0x08006780   0x08006780   0x000001cc   Code   RO         5319    i.xTaskIncrementTick  tasks.o
    0x0800694c   0x0800694c   0x000000f8   Code   RO         5320    i.xTaskPriorityDisinherit  tasks.o
    0x08006a44   0x08006a44   0x000000f4   Code   RO         5321    i.xTaskPriorityInherit  tasks.o
    0x08006b38   0x08006b38   0x00000130   Code   RO         5322    i.xTaskRemoveFromEventList  tasks.o
    0x08006c68   0x08006c68   0x000001a0   Code   RO         5323    i.xTaskResumeAll    tasks.o
    0x08006e08   0x08006e08   0x00000036   Code   RO         5663    i.xTimerCreate      timers.o
    0x08006e3e   0x08006e3e   0x00000002   PAD
    0x08006e40   0x08006e40   0x00000054   Code   RO         5664    i.xTimerCreateTimerTask  timers.o
    0x08006e94   0x08006e94   0x00000012   Data   RO         2434    .constdata          stm32f1xx_hal_rcc.o
    0x08006ea6   0x08006ea6   0x00000018   Data   RO         4427    .constdata          system_stm32f1xx.o
    0x08006ebe   0x08006ebe   0x00000002   PAD
    0x08006ec0   0x08006ec0   0x00000069   Data   RO         4550    .conststring        app_main.o
    0x08006f29   0x08006f29   0x00000003   PAD
    0x08006f2c   0x08006f2c   0x00000020   Data   RO         6082    Region$$Table       anon$$obj.o


    Execution Region RW_IRAM1 (Exec base: 0x20000000, Load base: 0x08006f4c, Size: 0x00008960, Max: 0x0000c000, ABSOLUTE)

    Exec Addr    Load Addr    Size         Type   Attr      Idx    E Section Name        Object

    0x20000000   0x08006f4c   0x00000009   Data   RW         2270    .data               stm32f1xx_hal.o
    0x20000009   0x08006f55   0x00000003   PAD
    0x2000000c   0x08006f58   0x00000004   Data   RW         4428    .data               system_stm32f1xx.o
    0x20000010   0x08006f5c   0x00000006   Data   RW         4470    .data               app_buzzer.o
    0x20000016   0x08006f62   0x00000002   PAD
    0x20000018   0x08006f64   0x00000009   Data   RW         4603    .data               app_system.o
    0x20000021   0x08006f6d   0x00000003   PAD
    0x20000024   0x08006f70   0x00000040   Data   RW         5326    .data               tasks.o
    0x20000064   0x08006fb0   0x00000014   Data   RW         5675    .data               timers.o
    0x20000078   0x08006fc4   0x0000001c   Data   RW         5841    .data               heap_4.o
    0x20000094   0x08006fe0   0x0000000c   Data   RW         5919    .data               port.o
    0x200000a0        -       0x00000030   Zero   RW          291    .bss                adc.o
    0x200000d0        -       0x000000a8   Zero   RW          334    .bss                i2c.o
    0x20000178        -       0x00000058   Zero   RW          381    .bss                spi.o
    0x200001d0        -       0x00000120   Zero   RW          429    .bss                tim.o
    0x200002f0        -       0x000000d8   Zero   RW          503    .bss                usart.o
    0x200003c8        -       0x00000048   Zero   RW          679    .bss                stm32f1xx_hal_timebase_tim.o
    0x20000410        -       0x00000020   Zero   RW         4602    .bss                app_system.o
    0x20000430        -       0x00000040   Zero   RW         4904    .bss                queue.o
    0x20000470        -       0x000000c8   Zero   RW         5325    .bss                tasks.o
    0x20000538        -       0x00000028   Zero   RW         5674    .bss                timers.o
    0x20000560        -       0x00008000   Zero   RW         5840    .bss                heap_4.o
    0x20008560        -       0x00000400   Zero   RW            1    STACK               startup_stm32f103xe.o


==============================================================================

Image component sizes


      Code (inc. data)   RO Data    RW Data    ZI Data      Debug   Object Name

       424         30          0          0         48       1905   adc.o
       136         36          0          6          0      11337   app_buzzer.o
       708        318        105          0          0       3238   app_main.o
       370         58          0          9         32       9054   app_system.o
         0          0          0          0          0     515412   can.o
        76          6          0          0          0       1290   com_debug.o
         0          0          0          0          0      15532   event_groups.o
       396         26          0          0          0       1095   gpio.o
       972         82          0         28      32768       5799   heap_4.o
       328         42          0          0        168       2246   i2c.o
       124          0          0          0          0       2713   list.o
       420         96          0          0          0      19843   main.o
       734         64          0         12          0       9976   port.o
      2152         26          0          0         64      18265   queue.o
       204         20          0          0         88       1669   spi.o
        36          8        304          0       1024        812   startup_stm32f103xe.o
       112         38          0          9          0       6843   stm32f1xx_hal.o
       796         26          0          0          0       3168   stm32f1xx_hal_adc.o
       252         22          0          0          0      28730   stm32f1xx_hal_cortex.o
       510         10          0          0          0       1915   stm32f1xx_hal_dma.o
       874         44          0          0          0       3876   stm32f1xx_hal_gpio.o
       464         18          0          0          0       2143   stm32f1xx_hal_i2c.o
        84          8          0          0          0        914   stm32f1xx_hal_msp.o
      1816        108         18          0          0       6665   stm32f1xx_hal_rcc.o
       304         14          0          0          0       1420   stm32f1xx_hal_rcc_ex.o
       190          0          0          0          0       1163   stm32f1xx_hal_spi.o
      2378         88          0          0          0      16810   stm32f1xx_hal_tim.o
       276         22          0          0          0       3269   stm32f1xx_hal_tim_ex.o
       180         22          0          0         72       1487   stm32f1xx_hal_timebase_tim.o
      1956          8          0          0          0      11208   stm32f1xx_hal_uart.o
       104         18          0          0          0       5956   stm32f1xx_it.o
         2          0         24          4          0       1143   system_stm32f1xx.o
      3992        392          0         64        200      33471   tasks.o
      1144         82          0          0        288       5429   tim.o
      1156        108          0         20         40      13411   timers.o
       560         56          0          0        216       2974   usart.o

    ----------------------------------------------------------------------
     24260       1896        488        160      35008     772181   Object Totals
         0          0         32          0          0          0   (incl. Generated)
        30          0          5          8          0          0   (incl. Padding)

    ----------------------------------------------------------------------

      Code (inc. data)   RO Data    RW Data    ZI Data      Debug   Library Member Name

         0          0          0          0          0          0   entry.o
         0          0          0          0          0          0   entry10a.o
         0          0          0          0          0          0   entry11a.o
         4          0          0          0          0          0   entry12b.o
         8          4          0          0          0          0   entry2.o
         4          0          0          0          0          0   entry5.o
         0          0          0          0          0          0   entry7b.o
         0          0          0          0          0          0   entry8b.o
         8          4          0          0          0          0   entry9a.o
        30          0          0          0          0          0   handlers.o
        36          8          0          0          0         68   init.o
         0          0          0          0          0          0   iusefp.o
        30          0          0          0          0         68   llshl.o
        36          0          0          0          0         68   llsshr.o
        32          0          0          0          0         68   llushr.o
        36          0          0          0          0         68   memcpya.o
        36          0          0          0          0        108   memseta.o
      2260         86          0          0          0        528   printfa.o
        14          0          0          0          0         68   strlen.o
        44          0          0          0          0         80   uidiv.o
        98          0          0          0          0         92   uldiv.o
        48          0          0          0          0         68   cdrcmple.o
       334          0          0          0          0        148   dadd.o
       222          0          0          0          0        100   ddiv.o
       186          0          0          0          0        176   depilogue.o
        48          0          0          0          0         68   dfixul.o
       228          0          0          0          0         96   dmul.o

    ----------------------------------------------------------------------
      3744        102          0          0          0       1872   Library Totals
         2          0          0          0          0          0   (incl. Padding)

    ----------------------------------------------------------------------

      Code (inc. data)   RO Data    RW Data    ZI Data      Debug   Library Name

      2676        102          0          0          0       1216   mc_w.l
      1066          0          0          0          0        656   mf_w.l

    ----------------------------------------------------------------------
      3744        102          0          0          0       1872   Library Totals

    ----------------------------------------------------------------------

==============================================================================


      Code (inc. data)   RO Data    RW Data    ZI Data      Debug   

     28004       1998        488        160      35008     763025   Grand Totals
     28004       1998        488        160      35008     763025   ELF Image Totals
     28004       1998        488        160          0          0   ROM Totals

==============================================================================

    Total RO  Size (Code + RO Data)                28492 (  27.82kB)
    Total RW  Size (RW Data + ZI Data)             35168 (  34.34kB)
    Total ROM Size (Code + RO Data + RW Data)      28652 (  27.98kB)

==============================================================================

